Archive member included to satisfy reference by file (symbol)

/usr/lib/gcc/arm-none-eabi/14.2.0/../../../../arm-none-eabi/lib/thumb/v7e-m+fp/hard/libc_nano.a(libc_a-atexit.o)
                              /usr/lib/gcc/arm-none-eabi/14.2.0/../../../../arm-none-eabi/lib/thumb/v7e-m+fp/hard/crt0.o (atexit)
/usr/lib/gcc/arm-none-eabi/14.2.0/../../../../arm-none-eabi/lib/thumb/v7e-m+fp/hard/libc_nano.a(libc_a-exit.o)
                              /usr/lib/gcc/arm-none-eabi/14.2.0/../../../../arm-none-eabi/lib/thumb/v7e-m+fp/hard/crt0.o (exit)
/usr/lib/gcc/arm-none-eabi/14.2.0/../../../../arm-none-eabi/lib/thumb/v7e-m+fp/hard/libc_nano.a(libc_a-findfp.o)
                              /usr/lib/gcc/arm-none-eabi/14.2.0/../../../../arm-none-eabi/lib/thumb/v7e-m+fp/hard/libc_nano.a(libc_a-exit.o) (__stdio_exit_handler)
/usr/lib/gcc/arm-none-eabi/14.2.0/../../../../arm-none-eabi/lib/thumb/v7e-m+fp/hard/libc_nano.a(libc_a-fwalk.o)
                              /usr/lib/gcc/arm-none-eabi/14.2.0/../../../../arm-none-eabi/lib/thumb/v7e-m+fp/hard/libc_nano.a(libc_a-findfp.o) (_fwalk_sglue)
/usr/lib/gcc/arm-none-eabi/14.2.0/../../../../arm-none-eabi/lib/thumb/v7e-m+fp/hard/libc_nano.a(libc_a-stdio.o)
                              /usr/lib/gcc/arm-none-eabi/14.2.0/../../../../arm-none-eabi/lib/thumb/v7e-m+fp/hard/libc_nano.a(libc_a-findfp.o) (__sread)
/usr/lib/gcc/arm-none-eabi/14.2.0/../../../../arm-none-eabi/lib/thumb/v7e-m+fp/hard/libc_nano.a(libc_a-memset.o)
                              /usr/lib/gcc/arm-none-eabi/14.2.0/../../../../arm-none-eabi/lib/thumb/v7e-m+fp/hard/crt0.o (memset)
/usr/lib/gcc/arm-none-eabi/14.2.0/../../../../arm-none-eabi/lib/thumb/v7e-m+fp/hard/libc_nano.a(libc_a-closer.o)
                              /usr/lib/gcc/arm-none-eabi/14.2.0/../../../../arm-none-eabi/lib/thumb/v7e-m+fp/hard/libc_nano.a(libc_a-stdio.o) (_close_r)
/usr/lib/gcc/arm-none-eabi/14.2.0/../../../../arm-none-eabi/lib/thumb/v7e-m+fp/hard/libc_nano.a(libc_a-reent.o)
                              /usr/lib/gcc/arm-none-eabi/14.2.0/../../../../arm-none-eabi/lib/thumb/v7e-m+fp/hard/libc_nano.a(libc_a-closer.o) (errno)
/usr/lib/gcc/arm-none-eabi/14.2.0/../../../../arm-none-eabi/lib/thumb/v7e-m+fp/hard/libc_nano.a(libc_a-impure.o)
                              /usr/lib/gcc/arm-none-eabi/14.2.0/../../../../arm-none-eabi/lib/thumb/v7e-m+fp/hard/libc_nano.a(libc_a-reent.o) (_impure_ptr)
/usr/lib/gcc/arm-none-eabi/14.2.0/../../../../arm-none-eabi/lib/thumb/v7e-m+fp/hard/libc_nano.a(libc_a-lseekr.o)
                              /usr/lib/gcc/arm-none-eabi/14.2.0/../../../../arm-none-eabi/lib/thumb/v7e-m+fp/hard/libc_nano.a(libc_a-stdio.o) (_lseek_r)
/usr/lib/gcc/arm-none-eabi/14.2.0/../../../../arm-none-eabi/lib/thumb/v7e-m+fp/hard/libc_nano.a(libc_a-readr.o)
                              /usr/lib/gcc/arm-none-eabi/14.2.0/../../../../arm-none-eabi/lib/thumb/v7e-m+fp/hard/libc_nano.a(libc_a-stdio.o) (_read_r)
/usr/lib/gcc/arm-none-eabi/14.2.0/../../../../arm-none-eabi/lib/thumb/v7e-m+fp/hard/libc_nano.a(libc_a-writer.o)
                              /usr/lib/gcc/arm-none-eabi/14.2.0/../../../../arm-none-eabi/lib/thumb/v7e-m+fp/hard/libc_nano.a(libc_a-stdio.o) (_write_r)
/usr/lib/gcc/arm-none-eabi/14.2.0/../../../../arm-none-eabi/lib/thumb/v7e-m+fp/hard/libc_nano.a(libc_a-errno.o)
                              build/debug/Core/Src/syscalls.o (__errno)
/usr/lib/gcc/arm-none-eabi/14.2.0/../../../../arm-none-eabi/lib/thumb/v7e-m+fp/hard/libc_nano.a(libc_a-init.o)
                              /usr/lib/gcc/arm-none-eabi/14.2.0/../../../../arm-none-eabi/lib/thumb/v7e-m+fp/hard/crt0.o (__libc_init_array)
/usr/lib/gcc/arm-none-eabi/14.2.0/../../../../arm-none-eabi/lib/thumb/v7e-m+fp/hard/libc_nano.a(libc_a-fini.o)
                              /usr/lib/gcc/arm-none-eabi/14.2.0/../../../../arm-none-eabi/lib/thumb/v7e-m+fp/hard/crt0.o (__libc_fini_array)
/usr/lib/gcc/arm-none-eabi/14.2.0/../../../../arm-none-eabi/lib/thumb/v7e-m+fp/hard/libc_nano.a(libc_a-lock.o)
                              /usr/lib/gcc/arm-none-eabi/14.2.0/../../../../arm-none-eabi/lib/thumb/v7e-m+fp/hard/libc_nano.a(libc_a-findfp.o) (__retarget_lock_init_recursive)
/usr/lib/gcc/arm-none-eabi/14.2.0/../../../../arm-none-eabi/lib/thumb/v7e-m+fp/hard/libc_nano.a(libc_a-strlen.o)
                              build/debug/Core/Src/main.o (strlen)
/usr/lib/gcc/arm-none-eabi/14.2.0/../../../../arm-none-eabi/lib/thumb/v7e-m+fp/hard/libc_nano.a(libc_a-__atexit.o)
                              /usr/lib/gcc/arm-none-eabi/14.2.0/../../../../arm-none-eabi/lib/thumb/v7e-m+fp/hard/libc_nano.a(libc_a-atexit.o) (__register_exitproc)
/usr/lib/gcc/arm-none-eabi/14.2.0/../../../../arm-none-eabi/lib/thumb/v7e-m+fp/hard/libc_nano.a(libc_a-__call_atexit.o)
                              /usr/lib/gcc/arm-none-eabi/14.2.0/../../../../arm-none-eabi/lib/thumb/v7e-m+fp/hard/libc_nano.a(libc_a-__atexit.o) (__call_exitprocs)
[...]
Memory Configuration

Name             Origin             Length             Attributes
RAM              0x20000000         0x00018000         xrw
RAM2             0x10000000         0x00008000         xrw
FLASH            0x08040000         0x00080000         xr
*default*        0x00000000         0xffffffff

Linker script and memory map

LOAD /usr/lib/gcc/arm-none-eabi/14.2.0/thumb/v7e-m+fp/hard/crti.o
LOAD /usr/lib/gcc/arm-none-eabi/14.2.0/thumb/v7e-m+fp/hard/crtbegin.o
LOAD /usr/lib/gcc/arm-none-eabi/14.2.0/../../../../arm-none-eabi/lib/thumb/v7e-m+fp/hard/crt0.o
LOAD build/debug/Core/Src/button_driver.o
LOAD build/debug/Core/Src/goto_address.o
LOAD build/debug/Core/Src/main.o
LOAD build/debug/Core/Src/stm32l4xx_hal_msp.o
LOAD build/debug/Core/Src/stm32l4xx_it.o
LOAD build/debug/Core/Src/syscalls.o
LOAD build/debug/Core/Src/sysmem.o
LOAD build/debug/Core/Src/system_stm32l4xx.o
LOAD build/debug/Drivers/STM32L4xx_HAL_Driver/Src/stm32l4xx_hal.o
LOAD build/debug/Drivers/STM32L4xx_HAL_Driver/Src/stm32l4xx_hal_cortex.o
LOAD build/debug/Drivers/STM32L4xx_HAL_Driver/Src/stm32l4xx_hal_dma.o
LOAD build/debug/Drivers/STM32L4xx_HAL_Driver/Src/stm32l4xx_hal_dma_ex.o
LOAD build/debug/Drivers/STM32L4xx_HAL_Driver/Src/stm32l4xx_hal_exti.o
LOAD build/debug/Drivers/STM32L4xx_HAL_Driver/Src/stm32l4xx_hal_flash.o
LOAD build/debug/Drivers/STM32L4xx_HAL_Driver/Src/stm32l4xx_hal_flash_ex.o
LOAD build/debug/Drivers/STM32L4xx_HAL_Driver/Src/stm32l4xx_hal_flash_ramfunc.o
LOAD build/debug/Drivers/STM32L4xx_HAL_Driver/Src/stm32l4xx_hal_gpio.o
LOAD build/debug/Drivers/STM32L4xx_HAL_Driver/Src/stm32l4xx_hal_i2c.o
LOAD build/debug/Drivers/STM32L4xx_HAL_Driver/Src/stm32l4xx_hal_i2c_ex.o
LOAD build/debug/Drivers/STM32L4xx_HAL_Driver/Src/stm32l4xx_hal_pwr.o
LOAD build/debug/Drivers/STM32L4xx_HAL_Driver/Src/stm32l4xx_hal_pwr_ex.o
LOAD build/debug/Drivers/STM32L4xx_HAL_Driver/Src/stm32l4xx_hal_rcc.o
LOAD build/debug/Drivers/STM32L4xx_HAL_Driver/Src/stm32l4xx_hal_rcc_ex.o
LOAD build/debug/Drivers/STM32L4xx_HAL_Driver/Src/stm32l4xx_hal_tim.o
LOAD build/debug/Drivers/STM32L4xx_HAL_Driver/Src/stm32l4xx_hal_tim_ex.o
LOAD build/debug/Drivers/STM32L4xx_HAL_Driver/Src/stm32l4xx_hal_uart.o
LOAD build/debug/Drivers/STM32L4xx_HAL_Driver/Src/stm32l4xx_hal_uart_ex.o
LOAD build/debug/startup_stm32l476xx.o
LOAD /usr/lib/gcc/arm-none-eabi/14.2.0/../../../../arm-none-eabi/lib/thumb/v7e-m+fp/hard/libc_nano.a
LOAD /usr/lib/gcc/arm-none-eabi/14.2.0/../../../../arm-none-eabi/lib/thumb/v7e-m+fp/hard/libm.a
LOAD /usr/lib/gcc/arm-none-eabi/14.2.0/../../../../arm-none-eabi/lib/thumb/v7e-m+fp/hard/libnosys.a
START GROUP
LOAD /usr/lib/gcc/arm-none-eabi/14.2.0/thumb/v7e-m+fp/hard/libgcc.a
LOAD /usr/lib/gcc/arm-none-eabi/14.2.0/../../../../arm-none-eabi/lib/thumb/v7e-m+fp/hard/libc_nano.a
END GROUP
START GROUP
LOAD /usr/lib/gcc/arm-none-eabi/14.2.0/thumb/v7e-m+fp/hard/libgcc.a
LOAD /usr/lib/gcc/arm-none-eabi/14.2.0/../../../../arm-none-eabi/lib/thumb/v7e-m+fp/hard/libc_nano.a
END GROUP
LOAD /usr/lib/gcc/arm-none-eabi/14.2.0/thumb/v7e-m+fp/hard/crtend.o
LOAD /usr/lib/gcc/arm-none-eabi/14.2.0/thumb/v7e-m+fp/hard/crtn.o
                0x20018000                        _estack = (ORIGIN (RAM) + LENGTH (RAM))
                0x00000200                        _Min_Heap_Size = 0x200
                0x00000400                        _Min_Stack_Size = 0x400

.isr_vector     0x08040000      0x188
                0x08040000                        . = ALIGN (0x8)
 *(.isr_vector)
 .isr_vector    0x08040000      0x188 build/debug/startup_stm32l476xx.o
                0x08040000                g_pfnVectors
                0x08040188                        . = ALIGN (0x8)

.text           0x08040188     0x2310
                0x08040188                        . = ALIGN (0x8)
 *(.text)
 .text          0x08040188       0x10 /usr/lib/gcc/arm-none-eabi/14.2.0/../../../../arm-none-eabi/lib/thumb/v7e-m+fp/hard/libc_nano.a(libc_a-strlen.o)
                0x08040188                strlen
 .text          0x08040198       0x30 /usr/lib/gcc/arm-none-eabi/14.2.0/thumb/v7e-m+fp/hard/libgcc.a(_aeabi_uldivmod.o)
                0x08040198                __aeabi_uldivmod
 .text          0x080401c8        0x4 /usr/lib/gcc/arm-none-eabi/14.2.0/thumb/v7e-m+fp/hard/libgcc.a(_dvmd_tls.o)
                0x080401c8                __aeabi_ldiv0
                0x080401c8                __aeabi_idiv0
 *(.text*)
 .text.__do_global_dtors_aux
                0x080401cc       0x24 /usr/lib/gcc/arm-none-eabi/14.2.0/thumb/v7e-m+fp/hard/crtbegin.o
 .text.frame_dummy
                0x080401f0       0x1c /usr/lib/gcc/arm-none-eabi/14.2.0/thumb/v7e-m+fp/hard/crtbegin.o
 .text.button_init
                0x0804020c       0x84 build/debug/Core/Src/button_driver.o
                0x0804020c                button_init
 .text.button_read
                0x08040290       0x10 build/debug/Core/Src/button_driver.o
                0x08040290                button_read
 .text.EXTI9_5_IRQHandler
                0x080402a0       0x30 build/debug/Core/Src/button_driver.o
                0x080402a0                EXTI9_5_IRQHandler
 .text.EXTI15_10_IRQHandler
                0x080402d0       0x30 build/debug/Core/Src/button_driver.o
                0x080402d0                EXTI15_10_IRQHandler
 .text.__NVIC_SystemReset
                0x08040300       0x24 build/debug/Core/Src/goto_address.o
 .text.goto_address
                0x08040324        0x6 build/debug/Core/Src/goto_address.o
                0x08040324                goto_address
 *fill*         0x0804032a        0x2 
 .text.MX_GPIO_Init
                0x0804032c       0xa0 build/debug/Core/Src/main.o
 .text.Error_Handler
                0x080403cc        0x4 build/debug/Core/Src/main.o
                0x080403cc                Error_Handler
 .text.MX_USART2_UART_Init
                0x080403d0       0x38 build/debug/Core/Src/main.o
 .text.SystemClock_Config
                0x08040408       0x7a build/debug/Core/Src/main.o
                0x08040408                SystemClock_Config
 *fill*         0x08040482        0x2 
 .text.main     0x08040484       0x74 build/debug/Core/Src/main.o
                0x08040484                main
 .text.HAL_MspInit
                0x080404f8       0x30 build/debug/Core/Src/stm32l4xx_hal_msp.o
                0x080404f8                HAL_MspInit
 .text.HAL_UART_MspInit
                0x08040528       0x88 build/debug/Core/Src/stm32l4xx_hal_msp.o
                0x08040528                HAL_UART_MspInit
 .text.NMI_Handler
                0x080405b0        0x2 build/debug/Core/Src/stm32l4xx_it.o
                0x080405b0                NMI_Handler
 .text.HardFault_Handler
                0x080405b2        0x2 build/debug/Core/Src/stm32l4xx_it.o
                0x080405b2                HardFault_Handler
 .text.MemManage_Handler
                0x080405b4        0x2 build/debug/Core/Src/stm32l4xx_it.o
                0x080405b4                MemManage_Handler
 .text.BusFault_Handler
                0x080405b6        0x2 build/debug/Core/Src/stm32l4xx_it.o
                0x080405b6                BusFault_Handler
 .text.UsageFault_Handler
                0x080405b8        0x2 build/debug/Core/Src/stm32l4xx_it.o
                0x080405b8                UsageFault_Handler
 .text.SVC_Handler
                0x080405ba        0x2 build/debug/Core/Src/stm32l4xx_it.o
                0x080405ba                SVC_Handler
 .text.DebugMon_Handler
                0x080405bc        0x2 build/debug/Core/Src/stm32l4xx_it.o
                0x080405bc                DebugMon_Handler
 .text.PendSV_Handler
                0x080405be        0x2 build/debug/Core/Src/stm32l4xx_it.o
                0x080405be                PendSV_Handler
 .text.SysTick_Handler
                0x080405c0        0x8 build/debug/Core/Src/stm32l4xx_it.o
                0x080405c0                SysTick_Handler
 .text.SystemInit
                0x080405c8       0x1c build/debug/Core/Src/system_stm32l4xx.o
                0x080405c8                SystemInit
 .text.HAL_InitTick
                0x080405e4       0x50 build/debug/Drivers/STM32L4xx_HAL_Driver/Src/stm32l4xx_hal.o
                0x080405e4                HAL_InitTick
 .text.HAL_Init
                0x08040634       0x2c build/debug/Drivers/STM32L4xx_HAL_Driver/Src/stm32l4xx_hal.o
                0x08040634                HAL_Init
 .text.HAL_IncTick
                0x08040660       0x18 build/debug/Drivers/STM32L4xx_HAL_Driver/Src/stm32l4xx_hal.o
                0x08040660                HAL_IncTick
 .text.HAL_GetTick
                0x08040678        0xc build/debug/Drivers/STM32L4xx_HAL_Driver/Src/stm32l4xx_hal.o
                0x08040678                HAL_GetTick
 .text.__NVIC_SetPriority
                0x08040684       0x28 build/debug/Drivers/STM32L4xx_HAL_Driver/Src/stm32l4xx_hal_cortex.o
 .text.NVIC_EncodePriority
                0x080406ac       0x3e build/debug/Drivers/STM32L4xx_HAL_Driver/Src/stm32l4xx_hal_cortex.o
 *fill*         0x080406ea        0x2 
 .text.HAL_NVIC_SetPriorityGrouping
                0x080406ec       0x24 build/debug/Drivers/STM32L4xx_HAL_Driver/Src/stm32l4xx_hal_cortex.o
                0x080406ec                HAL_NVIC_SetPriorityGrouping
 .text.HAL_NVIC_SetPriority
                0x08040710       0x20 build/debug/Drivers/STM32L4xx_HAL_Driver/Src/stm32l4xx_hal_cortex.o
                0x08040710                HAL_NVIC_SetPriority
 .text.HAL_SYSTICK_Config
                0x08040730       0x28 build/debug/Drivers/STM32L4xx_HAL_Driver/Src/stm32l4xx_hal_cortex.o
                0x08040730                HAL_SYSTICK_Config
 .text.HAL_GPIO_Init
                0x08040758      0x200 build/debug/Drivers/STM32L4xx_HAL_Driver/Src/stm32l4xx_hal_gpio.o
                0x08040758                HAL_GPIO_Init
 .text.HAL_GPIO_WritePin
                0x08040958        0xa build/debug/Drivers/STM32L4xx_HAL_Driver/Src/stm32l4xx_hal_gpio.o
                0x08040958                HAL_GPIO_WritePin
 *fill*         0x08040962        0x2 
 .text.HAL_PWREx_GetVoltageRange
                0x08040964       0x10 build/debug/Drivers/STM32L4xx_HAL_Driver/Src/stm32l4xx_hal_pwr_ex.o
                0x08040964                HAL_PWREx_GetVoltageRange
 .text.HAL_PWREx_ControlVoltageScaling
                0x08040974       0x90 build/debug/Drivers/STM32L4xx_HAL_Driver/Src/stm32l4xx_hal_pwr_ex.o
                0x08040974                HAL_PWREx_ControlVoltageScaling
 .text.RCC_SetFlashLatencyFromMSIRange
                0x08040a04       0x90 build/debug/Drivers/STM32L4xx_HAL_Driver/Src/stm32l4xx_hal_rcc.o
 .text.HAL_RCC_GetSysClockFreq
                0x08040a94       0xa8 build/debug/Drivers/STM32L4xx_HAL_Driver/Src/stm32l4xx_hal_rcc.o
                0x08040a94                HAL_RCC_GetSysClockFreq
 .text.HAL_RCC_OscConfig
                0x08040b3c      0x61c build/debug/Drivers/STM32L4xx_HAL_Driver/Src/stm32l4xx_hal_rcc.o
                0x08040b3c                HAL_RCC_OscConfig
 .text.HAL_RCC_ClockConfig
                0x08041158      0x188 build/debug/Drivers/STM32L4xx_HAL_Driver/Src/stm32l4xx_hal_rcc.o
                0x08041158                HAL_RCC_ClockConfig
 .text.HAL_RCC_GetHCLKFreq
                0x080412e0        0xc build/debug/Drivers/STM32L4xx_HAL_Driver/Src/stm32l4xx_hal_rcc.o
                0x080412e0                HAL_RCC_GetHCLKFreq
 .text.HAL_RCC_GetPCLK1Freq
                0x080412ec       0x24 build/debug/Drivers/STM32L4xx_HAL_Driver/Src/stm32l4xx_hal_rcc.o
                0x080412ec                HAL_RCC_GetPCLK1Freq
 .text.HAL_RCC_GetPCLK2Freq
                0x08041310       0x24 build/debug/Drivers/STM32L4xx_HAL_Driver/Src/stm32l4xx_hal_rcc.o
                0x08041310                HAL_RCC_GetPCLK2Freq
 .text.RCCEx_PLLSAI1_Config
                0x08041334      0x170 build/debug/Drivers/STM32L4xx_HAL_Driver/Src/stm32l4xx_hal_rcc_ex.o
 .text.RCCEx_PLLSAI2_Config
                0x080414a4      0x14c build/debug/Drivers/STM32L4xx_HAL_Driver/Src/stm32l4xx_hal_rcc_ex.o
 .text.HAL_RCCEx_PeriphCLKConfig
                0x080415f0      0x454 build/debug/Drivers/STM32L4xx_HAL_Driver/Src/stm32l4xx_hal_rcc_ex.o
                0x080415f0                HAL_RCCEx_PeriphCLKConfig
 .text.UART_EndRxTransfer
                0x08041a44       0x52 build/debug/Drivers/STM32L4xx_HAL_Driver/Src/stm32l4xx_hal_uart.o
 *fill*         0x08041a96        0x2 
 .text.UART_SetConfig
                0x08041a98      0x328 build/debug/Drivers/STM32L4xx_HAL_Driver/Src/stm32l4xx_hal_uart.o
                0x08041a98                UART_SetConfig
 .text.UART_AdvFeatureConfig
                0x08041dc0       0xca build/debug/Drivers/STM32L4xx_HAL_Driver/Src/stm32l4xx_hal_uart.o
                0x08041dc0                UART_AdvFeatureConfig
 .text.UART_WaitOnFlagUntilTimeout
                0x08041e8a       0x9e build/debug/Drivers/STM32L4xx_HAL_Driver/Src/stm32l4xx_hal_uart.o
                0x08041e8a                UART_WaitOnFlagUntilTimeout
 .text.HAL_UART_Transmit
                0x08041f28       0xc8 build/debug/Drivers/STM32L4xx_HAL_Driver/Src/stm32l4xx_hal_uart.o
                0x08041f28                HAL_UART_Transmit
 .text.UART_CheckIdleState
                0x08041ff0       0xc6 build/debug/Drivers/STM32L4xx_HAL_Driver/Src/stm32l4xx_hal_uart.o
                0x08041ff0                UART_CheckIdleState
 .text.HAL_UART_Init
                0x080420b6       0x62 build/debug/Drivers/STM32L4xx_HAL_Driver/Src/stm32l4xx_hal_uart.o
                0x080420b6                HAL_UART_Init
 .text.Reset_Handler
                0x08042118       0x50 build/debug/startup_stm32l476xx.o
                0x08042118                Reset_Handler
 .text.Default_Handler
                0x08042168        0x2 build/debug/startup_stm32l476xx.o
                0x08042168                RTC_Alarm_IRQHandler
                0x08042168                EXTI2_IRQHandler
                0x08042168                TIM8_TRG_COM_IRQHandler
                0x08042168                TIM8_CC_IRQHandler
                0x08042168                TIM1_CC_IRQHandler
                0x08042168                TSC_IRQHandler
                0x08042168                TAMP_STAMP_IRQHandler
                0x08042168                EXTI3_IRQHandler
                0x08042168                LPTIM2_IRQHandler
                0x08042168                DFSDM1_FLT1_IRQHandler
                0x08042168                I2C3_ER_IRQHandler
                0x08042168                DFSDM1_FLT2_IRQHandler
                0x08042168                EXTI0_IRQHandler
                0x08042168                I2C2_EV_IRQHandler
                0x08042168                CAN1_RX0_IRQHandler
                0x08042168                FPU_IRQHandler
                0x08042168                TIM1_UP_TIM16_IRQHandler
                0x08042168                ADC1_2_IRQHandler
                0x08042168                SPI1_IRQHandler
                0x08042168                TIM6_DAC_IRQHandler
                0x08042168                TIM8_UP_IRQHandler
                0x08042168                DMA2_Channel2_IRQHandler
                0x08042168                DMA1_Channel4_IRQHandler
                0x08042168                SAI2_IRQHandler
                0x08042168                DFSDM1_FLT3_IRQHandler
                0x08042168                USART3_IRQHandler
                0x08042168                DMA1_Channel7_IRQHandler
                0x08042168                CAN1_RX1_IRQHandler
                0x08042168                LCD_IRQHandler
                0x08042168                UART5_IRQHandler
                0x08042168                ADC3_IRQHandler
                0x08042168                TIM4_IRQHandler
                0x08042168                DMA2_Channel1_IRQHandler
                0x08042168                QUADSPI_IRQHandler
                0x08042168                I2C1_EV_IRQHandler
                0x08042168                DMA1_Channel6_IRQHandler
                0x08042168                UART4_IRQHandler
                0x08042168                DMA2_Channel4_IRQHandler
                0x08042168                TIM3_IRQHandler
                0x08042168                RCC_IRQHandler
                0x08042168                DMA1_Channel1_IRQHandler
                0x08042168                Default_Handler
                0x08042168                DMA2_Channel7_IRQHandler
                0x08042168                TIM7_IRQHandler
                0x08042168                SDMMC1_IRQHandler
                0x08042168                TIM5_IRQHandler
                0x08042168                I2C3_EV_IRQHandler
                0x08042168                RTC_WKUP_IRQHandler
                0x08042168                PVD_PVM_IRQHandler
                0x08042168                SPI2_IRQHandler
                0x08042168                CAN1_TX_IRQHandler
                0x08042168                DMA2_Channel5_IRQHandler
                0x08042168                DMA1_Channel5_IRQHandler
                0x08042168                EXTI4_IRQHandler
                0x08042168                RNG_IRQHandler
                0x08042168                TIM1_TRG_COM_TIM17_IRQHandler
                0x08042168                DMA1_Channel3_IRQHandler
                0x08042168                COMP_IRQHandler
                0x08042168                WWDG_IRQHandler
                0x08042168                LPUART1_IRQHandler
                0x08042168                DMA2_Channel6_IRQHandler
                0x08042168                TIM2_IRQHandler
                0x08042168                EXTI1_IRQHandler
                0x08042168                USART2_IRQHandler
                0x08042168                DFSDM1_FLT0_IRQHandler
                0x08042168                I2C2_ER_IRQHandler
                0x08042168                DMA1_Channel2_IRQHandler
                0x08042168                TIM8_BRK_IRQHandler
                0x08042168                CAN1_SCE_IRQHandler
                0x08042168                FLASH_IRQHandler
                0x08042168                USART1_IRQHandler
                0x08042168                OTG_FS_IRQHandler
                0x08042168                SPI3_IRQHandler
                0x08042168                I2C1_ER_IRQHandler
                0x08042168                FMC_IRQHandler
                0x08042168                SWPMI1_IRQHandler
                0x08042168                LPTIM1_IRQHandler
                0x08042168                SAI1_IRQHandler
                0x08042168                DMA2_Channel3_IRQHandler
                0x08042168                TIM1_BRK_TIM15_IRQHandler
 .text.memset   0x0804216a       0x10 /usr/lib/gcc/arm-none-eabi/14.2.0/../../../../arm-none-eabi/lib/thumb/v7e-m+fp/hard/libc_nano.a(libc_a-memset.o)
                0x0804216a                memset
 *fill*         0x0804217a        0x2 
 .text.__libc_init_array
                0x0804217c       0x48 /usr/lib/gcc/arm-none-eabi/14.2.0/../../../../arm-none-eabi/lib/thumb/v7e-m+fp/hard/libc_nano.a(libc_a-init.o)
                0x0804217c                __libc_init_array
 .text.__udivmoddi4
                0x080421c4      0x2bc /usr/lib/gcc/arm-none-eabi/14.2.0/thumb/v7e-m+fp/hard/libgcc.a(_udivmoddi4.o)
                0x080421c4                __udivmoddi4
 *(.glue_7)
 .glue_7        0x08042480        0x0 linker stubs
 *(.glue_7t)
 .glue_7t       0x08042480        0x0 linker stubs
 *(.eh_frame)
 .eh_frame      0x08042480        0x0 /usr/lib/gcc/arm-none-eabi/14.2.0/thumb/v7e-m+fp/hard/crtbegin.o
 *(.init)
 .init          0x08042480        0x4 /usr/lib/gcc/arm-none-eabi/14.2.0/thumb/v7e-m+fp/hard/crti.o
                0x08042480                _init
 .init          0x08042484        0x8 /usr/lib/gcc/arm-none-eabi/14.2.0/thumb/v7e-m+fp/hard/crtn.o
 *(.fini)
 .fini          0x0804248c        0x4 /usr/lib/gcc/arm-none-eabi/14.2.0/thumb/v7e-m+fp/hard/crti.o
                0x0804248c                _fini
 .fini          0x08042490        0x8 /usr/lib/gcc/arm-none-eabi/14.2.0/thumb/v7e-m+fp/hard/crtn.o
                0x08042498                        . = ALIGN (0x8)
                0x08042498                        _etext = .

.vfp11_veneer   0x08042498        0x0
 .vfp11_veneer  0x08042498        0x0 linker stubs

.v4_bx          0x08042498        0x0
 .v4_bx         0x08042498        0x0 linker stubs

.iplt           0x08042498        0x0
 .iplt          0x08042498        0x0 /usr/lib/gcc/arm-none-eabi/14.2.0/thumb/v7e-m+fp/hard/crtbegin.o

.rodata         0x08042498       0x70
                0x08042498                        . = ALIGN (0x8)
 *(.rodata)
 *(.rodata*)
 .rodata.main.str1.4
                0x08042498       0x26 build/debug/Core/Src/main.o
 *fill*         0x080424be        0x2 
 .rodata.MSIRangeTable
                0x080424c0       0x30 build/debug/Core/Src/system_stm32l4xx.o
                0x080424c0                MSIRangeTable
 .rodata.APBPrescTable
                0x080424f0        0x8 build/debug/Core/Src/system_stm32l4xx.o
                0x080424f0                APBPrescTable
 .rodata.AHBPrescTable
                0x080424f8       0x10 build/debug/Core/Src/system_stm32l4xx.o
                0x080424f8                AHBPrescTable
                0x08042508                        . = ALIGN (0x8)

.ARM.extab      0x08042508        0x0
                0x08042508                        . = ALIGN (0x8)
 *(.ARM.extab* .gnu.linkonce.armextab.*)
                0x08042508                        . = ALIGN (0x8)

.ARM            0x08042508        0x8
                0x08042508                        . = ALIGN (0x8)
                0x08042508                        __exidx_start = .
 *(.ARM.exidx*)
 .ARM.exidx     0x08042508        0x8 /usr/lib/gcc/arm-none-eabi/14.2.0/../../../../arm-none-eabi/lib/thumb/v7e-m+fp/hard/libc_nano.a(libc_a-strlen.o)
 .ARM.exidx.text.__udivmoddi4
                0x08042510        0x0 /usr/lib/gcc/arm-none-eabi/14.2.0/thumb/v7e-m+fp/hard/libgcc.a(_udivmoddi4.o)
                                  0x8 (size before relaxing)
                0x08042510                        __exidx_end = .
                0x08042510                        . = ALIGN (0x8)

.rel.dyn        0x08042510        0x0
 .rel.iplt      0x08042510        0x0 /usr/lib/gcc/arm-none-eabi/14.2.0/thumb/v7e-m+fp/hard/crtbegin.o

.preinit_array  0x08042510        0x0
                0x08042510                        . = ALIGN (0x8)
                0x08042510                        PROVIDE (__preinit_array_start = .)
 *(.preinit_array*)
                0x08042510                        PROVIDE (__preinit_array_end = .)
                0x08042510                        . = ALIGN (0x8)

.init_array     0x08042510        0x8
                0x08042510                        . = ALIGN (0x8)
                0x08042510                        PROVIDE (__init_array_start = .)
 *(SORT_BY_NAME(.init_array.*))
 *(.init_array*)
 .init_array    0x08042510        0x4 /usr/lib/gcc/arm-none-eabi/14.2.0/thumb/v7e-m+fp/hard/crtbegin.o
                0x08042514                        PROVIDE (__init_array_end = .)
                0x08042518                        . = ALIGN (0x8)
 *fill*         0x08042514        0x4 

.fini_array     0x08042518        0x8
                0x08042518                        . = ALIGN (0x8)
                0x08042518                        PROVIDE (__fini_array_start = .)
 *(SORT_BY_NAME(.fini_array.*))
 *(.fini_array*)
 .fini_array    0x08042518        0x4 /usr/lib/gcc/arm-none-eabi/14.2.0/thumb/v7e-m+fp/hard/crtbegin.o
                0x0804251c                        PROVIDE (__fini_array_end = .)
                0x08042520                        . = ALIGN (0x8)
 *fill*         0x0804251c        0x4 
                0x08042520                        _sidata = LOADADDR (.data)

.data           0x20000000       0x10 load address 0x08042520
                0x20000000                        . = ALIGN (0x8)
                0x20000000                        _sdata = .
 *(.data)
 *(.data*)
 .data.SystemCoreClock
                0x20000000        0x4 build/debug/Core/Src/system_stm32l4xx.o
                0x20000000                SystemCoreClock
 .data.uwTickFreq
                0x20000004        0x1 build/debug/Drivers/STM32L4xx_HAL_Driver/Src/stm32l4xx_hal.o
                0x20000004                uwTickFreq
 *fill*         0x20000005        0x3 
 .data.uwTickPrio
                0x20000008        0x4 build/debug/Drivers/STM32L4xx_HAL_Driver/Src/stm32l4xx_hal.o
                0x20000008                uwTickPrio
                0x20000010                        . = ALIGN (0x8)
 *fill*         0x2000000c        0x4 
                0x20000010                        _edata = .

.igot.plt       0x20000010        0x0 load address 0x08042530
 .igot.plt      0x20000010        0x0 /usr/lib/gcc/arm-none-eabi/14.2.0/thumb/v7e-m+fp/hard/crtbegin.o
                0x20000010                        . = ALIGN (0x4)

.bss            0x20000010       0xa8 load address 0x08042530
                0x20000010                        _sbss = .
                0x20000010                        __bss_start__ = _sbss
 *(.bss)
 *(.bss*)
 .bss.completed.1
                0x20000010        0x1 /usr/lib/gcc/arm-none-eabi/14.2.0/thumb/v7e-m+fp/hard/crtbegin.o
 *fill*         0x20000011        0x3 
 .bss.object.0  0x20000014       0x18 /usr/lib/gcc/arm-none-eabi/14.2.0/thumb/v7e-m+fp/hard/crtbegin.o
 .bss.huart2    0x2000002c       0x88 build/debug/Core/Src/main.o
                0x2000002c                huart2
 .bss.uwTick    0x200000b4        0x4 build/debug/Drivers/STM32L4xx_HAL_Driver/Src/stm32l4xx_hal.o
                0x200000b4                uwTick
 *(COMMON)
                0x200000b8                        . = ALIGN (0x4)
                0x200000b8                        _ebss = .
                0x200000b8                        __bss_end__ = _ebss

._user_heap_stack
                0x200000b8      0x600 load address 0x08042530
                0x200000b8                        . = ALIGN (0x8)
                [!provide]                        PROVIDE (end = .)
                0x200000b8                        PROVIDE (_end = .)
                0x200002b8                        . = (. + _Min_Heap_Size)
 *fill*         0x200000b8      0x200 
                0x200006b8                        . = (. + _Min_Stack_Size)
 *fill*         0x200002b8      0x400 
                0x200006b8                        . = ALIGN (0x8)

/DISCARD/
 libc.a(*)
 libm.a(*)
 libgcc.a(*)

.ARM.attributes
                0x00000000       0x30
 *(.ARM.attributes)
 .ARM.attributes
                0x00000000       0x22 /usr/lib/gcc/arm-none-eabi/14.2.0/thumb/v7e-m+fp/hard/crti.o
 .ARM.attributes
                0x00000022       0x34 /usr/lib/gcc/arm-none-eabi/14.2.0/thumb/v7e-m+fp/hard/crtbegin.o
 .ARM.attributes
                0x00000056       0x34 build/debug/Core/Src/button_driver.o
 .ARM.attributes
                0x0000008a       0x34 build/debug/Core/Src/goto_address.o
 .ARM.attributes
                0x000000be       0x34 build/debug/Core/Src/main.o
 .ARM.attributes
                0x000000f2       0x34 build/debug/Core/Src/stm32l4xx_hal_msp.o
 .ARM.attributes
                0x00000126       0x34 build/debug/Core/Src/stm32l4xx_it.o
 .ARM.attributes
                0x0000015a       0x34 build/debug/Core/Src/system_stm32l4xx.o
 .ARM.attributes
                0x0000018e       0x34 build/debug/Drivers/STM32L4xx_HAL_Driver/Src/stm32l4xx_hal.o
 .ARM.attributes
                0x000001c2       0x34 build/debug/Drivers/STM32L4xx_HAL_Driver/Src/stm32l4xx_hal_cortex.o
 .ARM.attributes
                0x000001f6       0x34 build/debug/Drivers/STM32L4xx_HAL_Driver/Src/stm32l4xx_hal_gpio.o
 .ARM.attributes
                0x0000022a       0x34 build/debug/Drivers/STM32L4xx_HAL_Driver/Src/stm32l4xx_hal_pwr_ex.o
 .ARM.attributes
                0x0000025e       0x34 build/debug/Drivers/STM32L4xx_HAL_Driver/Src/stm32l4xx_hal_rcc.o
 .ARM.attributes
                0x00000292       0x34 build/debug/Drivers/STM32L4xx_HAL_Driver/Src/stm32l4xx_hal_rcc_ex.o
 .ARM.attributes
                0x000002c6       0x34 build/debug/Drivers/STM32L4xx_HAL_Driver/Src/stm32l4xx_hal_uart.o
 .ARM.attributes
                0x000002fa       0x21 build/debug/startup_stm32l476xx.o
 .ARM.attributes
                0x0000031b       0x34 /usr/lib/gcc/arm-none-eabi/14.2.0/../../../../arm-none-eabi/lib/thumb/v7e-m+fp/hard/libc_nano.a(libc_a-memset.o)
 .ARM.attributes
                0x0000034f       0x34 /usr/lib/gcc/arm-none-eabi/14.2.0/../../../../arm-none-eabi/lib/thumb/v7e-m+fp/hard/libc_nano.a(libc_a-init.o)
 .ARM.attributes
                0x00000383       0x17 /usr/lib/gcc/arm-none-eabi/14.2.0/../../../../arm-none-eabi/lib/thumb/v7e-m+fp/hard/libc_nano.a(libc_a-strlen.o)
 .ARM.attributes
                0x0000039a       0x22 /usr/lib/gcc/arm-none-eabi/14.2.0/thumb/v7e-m+fp/hard/libgcc.a(_aeabi_uldivmod.o)
 .ARM.attributes
                0x000003bc       0x34 /usr/lib/gcc/arm-none-eabi/14.2.0/thumb/v7e-m+fp/hard/libgcc.a(_udivmoddi4.o)
 .ARM.attributes
                0x000003f0       0x22 /usr/lib/gcc/arm-none-eabi/14.2.0/thumb/v7e-m+fp/hard/libgcc.a(_dvmd_tls.o)
 .ARM.attributes
                0x00000412       0x22 /usr/lib/gcc/arm-none-eabi/14.2.0/thumb/v7e-m+fp/hard/crtn.o
OUTPUT(build/L476RG_Application.elf elf32-littlearm)
LOAD linker stubs
LOAD /usr/lib/gcc/arm-none-eabi/14.2.0/../../../../arm-none-eabi/lib/thumb/v7e-m+fp/hard/libc.a
LOAD /usr/lib/gcc/arm-none-eabi/14.2.0/../../../../arm-none-eabi/lib/thumb/v7e-m+fp/hard/libm.a
LOAD /usr/lib/gcc/arm-none-eabi/14.2.0/thumb/v7e-m+fp/hard/libgcc.a

.debug_info     0x00000000     0xdb64
 .debug_info    0x00000000      0xb18 build/debug/Core/Src/button_driver.o
 .debug_info    0x00000b18      0x2b8 build/debug/Core/Src/goto_address.o
 .debug_info    0x00000dd0      0xf6b build/debug/Core/Src/main.o
 .debug_info    0x00001d3b      0xda6 build/debug/Core/Src/stm32l4xx_hal_msp.o
 .debug_info    0x00002ae1      0x11d build/debug/Core/Src/stm32l4xx_it.o
 .debug_info    0x00002bfe      0x5cb build/debug/Core/Src/system_stm32l4xx.o
 .debug_info    0x000031c9      0xcc4 build/debug/Drivers/STM32L4xx_HAL_Driver/Src/stm32l4xx_hal.o
 .debug_info    0x00003e8d      0xfea build/debug/Drivers/STM32L4xx_HAL_Driver/Src/stm32l4xx_hal_cortex.o
 .debug_info    0x00004e77      0x789 build/debug/Drivers/STM32L4xx_HAL_Driver/Src/stm32l4xx_hal_gpio.o
 .debug_info    0x00005600      0xa4c build/debug/Drivers/STM32L4xx_HAL_Driver/Src/stm32l4xx_hal_pwr_ex.o
 .debug_info    0x0000604c      0xe85 build/debug/Drivers/STM32L4xx_HAL_Driver/Src/stm32l4xx_hal_rcc.o
 .debug_info    0x00006ed1     0x11eb build/debug/Drivers/STM32L4xx_HAL_Driver/Src/stm32l4xx_hal_rcc_ex.o
 .debug_info    0x000080bc     0x50f9 build/debug/Drivers/STM32L4xx_HAL_Driver/Src/stm32l4xx_hal_uart.o
 .debug_info    0x0000d1b5       0x30 build/debug/startup_stm32l476xx.o
 .debug_info    0x0000d1e5       0xe0 /usr/lib/gcc/arm-none-eabi/14.2.0/../../../../arm-none-eabi/lib/thumb/v7e-m+fp/hard/libc_nano.a(libc_a-memset.o)
 .debug_info    0x0000d2c5      0x10b /usr/lib/gcc/arm-none-eabi/14.2.0/../../../../arm-none-eabi/lib/thumb/v7e-m+fp/hard/libc_nano.a(libc_a-init.o)
 .debug_info    0x0000d3d0       0x31 /usr/lib/gcc/arm-none-eabi/14.2.0/../../../../arm-none-eabi/lib/thumb/v7e-m+fp/hard/libc_nano.a(libc_a-strlen.o)
 .debug_info    0x0000d401       0x24 /usr/lib/gcc/arm-none-eabi/14.2.0/thumb/v7e-m+fp/hard/libgcc.a(_aeabi_uldivmod.o)
 .debug_info    0x0000d425      0x703 /usr/lib/gcc/arm-none-eabi/14.2.0/thumb/v7e-m+fp/hard/libgcc.a(_udivmoddi4.o)
 .debug_info    0x0000db28       0x3c /usr/lib/gcc/arm-none-eabi/14.2.0/thumb/v7e-m+fp/hard/libgcc.a(_dvmd_tls.o)

.debug_abbrev   0x00000000     0x1ed6
 .debug_abbrev  0x00000000      0x1f0 build/debug/Core/Src/button_driver.o
 .debug_abbrev  0x000001f0      0x11a build/debug/Core/Src/goto_address.o
 .debug_abbrev  0x0000030a      0x28d build/debug/Core/Src/main.o
 .debug_abbrev  0x00000597      0x1f1 build/debug/Core/Src/stm32l4xx_hal_msp.o
 .debug_abbrev  0x00000788       0x7c build/debug/Core/Src/stm32l4xx_it.o
 .debug_abbrev  0x00000804      0x11e build/debug/Core/Src/system_stm32l4xx.o
 .debug_abbrev  0x00000922      0x268 build/debug/Drivers/STM32L4xx_HAL_Driver/Src/stm32l4xx_hal.o
 .debug_abbrev  0x00000b8a      0x390 build/debug/Drivers/STM32L4xx_HAL_Driver/Src/stm32l4xx_hal_cortex.o
 .debug_abbrev  0x00000f1a      0x1f9 build/debug/Drivers/STM32L4xx_HAL_Driver/Src/stm32l4xx_hal_gpio.o
 .debug_abbrev  0x00001113      0x215 build/debug/Drivers/STM32L4xx_HAL_Driver/Src/stm32l4xx_hal_pwr_ex.o
 .debug_abbrev  0x00001328      0x2ab build/debug/Drivers/STM32L4xx_HAL_Driver/Src/stm32l4xx_hal_rcc.o
 .debug_abbrev  0x000015d3      0x2ab build/debug/Drivers/STM32L4xx_HAL_Driver/Src/stm32l4xx_hal_rcc_ex.o
 .debug_abbrev  0x0000187e      0x301 build/debug/Drivers/STM32L4xx_HAL_Driver/Src/stm32l4xx_hal_uart.o
 .debug_abbrev  0x00001b7f       0x24 build/debug/startup_stm32l476xx.o
 .debug_abbrev  0x00001ba3       0x9e /usr/lib/gcc/arm-none-eabi/14.2.0/../../../../arm-none-eabi/lib/thumb/v7e-m+fp/hard/libc_nano.a(libc_a-memset.o)
 .debug_abbrev  0x00001c41       0xc9 /usr/lib/gcc/arm-none-eabi/14.2.0/../../../../arm-none-eabi/lib/thumb/v7e-m+fp/hard/libc_nano.a(libc_a-init.o)
 .debug_abbrev  0x00001d0a       0x28 /usr/lib/gcc/arm-none-eabi/14.2.0/../../../../arm-none-eabi/lib/thumb/v7e-m+fp/hard/libc_nano.a(libc_a-strlen.o)
 .debug_abbrev  0x00001d32       0x14 /usr/lib/gcc/arm-none-eabi/14.2.0/thumb/v7e-m+fp/hard/libgcc.a(_aeabi_uldivmod.o)
 .debug_abbrev  0x00001d46      0x16a /usr/lib/gcc/arm-none-eabi/14.2.0/thumb/v7e-m+fp/hard/libgcc.a(_udivmoddi4.o)
 .debug_abbrev  0x00001eb0       0x26 /usr/lib/gcc/arm-none-eabi/14.2.0/thumb/v7e-m+fp/hard/libgcc.a(_dvmd_tls.o)

.debug_loclists
                0x00000000     0x6335
 .debug_loclists
                0x00000000       0x63 build/debug/Core/Src/button_driver.o
 .debug_loclists
                0x00000063       0x29 build/debug/Core/Src/goto_address.o
 .debug_loclists
                0x0000008c       0x55 build/debug/Core/Src/stm32l4xx_hal_msp.o
 .debug_loclists
                0x000000e1       0xae build/debug/Core/Src/system_stm32l4xx.o
 .debug_loclists
                0x0000018f      0x14d build/debug/Drivers/STM32L4xx_HAL_Driver/Src/stm32l4xx_hal.o
 .debug_loclists
                0x000002dc      0x54d build/debug/Drivers/STM32L4xx_HAL_Driver/Src/stm32l4xx_hal_cortex.o
 .debug_loclists
                0x00000829      0x2a1 build/debug/Drivers/STM32L4xx_HAL_Driver/Src/stm32l4xx_hal_gpio.o
 .debug_loclists
                0x00000aca      0x70d build/debug/Drivers/STM32L4xx_HAL_Driver/Src/stm32l4xx_hal_pwr_ex.o
 .debug_loclists
                0x000011d7      0x556 build/debug/Drivers/STM32L4xx_HAL_Driver/Src/stm32l4xx_hal_rcc.o
 .debug_loclists
                0x0000172d     0x1380 build/debug/Drivers/STM32L4xx_HAL_Driver/Src/stm32l4xx_hal_rcc_ex.o
 .debug_loclists
                0x00002aad     0x2e63 build/debug/Drivers/STM32L4xx_HAL_Driver/Src/stm32l4xx_hal_uart.o
 .debug_loclists
                0x00005910       0x4d /usr/lib/gcc/arm-none-eabi/14.2.0/../../../../arm-none-eabi/lib/thumb/v7e-m+fp/hard/libc_nano.a(libc_a-memset.o)
 .debug_loclists
                0x0000595d       0x54 /usr/lib/gcc/arm-none-eabi/14.2.0/../../../../arm-none-eabi/lib/thumb/v7e-m+fp/hard/libc_nano.a(libc_a-init.o)
 .debug_loclists
                0x000059b1      0x984 /usr/lib/gcc/arm-none-eabi/14.2.0/thumb/v7e-m+fp/hard/libgcc.a(_udivmoddi4.o)

.debug_aranges  0x00000000      0x990
 .debug_aranges
                0x00000000       0x38 build/debug/Core/Src/button_driver.o
 .debug_aranges
                0x00000038       0x28 build/debug/Core/Src/goto_address.o
 .debug_aranges
                0x00000060       0x40 build/debug/Core/Src/main.o
 .debug_aranges
                0x000000a0       0x30 build/debug/Core/Src/stm32l4xx_hal_msp.o
 .debug_aranges
                0x000000d0       0x60 build/debug/Core/Src/stm32l4xx_it.o
 .debug_aranges
                0x00000130       0x28 build/debug/Core/Src/system_stm32l4xx.o
 .debug_aranges
                0x00000158      0x130 build/debug/Drivers/STM32L4xx_HAL_Driver/Src/stm32l4xx_hal.o
 .debug_aranges
                0x00000288       0xf0 build/debug/Drivers/STM32L4xx_HAL_Driver/Src/stm32l4xx_hal_cortex.o
 .debug_aranges
                0x00000378       0x58 build/debug/Drivers/STM32L4xx_HAL_Driver/Src/stm32l4xx_hal_gpio.o
 .debug_aranges
                0x000003d0      0x160 build/debug/Drivers/STM32L4xx_HAL_Driver/Src/stm32l4xx_hal_pwr_ex.o
 .debug_aranges
                0x00000530       0x90 build/debug/Drivers/STM32L4xx_HAL_Driver/Src/stm32l4xx_hal_rcc.o
 .debug_aranges
                0x000005c0       0xc0 build/debug/Drivers/STM32L4xx_HAL_Driver/Src/stm32l4xx_hal_rcc_ex.o
 .debug_aranges
                0x00000680      0x228 build/debug/Drivers/STM32L4xx_HAL_Driver/Src/stm32l4xx_hal_uart.o
 .debug_aranges
                0x000008a8       0x28 build/debug/startup_stm32l476xx.o
 .debug_aranges
                0x000008d0       0x20 /usr/lib/gcc/arm-none-eabi/14.2.0/../../../../arm-none-eabi/lib/thumb/v7e-m+fp/hard/libc_nano.a(libc_a-memset.o)
 .debug_aranges
                0x000008f0       0x20 /usr/lib/gcc/arm-none-eabi/14.2.0/../../../../arm-none-eabi/lib/thumb/v7e-m+fp/hard/libc_nano.a(libc_a-init.o)
 .debug_aranges
                0x00000910       0x20 /usr/lib/gcc/arm-none-eabi/14.2.0/../../../../arm-none-eabi/lib/thumb/v7e-m+fp/hard/libc_nano.a(libc_a-strlen.o)
 .debug_aranges
                0x00000930       0x20 /usr/lib/gcc/arm-none-eabi/14.2.0/thumb/v7e-m+fp/hard/libgcc.a(_aeabi_uldivmod.o)
 .debug_aranges
                0x00000950       0x20 /usr/lib/gcc/arm-none-eabi/14.2.0/thumb/v7e-m+fp/hard/libgcc.a(_udivmoddi4.o)
 .debug_aranges
                0x00000970       0x20 /usr/lib/gcc/arm-none-eabi/14.2.0/thumb/v7e-m+fp/hard/libgcc.a(_dvmd_tls.o)

.debug_rnglists
                0x00000000      0x74a
 .debug_rnglists
                0x00000000       0x26 build/debug/Core/Src/button_driver.o
 .debug_rnglists
                0x00000026       0x19 build/debug/Core/Src/goto_address.o
 .debug_rnglists
                0x0000003f       0x2c build/debug/Core/Src/main.o
 .debug_rnglists
                0x0000006b       0x20 build/debug/Core/Src/stm32l4xx_hal_msp.o
 .debug_rnglists
                0x0000008b       0x43 build/debug/Core/Src/stm32l4xx_it.o
 .debug_rnglists
                0x000000ce       0x1a build/debug/Core/Src/system_stm32l4xx.o
 .debug_rnglists
                0x000000e8       0xdf build/debug/Drivers/STM32L4xx_HAL_Driver/Src/stm32l4xx_hal.o
 .debug_rnglists
                0x000001c7       0xaf build/debug/Drivers/STM32L4xx_HAL_Driver/Src/stm32l4xx_hal_cortex.o
 .debug_rnglists
                0x00000276       0x3f build/debug/Drivers/STM32L4xx_HAL_Driver/Src/stm32l4xx_hal_gpio.o
 .debug_rnglists
                0x000002b5      0x109 build/debug/Drivers/STM32L4xx_HAL_Driver/Src/stm32l4xx_hal_pwr_ex.o
 .debug_rnglists
                0x000003be       0x7c build/debug/Drivers/STM32L4xx_HAL_Driver/Src/stm32l4xx_hal_rcc.o
 .debug_rnglists
                0x0000043a       0xa3 build/debug/Drivers/STM32L4xx_HAL_Driver/Src/stm32l4xx_hal_rcc_ex.o
 .debug_rnglists
                0x000004dd      0x1bb build/debug/Drivers/STM32L4xx_HAL_Driver/Src/stm32l4xx_hal_uart.o
 .debug_rnglists
                0x00000698       0x19 build/debug/startup_stm32l476xx.o
 .debug_rnglists
                0x000006b1       0x13 /usr/lib/gcc/arm-none-eabi/14.2.0/../../../../arm-none-eabi/lib/thumb/v7e-m+fp/hard/libc_nano.a(libc_a-memset.o)
 .debug_rnglists
                0x000006c4       0x13 /usr/lib/gcc/arm-none-eabi/14.2.0/../../../../arm-none-eabi/lib/thumb/v7e-m+fp/hard/libc_nano.a(libc_a-init.o)
 .debug_rnglists
                0x000006d7       0x73 /usr/lib/gcc/arm-none-eabi/14.2.0/thumb/v7e-m+fp/hard/libgcc.a(_udivmoddi4.o)

.debug_line     0x00000000     0x9b09
 .debug_line    0x00000000      0x296 build/debug/Core/Src/button_driver.o
 .debug_line    0x00000296      0x137 build/debug/Core/Src/goto_address.o
 .debug_line    0x000003cd      0x482 build/debug/Core/Src/main.o
 .debug_line    0x0000084f      0x27a build/debug/Core/Src/stm32l4xx_hal_msp.o
 .debug_line    0x00000ac9      0x13d build/debug/Core/Src/stm32l4xx_it.o
 .debug_line    0x00000c06      0x23f build/debug/Core/Src/system_stm32l4xx.o
 .debug_line    0x00000e45      0x649 build/debug/Drivers/STM32L4xx_HAL_Driver/Src/stm32l4xx_hal.o
 .debug_line    0x0000148e      0x7a7 build/debug/Drivers/STM32L4xx_HAL_Driver/Src/stm32l4xx_hal_cortex.o
 .debug_line    0x00001c35      0x6a9 build/debug/Drivers/STM32L4xx_HAL_Driver/Src/stm32l4xx_hal_gpio.o
 .debug_line    0x000022de      0xa34 build/debug/Drivers/STM32L4xx_HAL_Driver/Src/stm32l4xx_hal_pwr_ex.o
 .debug_line    0x00002d12      0xf59 build/debug/Drivers/STM32L4xx_HAL_Driver/Src/stm32l4xx_hal_rcc.o
 .debug_line    0x00003c6b     0x155c build/debug/Drivers/STM32L4xx_HAL_Driver/Src/stm32l4xx_hal_rcc_ex.o
 .debug_line    0x000051c7     0x4066 build/debug/Drivers/STM32L4xx_HAL_Driver/Src/stm32l4xx_hal_uart.o
 .debug_line    0x0000922d       0x76 build/debug/startup_stm32l476xx.o
 .debug_line    0x000092a3      0x123 /usr/lib/gcc/arm-none-eabi/14.2.0/../../../../arm-none-eabi/lib/thumb/v7e-m+fp/hard/libc_nano.a(libc_a-memset.o)
 .debug_line    0x000093c6      0x115 /usr/lib/gcc/arm-none-eabi/14.2.0/../../../../arm-none-eabi/lib/thumb/v7e-m+fp/hard/libc_nano.a(libc_a-init.o)
 .debug_line    0x000094db       0x4f /usr/lib/gcc/arm-none-eabi/14.2.0/../../../../arm-none-eabi/lib/thumb/v7e-m+fp/hard/libc_nano.a(libc_a-strlen.o)
 .debug_line    0x0000952a       0x4e /usr/lib/gcc/arm-none-eabi/14.2.0/thumb/v7e-m+fp/hard/libgcc.a(_aeabi_uldivmod.o)
 .debug_line    0x00009578      0x547 /usr/lib/gcc/arm-none-eabi/14.2.0/thumb/v7e-m+fp/hard/libgcc.a(_udivmoddi4.o)
 .debug_line    0x00009abf       0x4a /usr/lib/gcc/arm-none-eabi/14.2.0/thumb/v7e-m+fp/hard/libgcc.a(_dvmd_tls.o)

.debug_str      0x00000000     0x3986
 .debug_str     0x00000000     0x3986 build/debug/Core/Src/button_driver.o
                                0x995 (size before relaxing)
 .debug_str     0x00003986      0x25c build/debug/Core/Src/goto_address.o
 .debug_str     0x00003986      0xa8a build/debug/Core/Src/main.o
 .debug_str     0x00003986      0xb0e build/debug/Core/Src/stm32l4xx_hal_msp.o
 .debug_str     0x00003986      0x246 build/debug/Core/Src/stm32l4xx_it.o
 .debug_str     0x00003986      0x3f0 build/debug/Core/Src/system_stm32l4xx.o
 .debug_str     0x00003986      0xd7b build/debug/Drivers/STM32L4xx_HAL_Driver/Src/stm32l4xx_hal.o
 .debug_str     0x00003986      0xc69 build/debug/Drivers/STM32L4xx_HAL_Driver/Src/stm32l4xx_hal_cortex.o
 .debug_str     0x00003986      0x557 build/debug/Drivers/STM32L4xx_HAL_Driver/Src/stm32l4xx_hal_gpio.o
 .debug_str     0x00003986      0x866 build/debug/Drivers/STM32L4xx_HAL_Driver/Src/stm32l4xx_hal_pwr_ex.o
 .debug_str     0x00003986      0x8b3 build/debug/Drivers/STM32L4xx_HAL_Driver/Src/stm32l4xx_hal_rcc.o
 .debug_str     0x00003986      0xad2 build/debug/Drivers/STM32L4xx_HAL_Driver/Src/stm32l4xx_hal_rcc_ex.o
 .debug_str     0x00003986     0x102b build/debug/Drivers/STM32L4xx_HAL_Driver/Src/stm32l4xx_hal_uart.o
 .debug_str     0x00003986       0x9c build/debug/startup_stm32l476xx.o
 .debug_str     0x00003986      0x1bf /usr/lib/gcc/arm-none-eabi/14.2.0/../../../../arm-none-eabi/lib/thumb/v7e-m+fp/hard/libc_nano.a(libc_a-memset.o)
 .debug_str     0x00003986      0x220 /usr/lib/gcc/arm-none-eabi/14.2.0/../../../../arm-none-eabi/lib/thumb/v7e-m+fp/hard/libc_nano.a(libc_a-init.o)
 .debug_str     0x00003986       0xba /usr/lib/gcc/arm-none-eabi/14.2.0/../../../../arm-none-eabi/lib/thumb/v7e-m+fp/hard/libc_nano.a(libc_a-strlen.o)
 .debug_str     0x00003986       0x9e /usr/lib/gcc/arm-none-eabi/14.2.0/thumb/v7e-m+fp/hard/libgcc.a(_aeabi_uldivmod.o)
 .debug_str     0x00003986      0x6b6 /usr/lib/gcc/arm-none-eabi/14.2.0/thumb/v7e-m+fp/hard/libgcc.a(_udivmoddi4.o)
 .debug_str     0x00003986       0xbe /usr/lib/gcc/arm-none-eabi/14.2.0/thumb/v7e-m+fp/hard/libgcc.a(_dvmd_tls.o)

.comment        0x00000000       0x3c
 .comment       0x00000000       0x3c build/debug/Core/Src/button_driver.o
                                 0x1f (size before relaxing)
 .comment       0x0000003c       0x1f build/debug/Core/Src/goto_address.o
 .comment       0x0000003c       0x1f build/debug/Core/Src/main.o
 .comment       0x0000003c       0x1f build/debug/Core/Src/stm32l4xx_hal_msp.o
 .comment       0x0000003c       0x1f build/debug/Core/Src/stm32l4xx_it.o
 .comment       0x0000003c       0x1f build/debug/Core/Src/system_stm32l4xx.o
 .comment       0x0000003c       0x1f build/debug/Drivers/STM32L4xx_HAL_Driver/Src/stm32l4xx_hal.o
 .comment       0x0000003c       0x1f build/debug/Drivers/STM32L4xx_HAL_Driver/Src/stm32l4xx_hal_cortex.o
 .comment       0x0000003c       0x1f build/debug/Drivers/STM32L4xx_HAL_Driver/Src/stm32l4xx_hal_gpio.o
 .comment       0x0000003c       0x1f build/debug/Drivers/STM32L4xx_HAL_Driver/Src/stm32l4xx_hal_pwr_ex.o
 .comment       0x0000003c       0x1f build/debug/Drivers/STM32L4xx_HAL_Driver/Src/stm32l4xx_hal_rcc.o
 .comment       0x0000003c       0x1f build/debug/Drivers/STM32L4xx_HAL_Driver/Src/stm32l4xx_hal_rcc_ex.o
 .comment       0x0000003c       0x1f build/debug/Drivers/STM32L4xx_HAL_Driver/Src/stm32l4xx_hal_uart.o
 .comment       0x0000003c       0x1f /usr/lib/gcc/arm-none-eabi/14.2.0/../../../../arm-none-eabi/lib/thumb/v7e-m+fp/hard/libc_nano.a(libc_a-memset.o)
 .comment       0x0000003c       0x1f /usr/lib/gcc/arm-none-eabi/14.2.0/../../../../arm-none-eabi/lib/thumb/v7e-m+fp/hard/libc_nano.a(libc_a-init.o)
 .comment       0x0000003c       0x1f /usr/lib/gcc/arm-none-eabi/14.2.0/thumb/v7e-m+fp/hard/libgcc.a(_udivmoddi4.o)

.debug_frame    0x00000000     0x14b0
 .debug_frame   0x00000000       0x60 build/debug/Core/Src/button_driver.o
 .debug_frame   0x00000060       0x38 build/debug/Core/Src/goto_address.o
 .debug_frame   0x00000098       0x90 build/debug/Core/Src/main.o
 .debug_frame   0x00000128       0x64 build/debug/Core/Src/stm32l4xx_hal_msp.o
 .debug_frame   0x0000018c       0xa8 build/debug/Core/Src/stm32l4xx_it.o
 .debug_frame   0x00000234       0x30 build/debug/Core/Src/system_stm32l4xx.o
 .debug_frame   0x00000264      0x274 build/debug/Drivers/STM32L4xx_HAL_Driver/Src/stm32l4xx_hal.o
 .debug_frame   0x000004d8      0x204 build/debug/Drivers/STM32L4xx_HAL_Driver/Src/stm32l4xx_hal_cortex.o
 .debug_frame   0x000006dc       0xd0 build/debug/Drivers/STM32L4xx_HAL_Driver/Src/stm32l4xx_hal_gpio.o
 .debug_frame   0x000007ac      0x2b8 build/debug/Drivers/STM32L4xx_HAL_Driver/Src/stm32l4xx_hal_pwr_ex.o
 .debug_frame   0x00000a64      0x19c build/debug/Drivers/STM32L4xx_HAL_Driver/Src/stm32l4xx_hal_rcc.o
 .debug_frame   0x00000c00      0x204 build/debug/Drivers/STM32L4xx_HAL_Driver/Src/stm32l4xx_hal_rcc_ex.o
 .debug_frame   0x00000e04      0x600 build/debug/Drivers/STM32L4xx_HAL_Driver/Src/stm32l4xx_hal_uart.o
 .debug_frame   0x00001404       0x20 /usr/lib/gcc/arm-none-eabi/14.2.0/../../../../arm-none-eabi/lib/thumb/v7e-m+fp/hard/libc_nano.a(libc_a-memset.o)
 .debug_frame   0x00001424       0x2c /usr/lib/gcc/arm-none-eabi/14.2.0/../../../../arm-none-eabi/lib/thumb/v7e-m+fp/hard/libc_nano.a(libc_a-init.o)
 .debug_frame   0x00001450       0x2c /usr/lib/gcc/arm-none-eabi/14.2.0/thumb/v7e-m+fp/hard/libgcc.a(_aeabi_uldivmod.o)
 .debug_frame   0x0000147c       0x34 /usr/lib/gcc/arm-none-eabi/14.2.0/thumb/v7e-m+fp/hard/libgcc.a(_udivmoddi4.o)

.debug_line_str
                0x00000000      0x1c7
 .debug_line_str
                0x00000000      0x1c7 build/debug/startup_stm32l476xx.o
                                 0x82 (size before relaxing)
 .debug_line_str
                0x000001c7       0xa7 /usr/lib/gcc/arm-none-eabi/14.2.0/../../../../arm-none-eabi/lib/thumb/v7e-m+fp/hard/libc_nano.a(libc_a-strlen.o)
 .debug_line_str
                0x000001c7       0x92 /usr/lib/gcc/arm-none-eabi/14.2.0/thumb/v7e-m+fp/hard/libgcc.a(_aeabi_uldivmod.o)
 .debug_line_str
                0x000001c7       0x96 /usr/lib/gcc/arm-none-eabi/14.2.0/thumb/v7e-m+fp/hard/libgcc.a(_dvmd_tls.o)

Cross Reference Table

Symbol                                            File
ADC1_2_IRQHandler                                 build/debug/startup_stm32l476xx.o
ADC3_IRQHandler                                   build/debug/startup_stm32l476xx.o
AHBPrescTable                                     build/debug/Core/Src/system_stm32l4xx.o
                                                  build/debug/Drivers/STM32L4xx_HAL_Driver/Src/stm32l4xx_hal_rcc.o
APBPrescTable                                     build/debug/Core/Src/system_stm32l4xx.o
                                                  build/debug/Drivers/STM32L4xx_HAL_Driver/Src/stm32l4xx_hal_rcc.o
BusFault_Handler                                  build/debug/Core/Src/stm32l4xx_it.o
CAN1_RX0_IRQHandler                               build/debug/startup_stm32l476xx.o
CAN1_RX1_IRQHandler                               build/debug/startup_stm32l476xx.o
CAN1_SCE_IRQHandler                               build/debug/startup_stm32l476xx.o
CAN1_TX_IRQHandler                                build/debug/startup_stm32l476xx.o
COMP_IRQHandler                                   build/debug/startup_stm32l476xx.o
DFSDM1_FLT0_IRQHandler                            build/debug/startup_stm32l476xx.o
DFSDM1_FLT1_IRQHandler                            build/debug/startup_stm32l476xx.o
DFSDM1_FLT2_IRQHandler                            build/debug/startup_stm32l476xx.o
DFSDM1_FLT3_IRQHandler                            build/debug/startup_stm32l476xx.o
DMA1_Channel1_IRQHandler                          build/debug/startup_stm32l476xx.o
DMA1_Channel2_IRQHandler                          build/debug/startup_stm32l476xx.o
DMA1_Channel3_IRQHandler                          build/debug/startup_stm32l476xx.o
DMA1_Channel4_IRQHandler                          build/debug/startup_stm32l476xx.o
DMA1_Channel5_IRQHandler                          build/debug/startup_stm32l476xx.o
DMA1_Channel6_IRQHandler                          build/debug/startup_stm32l476xx.o
DMA1_Channel7_IRQHandler                          build/debug/startup_stm32l476xx.o
DMA2_Channel1_IRQHandler                          build/debug/startup_stm32l476xx.o
DMA2_Channel2_IRQHandler                          build/debug/startup_stm32l476xx.o
DMA2_Channel3_IRQHandler                          build/debug/startup_stm32l476xx.o
DMA2_Channel4_IRQHandler                          build/debug/startup_stm32l476xx.o
DMA2_Channel5_IRQHandler                          build/debug/startup_stm32l476xx.o
DMA2_Channel6_IRQHandler                          build/debug/startup_stm32l476xx.o
DMA2_Channel7_IRQHandler                          build/debug/startup_stm32l476xx.o
DebugMon_Handler                                  build/debug/Core/Src/stm32l4xx_it.o
Default_Handler                                   build/debug/startup_stm32l476xx.o
EXTI0_IRQHandler                                  build/debug/startup_stm32l476xx.o
EXTI15_10_IRQHandler                              build/debug/Core/Src/button_driver.o
EXTI1_IRQHandler                                  build/debug/startup_stm32l476xx.o
EXTI2_IRQHandler                                  build/debug/startup_stm32l476xx.o
EXTI3_IRQHandler                                  build/debug/startup_stm32l476xx.o
EXTI4_IRQHandler                                  build/debug/startup_stm32l476xx.o
EXTI9_5_IRQHandler                                build/debug/Core/Src/button_driver.o
Error_Handler                                     build/debug/Core/Src/main.o
                                                  build/debug/Core/Src/stm32l4xx_hal_msp.o
FLASH_FlushCaches                                 build/debug/Drivers/STM32L4xx_HAL_Driver/Src/stm32l4xx_hal_flash_ex.o
                                                  build/debug/Drivers/STM32L4xx_HAL_Driver/Src/stm32l4xx_hal_flash.o
FLASH_IRQHandler                                  build/debug/startup_stm32l476xx.o
FLASH_PageErase                                   build/debug/Drivers/STM32L4xx_HAL_Driver/Src/stm32l4xx_hal_flash_ex.o
                                                  build/debug/Drivers/STM32L4xx_HAL_Driver/Src/stm32l4xx_hal_flash.o
FLASH_WaitForLastOperation                        build/debug/Drivers/STM32L4xx_HAL_Driver/Src/stm32l4xx_hal_flash.o
                                                  build/debug/Drivers/STM32L4xx_HAL_Driver/Src/stm32l4xx_hal_flash_ex.o
FMC_IRQHandler                                    build/debug/startup_stm32l476xx.o
FPU_IRQHandler                                    build/debug/startup_stm32l476xx.o
HAL_DBGMCU_DisableDBGSleepMode                    build/debug/Drivers/STM32L4xx_HAL_Driver/Src/stm32l4xx_hal.o
HAL_DBGMCU_DisableDBGStandbyMode                  build/debug/Drivers/STM32L4xx_HAL_Driver/Src/stm32l4xx_hal.o
HAL_DBGMCU_DisableDBGStopMode                     build/debug/Drivers/STM32L4xx_HAL_Driver/Src/stm32l4xx_hal.o
HAL_DBGMCU_EnableDBGSleepMode                     build/debug/Drivers/STM32L4xx_HAL_Driver/Src/stm32l4xx_hal.o
HAL_DBGMCU_EnableDBGStandbyMode                   build/debug/Drivers/STM32L4xx_HAL_Driver/Src/stm32l4xx_hal.o
HAL_DBGMCU_EnableDBGStopMode                      build/debug/Drivers/STM32L4xx_HAL_Driver/Src/stm32l4xx_hal.o
HAL_DMA_Abort                                     build/debug/Drivers/STM32L4xx_HAL_Driver/Src/stm32l4xx_hal_dma.o
                                                  build/debug/Drivers/STM32L4xx_HAL_Driver/Src/stm32l4xx_hal_uart.o
HAL_DMA_Abort_IT                                  build/debug/Drivers/STM32L4xx_HAL_Driver/Src/stm32l4xx_hal_dma.o
                                                  build/debug/Drivers/STM32L4xx_HAL_Driver/Src/stm32l4xx_hal_uart.o
HAL_DMA_DeInit                                    build/debug/Drivers/STM32L4xx_HAL_Driver/Src/stm32l4xx_hal_dma.o
HAL_DMA_GetError                                  build/debug/Drivers/STM32L4xx_HAL_Driver/Src/stm32l4xx_hal_dma.o
                                                  build/debug/Drivers/STM32L4xx_HAL_Driver/Src/stm32l4xx_hal_uart.o
HAL_DMA_GetState                                  build/debug/Drivers/STM32L4xx_HAL_Driver/Src/stm32l4xx_hal_dma.o
HAL_DMA_IRQHandler                                build/debug/Drivers/STM32L4xx_HAL_Driver/Src/stm32l4xx_hal_dma.o
HAL_DMA_Init                                      build/debug/Drivers/STM32L4xx_HAL_Driver/Src/stm32l4xx_hal_dma.o
HAL_DMA_PollForTransfer                           build/debug/Drivers/STM32L4xx_HAL_Driver/Src/stm32l4xx_hal_dma.o
HAL_DMA_RegisterCallback                          build/debug/Drivers/STM32L4xx_HAL_Driver/Src/stm32l4xx_hal_dma.o
HAL_DMA_Start                                     build/debug/Drivers/STM32L4xx_HAL_Driver/Src/stm32l4xx_hal_dma.o
HAL_DMA_Start_IT                                  build/debug/Drivers/STM32L4xx_HAL_Driver/Src/stm32l4xx_hal_dma.o
                                                  build/debug/Drivers/STM32L4xx_HAL_Driver/Src/stm32l4xx_hal_uart.o
HAL_DMA_UnRegisterCallback                        build/debug/Drivers/STM32L4xx_HAL_Driver/Src/stm32l4xx_hal_dma.o
HAL_DeInit                                        build/debug/Drivers/STM32L4xx_HAL_Driver/Src/stm32l4xx_hal.o
HAL_Delay                                         build/debug/Drivers/STM32L4xx_HAL_Driver/Src/stm32l4xx_hal.o
HAL_EXTI_ClearConfigLine                          build/debug/Drivers/STM32L4xx_HAL_Driver/Src/stm32l4xx_hal_exti.o
HAL_EXTI_ClearPending                             build/debug/Drivers/STM32L4xx_HAL_Driver/Src/stm32l4xx_hal_exti.o
HAL_EXTI_GenerateSWI                              build/debug/Drivers/STM32L4xx_HAL_Driver/Src/stm32l4xx_hal_exti.o
HAL_EXTI_GetConfigLine                            build/debug/Drivers/STM32L4xx_HAL_Driver/Src/stm32l4xx_hal_exti.o
HAL_EXTI_GetHandle                                build/debug/Drivers/STM32L4xx_HAL_Driver/Src/stm32l4xx_hal_exti.o
HAL_EXTI_GetPending                               build/debug/Drivers/STM32L4xx_HAL_Driver/Src/stm32l4xx_hal_exti.o
HAL_EXTI_IRQHandler                               build/debug/Drivers/STM32L4xx_HAL_Driver/Src/stm32l4xx_hal_exti.o
HAL_EXTI_RegisterCallback                         build/debug/Drivers/STM32L4xx_HAL_Driver/Src/stm32l4xx_hal_exti.o
HAL_EXTI_SetConfigLine                            build/debug/Drivers/STM32L4xx_HAL_Driver/Src/stm32l4xx_hal_exti.o
HAL_FLASHEx_DisableRunPowerDown                   build/debug/Drivers/STM32L4xx_HAL_Driver/Src/stm32l4xx_hal_flash_ramfunc.o
HAL_FLASHEx_EnableRunPowerDown                    build/debug/Drivers/STM32L4xx_HAL_Driver/Src/stm32l4xx_hal_flash_ramfunc.o
HAL_FLASHEx_Erase                                 build/debug/Drivers/STM32L4xx_HAL_Driver/Src/stm32l4xx_hal_flash_ex.o
HAL_FLASHEx_Erase_IT                              build/debug/Drivers/STM32L4xx_HAL_Driver/Src/stm32l4xx_hal_flash_ex.o
HAL_FLASHEx_OBGetConfig                           build/debug/Drivers/STM32L4xx_HAL_Driver/Src/stm32l4xx_hal_flash_ex.o
HAL_FLASHEx_OBProgram                             build/debug/Drivers/STM32L4xx_HAL_Driver/Src/stm32l4xx_hal_flash_ex.o
HAL_FLASH_EndOfOperationCallback                  build/debug/Drivers/STM32L4xx_HAL_Driver/Src/stm32l4xx_hal_flash.o
HAL_FLASH_GetError                                build/debug/Drivers/STM32L4xx_HAL_Driver/Src/stm32l4xx_hal_flash.o
HAL_FLASH_IRQHandler                              build/debug/Drivers/STM32L4xx_HAL_Driver/Src/stm32l4xx_hal_flash.o
HAL_FLASH_Lock                                    build/debug/Drivers/STM32L4xx_HAL_Driver/Src/stm32l4xx_hal_flash.o
HAL_FLASH_OB_Launch                               build/debug/Drivers/STM32L4xx_HAL_Driver/Src/stm32l4xx_hal_flash.o
HAL_FLASH_OB_Lock                                 build/debug/Drivers/STM32L4xx_HAL_Driver/Src/stm32l4xx_hal_flash.o
HAL_FLASH_OB_Unlock                               build/debug/Drivers/STM32L4xx_HAL_Driver/Src/stm32l4xx_hal_flash.o
HAL_FLASH_OperationErrorCallback                  build/debug/Drivers/STM32L4xx_HAL_Driver/Src/stm32l4xx_hal_flash.o
HAL_FLASH_Program                                 build/debug/Drivers/STM32L4xx_HAL_Driver/Src/stm32l4xx_hal_flash.o
HAL_FLASH_Program_IT                              build/debug/Drivers/STM32L4xx_HAL_Driver/Src/stm32l4xx_hal_flash.o
HAL_FLASH_Unlock                                  build/debug/Drivers/STM32L4xx_HAL_Driver/Src/stm32l4xx_hal_flash.o
HAL_GPIO_DeInit                                   build/debug/Drivers/STM32L4xx_HAL_Driver/Src/stm32l4xx_hal_gpio.o
                                                  build/debug/Core/Src/stm32l4xx_hal_msp.o
HAL_GPIO_EXTI_Callback                            build/debug/Drivers/STM32L4xx_HAL_Driver/Src/stm32l4xx_hal_gpio.o
HAL_GPIO_EXTI_IRQHandler                          build/debug/Drivers/STM32L4xx_HAL_Driver/Src/stm32l4xx_hal_gpio.o
HAL_GPIO_Init                                     build/debug/Drivers/STM32L4xx_HAL_Driver/Src/stm32l4xx_hal_gpio.o
                                                  build/debug/Drivers/STM32L4xx_HAL_Driver/Src/stm32l4xx_hal_rcc_ex.o
                                                  build/debug/Drivers/STM32L4xx_HAL_Driver/Src/stm32l4xx_hal_rcc.o
                                                  build/debug/Core/Src/stm32l4xx_hal_msp.o
                                                  build/debug/Core/Src/main.o
HAL_GPIO_LockPin                                  build/debug/Drivers/STM32L4xx_HAL_Driver/Src/stm32l4xx_hal_gpio.o
HAL_GPIO_ReadPin                                  build/debug/Drivers/STM32L4xx_HAL_Driver/Src/stm32l4xx_hal_gpio.o
HAL_GPIO_TogglePin                                build/debug/Drivers/STM32L4xx_HAL_Driver/Src/stm32l4xx_hal_gpio.o
HAL_GPIO_WritePin                                 build/debug/Drivers/STM32L4xx_HAL_Driver/Src/stm32l4xx_hal_gpio.o
                                                  build/debug/Core/Src/main.o
HAL_GetDEVID                                      build/debug/Drivers/STM32L4xx_HAL_Driver/Src/stm32l4xx_hal.o
HAL_GetHalVersion                                 build/debug/Drivers/STM32L4xx_HAL_Driver/Src/stm32l4xx_hal.o
HAL_GetREVID                                      build/debug/Drivers/STM32L4xx_HAL_Driver/Src/stm32l4xx_hal.o
HAL_GetTick                                       build/debug/Drivers/STM32L4xx_HAL_Driver/Src/stm32l4xx_hal.o
                                                  build/debug/Drivers/STM32L4xx_HAL_Driver/Src/stm32l4xx_hal_uart_ex.o
                                                  build/debug/Drivers/STM32L4xx_HAL_Driver/Src/stm32l4xx_hal_uart.o
                                                  build/debug/Drivers/STM32L4xx_HAL_Driver/Src/stm32l4xx_hal_rcc_ex.o
                                                  build/debug/Drivers/STM32L4xx_HAL_Driver/Src/stm32l4xx_hal_rcc.o
                                                  build/debug/Drivers/STM32L4xx_HAL_Driver/Src/stm32l4xx_hal_flash.o
                                                  build/debug/Drivers/STM32L4xx_HAL_Driver/Src/stm32l4xx_hal_dma.o
HAL_GetTickFreq                                   build/debug/Drivers/STM32L4xx_HAL_Driver/Src/stm32l4xx_hal.o
HAL_GetTickPrio                                   build/debug/Drivers/STM32L4xx_HAL_Driver/Src/stm32l4xx_hal.o
HAL_GetUIDw0                                      build/debug/Drivers/STM32L4xx_HAL_Driver/Src/stm32l4xx_hal.o
HAL_GetUIDw1                                      build/debug/Drivers/STM32L4xx_HAL_Driver/Src/stm32l4xx_hal.o
HAL_GetUIDw2                                      build/debug/Drivers/STM32L4xx_HAL_Driver/Src/stm32l4xx_hal.o
HAL_HalfDuplex_EnableReceiver                     build/debug/Drivers/STM32L4xx_HAL_Driver/Src/stm32l4xx_hal_uart.o
HAL_HalfDuplex_EnableTransmitter                  build/debug/Drivers/STM32L4xx_HAL_Driver/Src/stm32l4xx_hal_uart.o
HAL_HalfDuplex_Init                               build/debug/Drivers/STM32L4xx_HAL_Driver/Src/stm32l4xx_hal_uart.o
HAL_IncTick                                       build/debug/Drivers/STM32L4xx_HAL_Driver/Src/stm32l4xx_hal.o
                                                  build/debug/Core/Src/stm32l4xx_it.o
HAL_Init                                          build/debug/Drivers/STM32L4xx_HAL_Driver/Src/stm32l4xx_hal.o
                                                  build/debug/Core/Src/main.o
HAL_InitTick                                      build/debug/Drivers/STM32L4xx_HAL_Driver/Src/stm32l4xx_hal.o
                                                  build/debug/Drivers/STM32L4xx_HAL_Driver/Src/stm32l4xx_hal_rcc.o
HAL_LIN_Init                                      build/debug/Drivers/STM32L4xx_HAL_Driver/Src/stm32l4xx_hal_uart.o
HAL_LIN_SendBreak                                 build/debug/Drivers/STM32L4xx_HAL_Driver/Src/stm32l4xx_hal_uart.o
HAL_MPU_ConfigRegion                              build/debug/Drivers/STM32L4xx_HAL_Driver/Src/stm32l4xx_hal_cortex.o
HAL_MPU_Disable                                   build/debug/Drivers/STM32L4xx_HAL_Driver/Src/stm32l4xx_hal_cortex.o
HAL_MPU_DisableRegion                             build/debug/Drivers/STM32L4xx_HAL_Driver/Src/stm32l4xx_hal_cortex.o
HAL_MPU_Enable                                    build/debug/Drivers/STM32L4xx_HAL_Driver/Src/stm32l4xx_hal_cortex.o
HAL_MPU_EnableRegion                              build/debug/Drivers/STM32L4xx_HAL_Driver/Src/stm32l4xx_hal_cortex.o
HAL_MspDeInit                                     build/debug/Drivers/STM32L4xx_HAL_Driver/Src/stm32l4xx_hal.o
HAL_MspInit                                       build/debug/Core/Src/stm32l4xx_hal_msp.o
HAL_MultiProcessorEx_AddressLength_Set            build/debug/Drivers/STM32L4xx_HAL_Driver/Src/stm32l4xx_hal_uart_ex.o
HAL_MultiProcessor_DisableMuteMode                build/debug/Drivers/STM32L4xx_HAL_Driver/Src/stm32l4xx_hal_uart.o
HAL_MultiProcessor_EnableMuteMode                 build/debug/Drivers/STM32L4xx_HAL_Driver/Src/stm32l4xx_hal_uart.o
HAL_MultiProcessor_EnterMuteMode                  build/debug/Drivers/STM32L4xx_HAL_Driver/Src/stm32l4xx_hal_uart.o
HAL_MultiProcessor_Init                           build/debug/Drivers/STM32L4xx_HAL_Driver/Src/stm32l4xx_hal_uart.o
HAL_NVIC_ClearPendingIRQ                          build/debug/Drivers/STM32L4xx_HAL_Driver/Src/stm32l4xx_hal_cortex.o
HAL_NVIC_DisableIRQ                               build/debug/Drivers/STM32L4xx_HAL_Driver/Src/stm32l4xx_hal_cortex.o
HAL_NVIC_EnableIRQ                                build/debug/Drivers/STM32L4xx_HAL_Driver/Src/stm32l4xx_hal_cortex.o
HAL_NVIC_GetActive                                build/debug/Drivers/STM32L4xx_HAL_Driver/Src/stm32l4xx_hal_cortex.o
HAL_NVIC_GetPendingIRQ                            build/debug/Drivers/STM32L4xx_HAL_Driver/Src/stm32l4xx_hal_cortex.o
HAL_NVIC_GetPriority                              build/debug/Drivers/STM32L4xx_HAL_Driver/Src/stm32l4xx_hal_cortex.o
HAL_NVIC_GetPriorityGrouping                      build/debug/Drivers/STM32L4xx_HAL_Driver/Src/stm32l4xx_hal_cortex.o
HAL_NVIC_SetPendingIRQ                            build/debug/Drivers/STM32L4xx_HAL_Driver/Src/stm32l4xx_hal_cortex.o
HAL_NVIC_SetPriority                              build/debug/Drivers/STM32L4xx_HAL_Driver/Src/stm32l4xx_hal_cortex.o
                                                  build/debug/Drivers/STM32L4xx_HAL_Driver/Src/stm32l4xx_hal.o
HAL_NVIC_SetPriorityGrouping                      build/debug/Drivers/STM32L4xx_HAL_Driver/Src/stm32l4xx_hal_cortex.o
                                                  build/debug/Drivers/STM32L4xx_HAL_Driver/Src/stm32l4xx_hal.o
HAL_NVIC_SystemReset                              build/debug/Drivers/STM32L4xx_HAL_Driver/Src/stm32l4xx_hal_cortex.o
HAL_PWREx_ConfigPVM                               build/debug/Drivers/STM32L4xx_HAL_Driver/Src/stm32l4xx_hal_pwr_ex.o
HAL_PWREx_ControlVoltageScaling                   build/debug/Drivers/STM32L4xx_HAL_Driver/Src/stm32l4xx_hal_pwr_ex.o
                                                  build/debug/Core/Src/main.o
HAL_PWREx_DisableBatteryCharging                  build/debug/Drivers/STM32L4xx_HAL_Driver/Src/stm32l4xx_hal_pwr_ex.o
HAL_PWREx_DisableExtSMPS_0V95                     build/debug/Drivers/STM32L4xx_HAL_Driver/Src/stm32l4xx_hal_pwr_ex.o
HAL_PWREx_DisableGPIOPullDown                     build/debug/Drivers/STM32L4xx_HAL_Driver/Src/stm32l4xx_hal_pwr_ex.o
HAL_PWREx_DisableGPIOPullUp                       build/debug/Drivers/STM32L4xx_HAL_Driver/Src/stm32l4xx_hal_pwr_ex.o
HAL_PWREx_DisableInternalWakeUpLine               build/debug/Drivers/STM32L4xx_HAL_Driver/Src/stm32l4xx_hal_pwr_ex.o
HAL_PWREx_DisableLowPowerRunMode                  build/debug/Drivers/STM32L4xx_HAL_Driver/Src/stm32l4xx_hal_pwr_ex.o
                                                  build/debug/Drivers/STM32L4xx_HAL_Driver/Src/stm32l4xx_hal_pwr.o
HAL_PWREx_DisablePVM1                             build/debug/Drivers/STM32L4xx_HAL_Driver/Src/stm32l4xx_hal_pwr_ex.o
HAL_PWREx_DisablePVM2                             build/debug/Drivers/STM32L4xx_HAL_Driver/Src/stm32l4xx_hal_pwr_ex.o
HAL_PWREx_DisablePVM3                             build/debug/Drivers/STM32L4xx_HAL_Driver/Src/stm32l4xx_hal_pwr_ex.o
HAL_PWREx_DisablePVM4                             build/debug/Drivers/STM32L4xx_HAL_Driver/Src/stm32l4xx_hal_pwr_ex.o
HAL_PWREx_DisablePullUpPullDownConfig             build/debug/Drivers/STM32L4xx_HAL_Driver/Src/stm32l4xx_hal_pwr_ex.o
HAL_PWREx_DisableSRAM2ContentRetention            build/debug/Drivers/STM32L4xx_HAL_Driver/Src/stm32l4xx_hal_pwr_ex.o
HAL_PWREx_DisableVddIO2                           build/debug/Drivers/STM32L4xx_HAL_Driver/Src/stm32l4xx_hal_pwr_ex.o
HAL_PWREx_DisableVddUSB                           build/debug/Drivers/STM32L4xx_HAL_Driver/Src/stm32l4xx_hal_pwr_ex.o
HAL_PWREx_EnableBatteryCharging                   build/debug/Drivers/STM32L4xx_HAL_Driver/Src/stm32l4xx_hal_pwr_ex.o
HAL_PWREx_EnableExtSMPS_0V95                      build/debug/Drivers/STM32L4xx_HAL_Driver/Src/stm32l4xx_hal_pwr_ex.o
HAL_PWREx_EnableGPIOPullDown                      build/debug/Drivers/STM32L4xx_HAL_Driver/Src/stm32l4xx_hal_pwr_ex.o
HAL_PWREx_EnableGPIOPullUp                        build/debug/Drivers/STM32L4xx_HAL_Driver/Src/stm32l4xx_hal_pwr_ex.o
HAL_PWREx_EnableInternalWakeUpLine                build/debug/Drivers/STM32L4xx_HAL_Driver/Src/stm32l4xx_hal_pwr_ex.o
HAL_PWREx_EnableLowPowerRunMode                   build/debug/Drivers/STM32L4xx_HAL_Driver/Src/stm32l4xx_hal_pwr_ex.o
                                                  build/debug/Drivers/STM32L4xx_HAL_Driver/Src/stm32l4xx_hal_pwr.o
HAL_PWREx_EnablePVM1                              build/debug/Drivers/STM32L4xx_HAL_Driver/Src/stm32l4xx_hal_pwr_ex.o
HAL_PWREx_EnablePVM2                              build/debug/Drivers/STM32L4xx_HAL_Driver/Src/stm32l4xx_hal_pwr_ex.o
HAL_PWREx_EnablePVM3                              build/debug/Drivers/STM32L4xx_HAL_Driver/Src/stm32l4xx_hal_pwr_ex.o
HAL_PWREx_EnablePVM4                              build/debug/Drivers/STM32L4xx_HAL_Driver/Src/stm32l4xx_hal_pwr_ex.o
HAL_PWREx_EnablePullUpPullDownConfig              build/debug/Drivers/STM32L4xx_HAL_Driver/Src/stm32l4xx_hal_pwr_ex.o
HAL_PWREx_EnableSRAM2ContentRetention             build/debug/Drivers/STM32L4xx_HAL_Driver/Src/stm32l4xx_hal_pwr_ex.o
HAL_PWREx_EnableVddIO2                            build/debug/Drivers/STM32L4xx_HAL_Driver/Src/stm32l4xx_hal_pwr_ex.o
HAL_PWREx_EnableVddUSB                            build/debug/Drivers/STM32L4xx_HAL_Driver/Src/stm32l4xx_hal_pwr_ex.o
HAL_PWREx_EnterSHUTDOWNMode                       build/debug/Drivers/STM32L4xx_HAL_Driver/Src/stm32l4xx_hal_pwr_ex.o
HAL_PWREx_EnterSTOP0Mode                          build/debug/Drivers/STM32L4xx_HAL_Driver/Src/stm32l4xx_hal_pwr_ex.o
                                                  build/debug/Drivers/STM32L4xx_HAL_Driver/Src/stm32l4xx_hal_pwr.o
HAL_PWREx_EnterSTOP1Mode                          build/debug/Drivers/STM32L4xx_HAL_Driver/Src/stm32l4xx_hal_pwr_ex.o
                                                  build/debug/Drivers/STM32L4xx_HAL_Driver/Src/stm32l4xx_hal_pwr.o
HAL_PWREx_EnterSTOP2Mode                          build/debug/Drivers/STM32L4xx_HAL_Driver/Src/stm32l4xx_hal_pwr_ex.o
HAL_PWREx_GetVoltageRange                         build/debug/Drivers/STM32L4xx_HAL_Driver/Src/stm32l4xx_hal_pwr_ex.o
                                                  build/debug/Drivers/STM32L4xx_HAL_Driver/Src/stm32l4xx_hal_rcc.o
HAL_PWREx_PVD_PVM_IRQHandler                      build/debug/Drivers/STM32L4xx_HAL_Driver/Src/stm32l4xx_hal_pwr_ex.o
HAL_PWREx_PVM1Callback                            build/debug/Drivers/STM32L4xx_HAL_Driver/Src/stm32l4xx_hal_pwr_ex.o
HAL_PWREx_PVM2Callback                            build/debug/Drivers/STM32L4xx_HAL_Driver/Src/stm32l4xx_hal_pwr_ex.o
HAL_PWREx_PVM3Callback                            build/debug/Drivers/STM32L4xx_HAL_Driver/Src/stm32l4xx_hal_pwr_ex.o
HAL_PWREx_PVM4Callback                            build/debug/Drivers/STM32L4xx_HAL_Driver/Src/stm32l4xx_hal_pwr_ex.o
HAL_PWREx_SetSRAM2ContentRetention                build/debug/Drivers/STM32L4xx_HAL_Driver/Src/stm32l4xx_hal_pwr_ex.o
HAL_PWR_ConfigPVD                                 build/debug/Drivers/STM32L4xx_HAL_Driver/Src/stm32l4xx_hal_pwr.o
HAL_PWR_DeInit                                    build/debug/Drivers/STM32L4xx_HAL_Driver/Src/stm32l4xx_hal_pwr.o
HAL_PWR_DisableBkUpAccess                         build/debug/Drivers/STM32L4xx_HAL_Driver/Src/stm32l4xx_hal_pwr.o
                                                  build/debug/Drivers/STM32L4xx_HAL_Driver/Src/stm32l4xx_hal_rcc_ex.o
HAL_PWR_DisablePVD                                build/debug/Drivers/STM32L4xx_HAL_Driver/Src/stm32l4xx_hal_pwr.o
HAL_PWR_DisableSEVOnPend                          build/debug/Drivers/STM32L4xx_HAL_Driver/Src/stm32l4xx_hal_pwr.o
HAL_PWR_DisableSleepOnExit                        build/debug/Drivers/STM32L4xx_HAL_Driver/Src/stm32l4xx_hal_pwr.o
HAL_PWR_DisableWakeUpPin                          build/debug/Drivers/STM32L4xx_HAL_Driver/Src/stm32l4xx_hal_pwr.o
HAL_PWR_EnableBkUpAccess                          build/debug/Drivers/STM32L4xx_HAL_Driver/Src/stm32l4xx_hal_pwr.o
                                                  build/debug/Drivers/STM32L4xx_HAL_Driver/Src/stm32l4xx_hal_rcc_ex.o
HAL_PWR_EnablePVD                                 build/debug/Drivers/STM32L4xx_HAL_Driver/Src/stm32l4xx_hal_pwr.o
HAL_PWR_EnableSEVOnPend                           build/debug/Drivers/STM32L4xx_HAL_Driver/Src/stm32l4xx_hal_pwr.o
HAL_PWR_EnableSleepOnExit                         build/debug/Drivers/STM32L4xx_HAL_Driver/Src/stm32l4xx_hal_pwr.o
HAL_PWR_EnableWakeUpPin                           build/debug/Drivers/STM32L4xx_HAL_Driver/Src/stm32l4xx_hal_pwr.o
HAL_PWR_EnterSLEEPMode                            build/debug/Drivers/STM32L4xx_HAL_Driver/Src/stm32l4xx_hal_pwr.o
HAL_PWR_EnterSTANDBYMode                          build/debug/Drivers/STM32L4xx_HAL_Driver/Src/stm32l4xx_hal_pwr.o
HAL_PWR_EnterSTOPMode                             build/debug/Drivers/STM32L4xx_HAL_Driver/Src/stm32l4xx_hal_pwr.o
HAL_PWR_PVDCallback                               build/debug/Drivers/STM32L4xx_HAL_Driver/Src/stm32l4xx_hal_pwr.o
                                                  build/debug/Drivers/STM32L4xx_HAL_Driver/Src/stm32l4xx_hal_pwr_ex.o
HAL_RCCEx_DisableLSCO                             build/debug/Drivers/STM32L4xx_HAL_Driver/Src/stm32l4xx_hal_rcc_ex.o
HAL_RCCEx_DisableLSECSS                           build/debug/Drivers/STM32L4xx_HAL_Driver/Src/stm32l4xx_hal_rcc_ex.o
HAL_RCCEx_DisableMSIPLLMode                       build/debug/Drivers/STM32L4xx_HAL_Driver/Src/stm32l4xx_hal_rcc_ex.o
HAL_RCCEx_DisablePLLSAI1                          build/debug/Drivers/STM32L4xx_HAL_Driver/Src/stm32l4xx_hal_rcc_ex.o
HAL_RCCEx_DisablePLLSAI2                          build/debug/Drivers/STM32L4xx_HAL_Driver/Src/stm32l4xx_hal_rcc_ex.o
HAL_RCCEx_EnableLSCO                              build/debug/Drivers/STM32L4xx_HAL_Driver/Src/stm32l4xx_hal_rcc_ex.o
HAL_RCCEx_EnableLSECSS                            build/debug/Drivers/STM32L4xx_HAL_Driver/Src/stm32l4xx_hal_rcc_ex.o
HAL_RCCEx_EnableLSECSS_IT                         build/debug/Drivers/STM32L4xx_HAL_Driver/Src/stm32l4xx_hal_rcc_ex.o
HAL_RCCEx_EnableMSIPLLMode                        build/debug/Drivers/STM32L4xx_HAL_Driver/Src/stm32l4xx_hal_rcc_ex.o
HAL_RCCEx_EnablePLLSAI1                           build/debug/Drivers/STM32L4xx_HAL_Driver/Src/stm32l4xx_hal_rcc_ex.o
HAL_RCCEx_EnablePLLSAI2                           build/debug/Drivers/STM32L4xx_HAL_Driver/Src/stm32l4xx_hal_rcc_ex.o
HAL_RCCEx_GetPeriphCLKConfig                      build/debug/Drivers/STM32L4xx_HAL_Driver/Src/stm32l4xx_hal_rcc_ex.o
HAL_RCCEx_GetPeriphCLKFreq                        build/debug/Drivers/STM32L4xx_HAL_Driver/Src/stm32l4xx_hal_rcc_ex.o
HAL_RCCEx_LSECSS_Callback                         build/debug/Drivers/STM32L4xx_HAL_Driver/Src/stm32l4xx_hal_rcc_ex.o
HAL_RCCEx_LSECSS_IRQHandler                       build/debug/Drivers/STM32L4xx_HAL_Driver/Src/stm32l4xx_hal_rcc_ex.o
HAL_RCCEx_PeriphCLKConfig                         build/debug/Drivers/STM32L4xx_HAL_Driver/Src/stm32l4xx_hal_rcc_ex.o
                                                  build/debug/Core/Src/stm32l4xx_hal_msp.o
HAL_RCCEx_StandbyMSIRangeConfig                   build/debug/Drivers/STM32L4xx_HAL_Driver/Src/stm32l4xx_hal_rcc_ex.o
HAL_RCCEx_WakeUpStopCLKConfig                     build/debug/Drivers/STM32L4xx_HAL_Driver/Src/stm32l4xx_hal_rcc_ex.o
HAL_RCC_CSSCallback                               build/debug/Drivers/STM32L4xx_HAL_Driver/Src/stm32l4xx_hal_rcc.o
HAL_RCC_ClockConfig                               build/debug/Drivers/STM32L4xx_HAL_Driver/Src/stm32l4xx_hal_rcc.o
                                                  build/debug/Core/Src/main.o
HAL_RCC_DeInit                                    build/debug/Drivers/STM32L4xx_HAL_Driver/Src/stm32l4xx_hal_rcc.o
HAL_RCC_EnableCSS                                 build/debug/Drivers/STM32L4xx_HAL_Driver/Src/stm32l4xx_hal_rcc.o
HAL_RCC_GetClockConfig                            build/debug/Drivers/STM32L4xx_HAL_Driver/Src/stm32l4xx_hal_rcc.o
HAL_RCC_GetHCLKFreq                               build/debug/Drivers/STM32L4xx_HAL_Driver/Src/stm32l4xx_hal_rcc.o
HAL_RCC_GetOscConfig                              build/debug/Drivers/STM32L4xx_HAL_Driver/Src/stm32l4xx_hal_rcc.o
HAL_RCC_GetPCLK1Freq                              build/debug/Drivers/STM32L4xx_HAL_Driver/Src/stm32l4xx_hal_rcc.o
                                                  build/debug/Drivers/STM32L4xx_HAL_Driver/Src/stm32l4xx_hal_uart.o
                                                  build/debug/Drivers/STM32L4xx_HAL_Driver/Src/stm32l4xx_hal_rcc_ex.o
HAL_RCC_GetPCLK2Freq                              build/debug/Drivers/STM32L4xx_HAL_Driver/Src/stm32l4xx_hal_rcc.o
                                                  build/debug/Drivers/STM32L4xx_HAL_Driver/Src/stm32l4xx_hal_uart.o
                                                  build/debug/Drivers/STM32L4xx_HAL_Driver/Src/stm32l4xx_hal_rcc_ex.o
HAL_RCC_GetResetSource                            build/debug/Drivers/STM32L4xx_HAL_Driver/Src/stm32l4xx_hal_rcc.o
HAL_RCC_GetSysClockFreq                           build/debug/Drivers/STM32L4xx_HAL_Driver/Src/stm32l4xx_hal_rcc.o
                                                  build/debug/Drivers/STM32L4xx_HAL_Driver/Src/stm32l4xx_hal_uart.o
                                                  build/debug/Drivers/STM32L4xx_HAL_Driver/Src/stm32l4xx_hal_rcc_ex.o
HAL_RCC_MCOConfig                                 build/debug/Drivers/STM32L4xx_HAL_Driver/Src/stm32l4xx_hal_rcc.o
HAL_RCC_NMI_IRQHandler                            build/debug/Drivers/STM32L4xx_HAL_Driver/Src/stm32l4xx_hal_rcc.o
HAL_RCC_OscConfig                                 build/debug/Drivers/STM32L4xx_HAL_Driver/Src/stm32l4xx_hal_rcc.o
                                                  build/debug/Core/Src/main.o
HAL_RS485Ex_Init                                  build/debug/Drivers/STM32L4xx_HAL_Driver/Src/stm32l4xx_hal_uart_ex.o
HAL_ResumeTick                                    build/debug/Drivers/STM32L4xx_HAL_Driver/Src/stm32l4xx_hal.o
HAL_SYSCFG_DisableIOAnalogSwitchBooster           build/debug/Drivers/STM32L4xx_HAL_Driver/Src/stm32l4xx_hal.o
HAL_SYSCFG_DisableMemorySwappingBank              build/debug/Drivers/STM32L4xx_HAL_Driver/Src/stm32l4xx_hal.o
HAL_SYSCFG_DisableVREFBUF                         build/debug/Drivers/STM32L4xx_HAL_Driver/Src/stm32l4xx_hal.o
HAL_SYSCFG_EnableIOAnalogSwitchBooster            build/debug/Drivers/STM32L4xx_HAL_Driver/Src/stm32l4xx_hal.o
HAL_SYSCFG_EnableMemorySwappingBank               build/debug/Drivers/STM32L4xx_HAL_Driver/Src/stm32l4xx_hal.o
HAL_SYSCFG_EnableVREFBUF                          build/debug/Drivers/STM32L4xx_HAL_Driver/Src/stm32l4xx_hal.o
HAL_SYSCFG_SRAM2Erase                             build/debug/Drivers/STM32L4xx_HAL_Driver/Src/stm32l4xx_hal.o
HAL_SYSCFG_VREFBUF_HighImpedanceConfig            build/debug/Drivers/STM32L4xx_HAL_Driver/Src/stm32l4xx_hal.o
HAL_SYSCFG_VREFBUF_TrimmingConfig                 build/debug/Drivers/STM32L4xx_HAL_Driver/Src/stm32l4xx_hal.o
HAL_SYSCFG_VREFBUF_VoltageScalingConfig           build/debug/Drivers/STM32L4xx_HAL_Driver/Src/stm32l4xx_hal.o
HAL_SYSTICK_CLKSourceConfig                       build/debug/Drivers/STM32L4xx_HAL_Driver/Src/stm32l4xx_hal_cortex.o
HAL_SYSTICK_Callback                              build/debug/Drivers/STM32L4xx_HAL_Driver/Src/stm32l4xx_hal_cortex.o
HAL_SYSTICK_Config                                build/debug/Drivers/STM32L4xx_HAL_Driver/Src/stm32l4xx_hal_cortex.o
                                                  build/debug/Drivers/STM32L4xx_HAL_Driver/Src/stm32l4xx_hal.o
HAL_SYSTICK_IRQHandler                            build/debug/Drivers/STM32L4xx_HAL_Driver/Src/stm32l4xx_hal_cortex.o
HAL_SetTickFreq                                   build/debug/Drivers/STM32L4xx_HAL_Driver/Src/stm32l4xx_hal.o
HAL_SuspendTick                                   build/debug/Drivers/STM32L4xx_HAL_Driver/Src/stm32l4xx_hal.o
HAL_UARTEx_DisableClockStopMode                   build/debug/Drivers/STM32L4xx_HAL_Driver/Src/stm32l4xx_hal_uart_ex.o
HAL_UARTEx_DisableStopMode                        build/debug/Drivers/STM32L4xx_HAL_Driver/Src/stm32l4xx_hal_uart_ex.o
HAL_UARTEx_EnableClockStopMode                    build/debug/Drivers/STM32L4xx_HAL_Driver/Src/stm32l4xx_hal_uart_ex.o
HAL_UARTEx_EnableStopMode                         build/debug/Drivers/STM32L4xx_HAL_Driver/Src/stm32l4xx_hal_uart_ex.o
HAL_UARTEx_GetRxEventType                         build/debug/Drivers/STM32L4xx_HAL_Driver/Src/stm32l4xx_hal_uart_ex.o
HAL_UARTEx_ReceiveToIdle                          build/debug/Drivers/STM32L4xx_HAL_Driver/Src/stm32l4xx_hal_uart_ex.o
HAL_UARTEx_ReceiveToIdle_DMA                      build/debug/Drivers/STM32L4xx_HAL_Driver/Src/stm32l4xx_hal_uart_ex.o
HAL_UARTEx_ReceiveToIdle_IT                       build/debug/Drivers/STM32L4xx_HAL_Driver/Src/stm32l4xx_hal_uart_ex.o
HAL_UARTEx_RxEventCallback                        build/debug/Drivers/STM32L4xx_HAL_Driver/Src/stm32l4xx_hal_uart.o
HAL_UARTEx_StopModeWakeUpSourceConfig             build/debug/Drivers/STM32L4xx_HAL_Driver/Src/stm32l4xx_hal_uart_ex.o
HAL_UARTEx_WakeupCallback                         build/debug/Drivers/STM32L4xx_HAL_Driver/Src/stm32l4xx_hal_uart_ex.o
                                                  build/debug/Drivers/STM32L4xx_HAL_Driver/Src/stm32l4xx_hal_uart.o
HAL_UART_Abort                                    build/debug/Drivers/STM32L4xx_HAL_Driver/Src/stm32l4xx_hal_uart.o
HAL_UART_AbortCpltCallback                        build/debug/Drivers/STM32L4xx_HAL_Driver/Src/stm32l4xx_hal_uart.o
HAL_UART_AbortReceive                             build/debug/Drivers/STM32L4xx_HAL_Driver/Src/stm32l4xx_hal_uart.o
HAL_UART_AbortReceiveCpltCallback                 build/debug/Drivers/STM32L4xx_HAL_Driver/Src/stm32l4xx_hal_uart.o
HAL_UART_AbortReceive_IT                          build/debug/Drivers/STM32L4xx_HAL_Driver/Src/stm32l4xx_hal_uart.o
HAL_UART_AbortTransmit                            build/debug/Drivers/STM32L4xx_HAL_Driver/Src/stm32l4xx_hal_uart.o
HAL_UART_AbortTransmitCpltCallback                build/debug/Drivers/STM32L4xx_HAL_Driver/Src/stm32l4xx_hal_uart.o
HAL_UART_AbortTransmit_IT                         build/debug/Drivers/STM32L4xx_HAL_Driver/Src/stm32l4xx_hal_uart.o
HAL_UART_Abort_IT                                 build/debug/Drivers/STM32L4xx_HAL_Driver/Src/stm32l4xx_hal_uart.o
HAL_UART_DMAPause                                 build/debug/Drivers/STM32L4xx_HAL_Driver/Src/stm32l4xx_hal_uart.o
HAL_UART_DMAResume                                build/debug/Drivers/STM32L4xx_HAL_Driver/Src/stm32l4xx_hal_uart.o
HAL_UART_DMAStop                                  build/debug/Drivers/STM32L4xx_HAL_Driver/Src/stm32l4xx_hal_uart.o
HAL_UART_DeInit                                   build/debug/Drivers/STM32L4xx_HAL_Driver/Src/stm32l4xx_hal_uart.o
HAL_UART_DisableReceiverTimeout                   build/debug/Drivers/STM32L4xx_HAL_Driver/Src/stm32l4xx_hal_uart.o
HAL_UART_EnableReceiverTimeout                    build/debug/Drivers/STM32L4xx_HAL_Driver/Src/stm32l4xx_hal_uart.o
HAL_UART_ErrorCallback                            build/debug/Drivers/STM32L4xx_HAL_Driver/Src/stm32l4xx_hal_uart.o
HAL_UART_GetError                                 build/debug/Drivers/STM32L4xx_HAL_Driver/Src/stm32l4xx_hal_uart.o
HAL_UART_GetState                                 build/debug/Drivers/STM32L4xx_HAL_Driver/Src/stm32l4xx_hal_uart.o
HAL_UART_IRQHandler                               build/debug/Drivers/STM32L4xx_HAL_Driver/Src/stm32l4xx_hal_uart.o
HAL_UART_Init                                     build/debug/Drivers/STM32L4xx_HAL_Driver/Src/stm32l4xx_hal_uart.o
                                                  build/debug/Core/Src/main.o
HAL_UART_MspDeInit                                build/debug/Core/Src/stm32l4xx_hal_msp.o
HAL_UART_MspInit                                  build/debug/Core/Src/stm32l4xx_hal_msp.o
                                                  build/debug/Drivers/STM32L4xx_HAL_Driver/Src/stm32l4xx_hal_uart_ex.o
HAL_UART_Receive                                  build/debug/Drivers/STM32L4xx_HAL_Driver/Src/stm32l4xx_hal_uart.o
HAL_UART_Receive_DMA                              build/debug/Drivers/STM32L4xx_HAL_Driver/Src/stm32l4xx_hal_uart.o
HAL_UART_Receive_IT                               build/debug/Drivers/STM32L4xx_HAL_Driver/Src/stm32l4xx_hal_uart.o
HAL_UART_ReceiverTimeout_Config                   build/debug/Drivers/STM32L4xx_HAL_Driver/Src/stm32l4xx_hal_uart.o
HAL_UART_RxCpltCallback                           build/debug/Drivers/STM32L4xx_HAL_Driver/Src/stm32l4xx_hal_uart.o
HAL_UART_RxHalfCpltCallback                       build/debug/Drivers/STM32L4xx_HAL_Driver/Src/stm32l4xx_hal_uart.o
HAL_UART_Transmit                                 build/debug/Drivers/STM32L4xx_HAL_Driver/Src/stm32l4xx_hal_uart.o
                                                  build/debug/Core/Src/main.o
HAL_UART_Transmit_DMA                             build/debug/Drivers/STM32L4xx_HAL_Driver/Src/stm32l4xx_hal_uart.o
HAL_UART_Transmit_IT                              build/debug/Drivers/STM32L4xx_HAL_Driver/Src/stm32l4xx_hal_uart.o
HAL_UART_TxCpltCallback                           build/debug/Drivers/STM32L4xx_HAL_Driver/Src/stm32l4xx_hal_uart.o
HAL_UART_TxHalfCpltCallback                       build/debug/Drivers/STM32L4xx_HAL_Driver/Src/stm32l4xx_hal_uart.o
HardFault_Handler                                 build/debug/Core/Src/stm32l4xx_it.o
I2C1_ER_IRQHandler                                build/debug/startup_stm32l476xx.o
I2C1_EV_IRQHandler                                build/debug/startup_stm32l476xx.o
I2C2_ER_IRQHandler                                build/debug/startup_stm32l476xx.o
I2C2_EV_IRQHandler                                build/debug/startup_stm32l476xx.o
I2C3_ER_IRQHandler                                build/debug/startup_stm32l476xx.o
I2C3_EV_IRQHandler                                build/debug/startup_stm32l476xx.o
LCD_IRQHandler                                    build/debug/startup_stm32l476xx.o
LPTIM1_IRQHandler                                 build/debug/startup_stm32l476xx.o
LPTIM2_IRQHandler                                 build/debug/startup_stm32l476xx.o
LPUART1_IRQHandler                                build/debug/startup_stm32l476xx.o
MSIRangeTable                                     build/debug/Core/Src/system_stm32l4xx.o
                                                  build/debug/Drivers/STM32L4xx_HAL_Driver/Src/stm32l4xx_hal_rcc_ex.o
                                                  build/debug/Drivers/STM32L4xx_HAL_Driver/Src/stm32l4xx_hal_rcc.o
MemManage_Handler                                 build/debug/Core/Src/stm32l4xx_it.o
NMI_Handler                                       build/debug/Core/Src/stm32l4xx_it.o
OTG_FS_IRQHandler                                 build/debug/startup_stm32l476xx.o
PVD_PVM_IRQHandler                                build/debug/startup_stm32l476xx.o
PendSV_Handler                                    build/debug/Core/Src/stm32l4xx_it.o
QUADSPI_IRQHandler                                build/debug/startup_stm32l476xx.o
RCC_IRQHandler                                    build/debug/startup_stm32l476xx.o
RNG_IRQHandler                                    build/debug/startup_stm32l476xx.o
RTC_Alarm_IRQHandler                              build/debug/startup_stm32l476xx.o
RTC_WKUP_IRQHandler                               build/debug/startup_stm32l476xx.o
Reset_Handler                                     build/debug/startup_stm32l476xx.o
SAI1_IRQHandler                                   build/debug/startup_stm32l476xx.o
SAI2_IRQHandler                                   build/debug/startup_stm32l476xx.o
SDMMC1_IRQHandler                                 build/debug/startup_stm32l476xx.o
SPI1_IRQHandler                                   build/debug/startup_stm32l476xx.o
SPI2_IRQHandler                                   build/debug/startup_stm32l476xx.o
SPI3_IRQHandler                                   build/debug/startup_stm32l476xx.o
SVC_Handler                                       build/debug/Core/Src/stm32l4xx_it.o
SWPMI1_IRQHandler                                 build/debug/startup_stm32l476xx.o
SysTick_Handler                                   build/debug/Core/Src/stm32l4xx_it.o
SystemClock_Config                                build/debug/Core/Src/main.o
SystemCoreClock                                   build/debug/Core/Src/system_stm32l4xx.o
                                                  build/debug/Drivers/STM32L4xx_HAL_Driver/Src/stm32l4xx_hal_rcc.o
                                                  build/debug/Drivers/STM32L4xx_HAL_Driver/Src/stm32l4xx_hal_pwr_ex.o
                                                  build/debug/Drivers/STM32L4xx_HAL_Driver/Src/stm32l4xx_hal.o
SystemCoreClockUpdate                             build/debug/Core/Src/system_stm32l4xx.o
SystemInit                                        build/debug/Core/Src/system_stm32l4xx.o
                                                  build/debug/startup_stm32l476xx.o
TAMP_STAMP_IRQHandler                             build/debug/startup_stm32l476xx.o
TIM1_BRK_TIM15_IRQHandler                         build/debug/startup_stm32l476xx.o
TIM1_CC_IRQHandler                                build/debug/startup_stm32l476xx.o
TIM1_TRG_COM_TIM17_IRQHandler                     build/debug/startup_stm32l476xx.o
TIM1_UP_TIM16_IRQHandler                          build/debug/startup_stm32l476xx.o
TIM2_IRQHandler                                   build/debug/startup_stm32l476xx.o
TIM3_IRQHandler                                   build/debug/startup_stm32l476xx.o
TIM4_IRQHandler                                   build/debug/startup_stm32l476xx.o
TIM5_IRQHandler                                   build/debug/startup_stm32l476xx.o
TIM6_DAC_IRQHandler                               build/debug/startup_stm32l476xx.o
TIM7_IRQHandler                                   build/debug/startup_stm32l476xx.o
TIM8_BRK_IRQHandler                               build/debug/startup_stm32l476xx.o
TIM8_CC_IRQHandler                                build/debug/startup_stm32l476xx.o
TIM8_TRG_COM_IRQHandler                           build/debug/startup_stm32l476xx.o
TIM8_UP_IRQHandler                                build/debug/startup_stm32l476xx.o
TSC_IRQHandler                                    build/debug/startup_stm32l476xx.o
UART4_IRQHandler                                  build/debug/startup_stm32l476xx.o
UART5_IRQHandler                                  build/debug/startup_stm32l476xx.o
UART_AdvFeatureConfig                             build/debug/Drivers/STM32L4xx_HAL_Driver/Src/stm32l4xx_hal_uart.o
                                                  build/debug/Drivers/STM32L4xx_HAL_Driver/Src/stm32l4xx_hal_uart_ex.o
UART_CheckIdleState                               build/debug/Drivers/STM32L4xx_HAL_Driver/Src/stm32l4xx_hal_uart.o
                                                  build/debug/Drivers/STM32L4xx_HAL_Driver/Src/stm32l4xx_hal_uart_ex.o
UART_SetConfig                                    build/debug/Drivers/STM32L4xx_HAL_Driver/Src/stm32l4xx_hal_uart.o
                                                  build/debug/Drivers/STM32L4xx_HAL_Driver/Src/stm32l4xx_hal_uart_ex.o
UART_Start_Receive_DMA                            build/debug/Drivers/STM32L4xx_HAL_Driver/Src/stm32l4xx_hal_uart.o
                                                  build/debug/Drivers/STM32L4xx_HAL_Driver/Src/stm32l4xx_hal_uart_ex.o
UART_Start_Receive_IT                             build/debug/Drivers/STM32L4xx_HAL_Driver/Src/stm32l4xx_hal_uart.o
                                                  build/debug/Drivers/STM32L4xx_HAL_Driver/Src/stm32l4xx_hal_uart_ex.o
UART_WaitOnFlagUntilTimeout                       build/debug/Drivers/STM32L4xx_HAL_Driver/Src/stm32l4xx_hal_uart.o
                                                  build/debug/Drivers/STM32L4xx_HAL_Driver/Src/stm32l4xx_hal_uart_ex.o
USART1_IRQHandler                                 build/debug/startup_stm32l476xx.o
USART2_IRQHandler                                 build/debug/startup_stm32l476xx.o
USART3_IRQHandler                                 build/debug/startup_stm32l476xx.o
UsageFault_Handler                                build/debug/Core/Src/stm32l4xx_it.o
WWDG_IRQHandler                                   build/debug/startup_stm32l476xx.o
_Min_Stack_Size                                   build/debug/Core/Src/sysmem.o
__aeabi_idiv0                                     /usr/lib/gcc/arm-none-eabi/14.2.0/thumb/v7e-m+fp/hard/libgcc.a(_dvmd_tls.o)
__aeabi_ldiv0                                     /usr/lib/gcc/arm-none-eabi/14.2.0/thumb/v7e-m+fp/hard/libgcc.a(_dvmd_tls.o)
                                                  /usr/lib/gcc/arm-none-eabi/14.2.0/thumb/v7e-m+fp/hard/libgcc.a(_aeabi_uldivmod.o)
__aeabi_uldivmod                                  /usr/lib/gcc/arm-none-eabi/14.2.0/thumb/v7e-m+fp/hard/libgcc.a(_aeabi_uldivmod.o)
                                                  build/debug/Drivers/STM32L4xx_HAL_Driver/Src/stm32l4xx_hal_uart.o
__atexit                                          /usr/lib/gcc/arm-none-eabi/14.2.0/../../../../arm-none-eabi/lib/thumb/v7e-m+fp/hard/libc_nano.a(libc_a-__call_atexit.o)
                                                  /usr/lib/gcc/arm-none-eabi/14.2.0/../../../../arm-none-eabi/lib/thumb/v7e-m+fp/hard/libc_nano.a(libc_a-__atexit.o)
__atexit0                                         /usr/lib/gcc/arm-none-eabi/14.2.0/../../../../arm-none-eabi/lib/thumb/v7e-m+fp/hard/libc_nano.a(libc_a-__atexit.o)
__atexit_dummy                                    /usr/lib/gcc/arm-none-eabi/14.2.0/../../../../arm-none-eabi/lib/thumb/v7e-m+fp/hard/libc_nano.a(libc_a-__atexit.o)
__atexit_recursive_mutex                          /usr/lib/gcc/arm-none-eabi/14.2.0/../../../../arm-none-eabi/lib/thumb/v7e-m+fp/hard/libc_nano.a(libc_a-__call_atexit.o)
                                                  /usr/lib/gcc/arm-none-eabi/14.2.0/../../../../arm-none-eabi/lib/thumb/v7e-m+fp/hard/libc_nano.a(libc_a-__atexit.o)
__bss_end__                                       /usr/lib/gcc/arm-none-eabi/14.2.0/../../../../arm-none-eabi/lib/thumb/v7e-m+fp/hard/crt0.o