ARM GAS  /tmp/ccmdPgy4.s 			page 1


   1              		.cpu cortex-m4
   2              		.arch armv7e-m
   3              		.fpu fpv4-sp-d16
   4              		.eabi_attribute 27, 1
   5              		.eabi_attribute 28, 1
   6              		.eabi_attribute 20, 1
   7              		.eabi_attribute 21, 1
   8              		.eabi_attribute 23, 3
   9              		.eabi_attribute 24, 1
  10              		.eabi_attribute 25, 1
  11              		.eabi_attribute 26, 1
  12              		.eabi_attribute 30, 1
  13              		.eabi_attribute 34, 1
  14              		.eabi_attribute 18, 4
  15              		.file	"bootloader_port_driver.c"
  16              		.text
  17              	.Ltext0:
  18              		.cfi_sections	.debug_frame
  19              		.file 1 "Core/Src/bootloader_port_driver.c"
  20              		.section	.text.bootloader_uart_init,"ax",%progbits
  21              		.align	1
  22              		.global	bootloader_uart_init
  23              		.syntax unified
  24              		.thumb
  25              		.thumb_func
  27              	bootloader_uart_init:
  28              	.LFB135:
   1:Core/Src/bootloader_port_driver.c **** #include "bootloader_port_driver.h"
   2:Core/Src/bootloader_port_driver.c **** #include <stdint.h>
   3:Core/Src/bootloader_port_driver.c **** #include <string.h>
   4:Core/Src/bootloader_port_driver.c **** #include <stdio.h>
   5:Core/Src/bootloader_port_driver.c **** 
   6:Core/Src/bootloader_port_driver.c **** 
   7:Core/Src/bootloader_port_driver.c **** //#define DEBUG_MON 1
   8:Core/Src/bootloader_port_driver.c **** 
   9:Core/Src/bootloader_port_driver.c **** volatile uart_buffer_t uart_buffer_rx;
  10:Core/Src/bootloader_port_driver.c **** volatile uart_buffer_t uart_buffer_tx;
  11:Core/Src/bootloader_port_driver.c **** 
  12:Core/Src/bootloader_port_driver.c **** UART_HandleTypeDef huart2;
  13:Core/Src/bootloader_port_driver.c **** 
  14:Core/Src/bootloader_port_driver.c **** volatile bootloader_state_t current_state = BOOT_STATE_WAIT_COMMAND;
  15:Core/Src/bootloader_port_driver.c **** volatile uint32_t expected_file_size = 0;
  16:Core/Src/bootloader_port_driver.c **** volatile uint8_t expected_chunk_size = 0;
  17:Core/Src/bootloader_port_driver.c **** volatile uint16_t received_bytes = 0;
  18:Core/Src/bootloader_port_driver.c **** 
  19:Core/Src/bootloader_port_driver.c **** char serial_msg[50];
  20:Core/Src/bootloader_port_driver.c **** 
  21:Core/Src/bootloader_port_driver.c **** void bootloader_uart_init(void) {
  29              		.loc 1 21 33 view -0
  30              		.cfi_startproc
  31              		@ args = 0, pretend = 0, frame = 0
  32              		@ frame_needed = 0, uses_anonymous_args = 0
  33 0000 08B5     		push	{r3, lr}
  34              	.LCFI0:
  35              		.cfi_def_cfa_offset 8
  36              		.cfi_offset 3, -8
  37              		.cfi_offset 14, -4
ARM GAS  /tmp/ccmdPgy4.s 			page 2


  22:Core/Src/bootloader_port_driver.c ****     /* todo : initialize usart2 with HAL driver */
  23:Core/Src/bootloader_port_driver.c ****     huart2.Instance = USART2;
  38              		.loc 1 23 5 view .LVU1
  39              		.loc 1 23 21 is_stmt 0 view .LVU2
  40 0002 1548     		ldr	r0, .L5
  41 0004 154A     		ldr	r2, .L5+4
  42 0006 0260     		str	r2, [r0]
  24:Core/Src/bootloader_port_driver.c ****     huart2.Init.BaudRate = 115200;
  43              		.loc 1 24 5 is_stmt 1 view .LVU3
  44              		.loc 1 24 26 is_stmt 0 view .LVU4
  45 0008 4FF4E133 		mov	r3, #115200
  46 000c 4360     		str	r3, [r0, #4]
  25:Core/Src/bootloader_port_driver.c ****     huart2.Init.WordLength = UART_WORDLENGTH_8B;
  47              		.loc 1 25 5 is_stmt 1 view .LVU5
  48              		.loc 1 25 28 is_stmt 0 view .LVU6
  49 000e 0023     		movs	r3, #0
  50 0010 8360     		str	r3, [r0, #8]
  26:Core/Src/bootloader_port_driver.c ****     huart2.Init.StopBits = UART_STOPBITS_1;
  51              		.loc 1 26 5 is_stmt 1 view .LVU7
  52              		.loc 1 26 26 is_stmt 0 view .LVU8
  53 0012 C360     		str	r3, [r0, #12]
  27:Core/Src/bootloader_port_driver.c ****     huart2.Init.Parity = UART_PARITY_NONE;
  54              		.loc 1 27 5 is_stmt 1 view .LVU9
  55              		.loc 1 27 24 is_stmt 0 view .LVU10
  56 0014 0361     		str	r3, [r0, #16]
  28:Core/Src/bootloader_port_driver.c ****     huart2.Init.Mode = UART_MODE_TX_RX;
  57              		.loc 1 28 5 is_stmt 1 view .LVU11
  58              		.loc 1 28 22 is_stmt 0 view .LVU12
  59 0016 0C21     		movs	r1, #12
  60 0018 4161     		str	r1, [r0, #20]
  29:Core/Src/bootloader_port_driver.c ****     huart2.Init.HwFlowCtl = UART_HWCONTROL_NONE;
  61              		.loc 1 29 5 is_stmt 1 view .LVU13
  62              		.loc 1 29 27 is_stmt 0 view .LVU14
  63 001a 8361     		str	r3, [r0, #24]
  30:Core/Src/bootloader_port_driver.c ****     huart2.Init.OverSampling = UART_OVERSAMPLING_16;
  64              		.loc 1 30 5 is_stmt 1 view .LVU15
  65              		.loc 1 30 30 is_stmt 0 view .LVU16
  66 001c C361     		str	r3, [r0, #28]
  31:Core/Src/bootloader_port_driver.c ****     huart2.Init.OneBitSampling = UART_ONE_BIT_SAMPLE_DISABLE;
  67              		.loc 1 31 5 is_stmt 1 view .LVU17
  68              		.loc 1 31 32 is_stmt 0 view .LVU18
  69 001e 0362     		str	r3, [r0, #32]
  32:Core/Src/bootloader_port_driver.c ****     huart2.AdvancedInit.AdvFeatureInit = UART_ADVFEATURE_NO_INIT;
  70              		.loc 1 32 5 is_stmt 1 view .LVU19
  71              		.loc 1 32 40 is_stmt 0 view .LVU20
  72 0020 4362     		str	r3, [r0, #36]
  33:Core/Src/bootloader_port_driver.c **** 
  34:Core/Src/bootloader_port_driver.c ****     USART2->CR1 |= USART_CR1_RXNEIE;  // RX interrupt enabl 
  73              		.loc 1 34 5 is_stmt 1 view .LVU21
  74              		.loc 1 34 11 is_stmt 0 view .LVU22
  75 0022 1168     		ldr	r1, [r2]
  76              		.loc 1 34 17 view .LVU23
  77 0024 41F02001 		orr	r1, r1, #32
  78 0028 1160     		str	r1, [r2]
  35:Core/Src/bootloader_port_driver.c **** 
  36:Core/Src/bootloader_port_driver.c ****     uart_buffer_rx.buffer_tail_pointer = 0;
  79              		.loc 1 36 5 is_stmt 1 view .LVU24
ARM GAS  /tmp/ccmdPgy4.s 			page 3


  80              		.loc 1 36 40 is_stmt 0 view .LVU25
  81 002a 0D4A     		ldr	r2, .L5+8
  82 002c C2F81437 		str	r3, [r2, #1812]
  37:Core/Src/bootloader_port_driver.c ****     uart_buffer_rx.buffer_head_pointer = 0;
  83              		.loc 1 37 5 is_stmt 1 view .LVU26
  84              		.loc 1 37 40 is_stmt 0 view .LVU27
  85 0030 C2F81037 		str	r3, [r2, #1808]
  38:Core/Src/bootloader_port_driver.c ****     uart_buffer_tx.buffer_head_pointer = 0;
  86              		.loc 1 38 5 is_stmt 1 view .LVU28
  87              		.loc 1 38 40 is_stmt 0 view .LVU29
  88 0034 0B4A     		ldr	r2, .L5+12
  89 0036 C2F81037 		str	r3, [r2, #1808]
  39:Core/Src/bootloader_port_driver.c ****     uart_buffer_tx.buffer_tail_pointer = 0;
  90              		.loc 1 39 5 is_stmt 1 view .LVU30
  91              		.loc 1 39 40 is_stmt 0 view .LVU31
  92 003a C2F81437 		str	r3, [r2, #1812]
  40:Core/Src/bootloader_port_driver.c ****     if (HAL_UART_Init(&huart2) != HAL_OK) {
  93              		.loc 1 40 5 is_stmt 1 view .LVU32
  94              		.loc 1 40 9 is_stmt 0 view .LVU33
  95 003e FFF7FEFF 		bl	HAL_UART_Init
  96              	.LVL0:
  97              		.loc 1 40 8 discriminator 1 view .LVU34
  98 0042 30B9     		cbnz	r0, .L4
  99              	.L2:
  41:Core/Src/bootloader_port_driver.c ****         Error_Handler();
  42:Core/Src/bootloader_port_driver.c ****     }
  43:Core/Src/bootloader_port_driver.c ****     __HAL_UART_ENABLE_IT(&huart2, UART_IT_RXNE);
 100              		.loc 1 43 5 is_stmt 1 view .LVU35
 101 0044 044B     		ldr	r3, .L5
 102 0046 1A68     		ldr	r2, [r3]
 103 0048 1368     		ldr	r3, [r2]
 104 004a 43F02003 		orr	r3, r3, #32
 105 004e 1360     		str	r3, [r2]
  44:Core/Src/bootloader_port_driver.c **** }
 106              		.loc 1 44 1 is_stmt 0 view .LVU36
 107 0050 08BD     		pop	{r3, pc}
 108              	.L4:
  41:Core/Src/bootloader_port_driver.c ****         Error_Handler();
 109              		.loc 1 41 9 is_stmt 1 view .LVU37
 110 0052 FFF7FEFF 		bl	Error_Handler
 111              	.LVL1:
 112 0056 F5E7     		b	.L2
 113              	.L6:
 114              		.align	2
 115              	.L5:
 116 0058 00000000 		.word	huart2
 117 005c 00440040 		.word	1073759232
 118 0060 00200000 		.word	uart_buffer_rx+8192
 119 0064 00200000 		.word	uart_buffer_tx+8192
 120              		.cfi_endproc
 121              	.LFE135:
 123              		.section	.rodata.bootloader_sm_handler.str1.4,"aMS",%progbits,1
 124              		.align	2
 125              	.LC0:
 126 0000 77616974 		.ascii	"wait chunk size state\000"
 126      20636875 
 126      6E6B2073 
ARM GAS  /tmp/ccmdPgy4.s 			page 4


 126      697A6520 
 126      73746174 
 127 0016 0000     		.align	2
 128              	.LC1:
 129 0018 46696C65 		.ascii	"File size: %lu\015\012\000"
 129      2073697A 
 129      653A2025 
 129      6C750D0A 
 129      00
 130 0029 000000   		.align	2
 131              	.LC2:
 132 002c 73746174 		.ascii	"state wait command\012\000"
 132      65207761 
 132      69742063 
 132      6F6D6D61 
 132      6E640A00 
 133              		.align	2
 134              	.LC3:
 135 0040 4368756E 		.ascii	"Chunk size: %lu\015\012\000"
 135      6B207369 
 135      7A653A20 
 135      256C750D 
 135      0A00
 136 0052 0000     		.align	2
 137              	.LC4:
 138 0054 626F6F74 		.ascii	"bootloader state wait chunk data\000"
 138      6C6F6164 
 138      65722073 
 138      74617465 
 138      20776169 
 139 0075 000000   		.align	2
 140              	.LC5:
 141 0078 46616C73 		.ascii	"False bootloader command try again\000"
 141      6520626F 
 141      6F746C6F 
 141      61646572 
 141      20636F6D 
 142              		.section	.text.bootloader_sm_handler,"ax",%progbits
 143              		.align	1
 144              		.global	bootloader_sm_handler
 145              		.syntax unified
 146              		.thumb
 147              		.thumb_func
 149              	bootloader_sm_handler:
 150              	.LFB136:
  45:Core/Src/bootloader_port_driver.c **** 
  46:Core/Src/bootloader_port_driver.c **** 
  47:Core/Src/bootloader_port_driver.c **** void bootloader_sm_handler(void) {
 151              		.loc 1 47 34 view -0
 152              		.cfi_startproc
 153              		@ args = 0, pretend = 0, frame = 0
 154              		@ frame_needed = 0, uses_anonymous_args = 0
 155 0000 2DE9F041 		push	{r4, r5, r6, r7, r8, lr}
 156              	.LCFI1:
 157              		.cfi_def_cfa_offset 24
 158              		.cfi_offset 4, -24
 159              		.cfi_offset 5, -20
ARM GAS  /tmp/ccmdPgy4.s 			page 5


 160              		.cfi_offset 6, -16
 161              		.cfi_offset 7, -12
 162              		.cfi_offset 8, -8
 163              		.cfi_offset 14, -4
  48:Core/Src/bootloader_port_driver.c ****         switch(current_state) {
 164              		.loc 1 48 9 view .LVU39
 165 0004 7A4B     		ldr	r3, .L21
 166 0006 1B78     		ldrb	r3, [r3]	@ zero_extendqisi2
 167 0008 032B     		cmp	r3, #3
 168 000a 00F2D680 		bhi	.L8
 169 000e DFE803F0 		tbb	[pc, r3]
 170              	.L10:
 171 0012 02       		.byte	(.L13-.L10)/2
 172 0013 41       		.byte	(.L12-.L10)/2
 173 0014 7B       		.byte	(.L11-.L10)/2
 174 0015 A3       		.byte	(.L9-.L10)/2
 175              		.p2align 1
 176              	.L13:
  49:Core/Src/bootloader_port_driver.c ****             case BOOT_STATE_WAIT_COMMAND:
  50:Core/Src/bootloader_port_driver.c ****                 if(uart_buffer_rx.buffer[0] == CMD_START_FLASH) {
 177              		.loc 1 50 17 view .LVU40
 178              		.loc 1 50 41 is_stmt 0 view .LVU41
 179 0016 774B     		ldr	r3, .L21+4
 180 0018 1B78     		ldrb	r3, [r3]	@ zero_extendqisi2
 181              		.loc 1 50 19 view .LVU42
 182 001a 012B     		cmp	r3, #1
 183 001c 2DD0     		beq	.L19
  51:Core/Src/bootloader_port_driver.c ****                     #ifdef DEBUG_MON
  52:Core/Src/bootloader_port_driver.c ****                         sprintf(serial_msg, "wait file size state\n");
  53:Core/Src/bootloader_port_driver.c ****                         HAL_UART_Transmit(&huart2, (uint8_t*)serial_msg, strlen(serial_msg), HAL_MA
  54:Core/Src/bootloader_port_driver.c ****                         while(!(USART2->ISR & USART_ISR_TXE));
  55:Core/Src/bootloader_port_driver.c ****                     #endif
  56:Core/Src/bootloader_port_driver.c **** 
  57:Core/Src/bootloader_port_driver.c ****                     USART2->TDR = CMD_ACK;
  58:Core/Src/bootloader_port_driver.c **** 
  59:Core/Src/bootloader_port_driver.c ****                     // State değiştir
  60:Core/Src/bootloader_port_driver.c ****                     current_state = BOOT_STATE_WAIT_FILE_SIZE;
  61:Core/Src/bootloader_port_driver.c ****                     uart_buffer_rx.buffer_tail_pointer++;
  62:Core/Src/bootloader_port_driver.c ****                 }
  63:Core/Src/bootloader_port_driver.c ****                 else if(uart_buffer_rx.buffer[uart_buffer_rx.buffer_tail_pointer] == CMD_WRITE_DATA
 184              		.loc 1 63 22 is_stmt 1 view .LVU43
 185              		.loc 1 63 61 is_stmt 0 view .LVU44
 186 001e 754B     		ldr	r3, .L21+4
 187 0020 03F50052 		add	r2, r3, #8192
 188 0024 D2F81427 		ldr	r2, [r2, #1812]
 189              		.loc 1 63 46 view .LVU45
 190 0028 9B5C     		ldrb	r3, [r3, r2]	@ zero_extendqisi2
 191              		.loc 1 63 24 view .LVU46
 192 002a 022B     		cmp	r3, #2
 193 002c 3AD1     		bne	.L7
  64:Core/Src/bootloader_port_driver.c ****                     // ACK gönder
  65:Core/Src/bootloader_port_driver.c ****                     sprintf(serial_msg, "wait chunk size state");
 194              		.loc 1 65 21 is_stmt 1 view .LVU47
 195 002e 724E     		ldr	r6, .L21+8
 196 0030 3446     		mov	r4, r6
 197 0032 724D     		ldr	r5, .L21+12
 198 0034 0FCD     		ldmia	r5!, {r0, r1, r2, r3}
ARM GAS  /tmp/ccmdPgy4.s 			page 6


 199 0036 0FC4     		stmia	r4!, {r0, r1, r2, r3}
 200 0038 95E80300 		ldm	r5, {r0, r1}
 201 003c 44F8040B 		str	r0, [r4], #4
 202 0040 2180     		strh	r1, [r4]	@ movhi
  66:Core/Src/bootloader_port_driver.c ****                     HAL_UART_Transmit(&huart2, (uint8_t*)serial_msg, strlen(serial_msg), HAL_MAX_DE
 203              		.loc 1 66 21 view .LVU48
 204              		.loc 1 66 70 is_stmt 0 view .LVU49
 205 0042 3046     		mov	r0, r6
 206 0044 FFF7FEFF 		bl	strlen
 207              	.LVL2:
 208              		.loc 1 66 21 discriminator 1 view .LVU50
 209 0048 4FF0FF33 		mov	r3, #-1
 210 004c 82B2     		uxth	r2, r0
 211 004e 3146     		mov	r1, r6
 212 0050 6B48     		ldr	r0, .L21+16
 213 0052 FFF7FEFF 		bl	HAL_UART_Transmit
 214              	.LVL3:
  67:Core/Src/bootloader_port_driver.c ****                     while(!(USART2->ISR & USART_ISR_TXE));
 215              		.loc 1 67 21 is_stmt 1 view .LVU51
 216              	.L16:
 217              		.loc 1 67 27 discriminator 1 view .LVU52
 218              		.loc 1 67 35 is_stmt 0 discriminator 1 view .LVU53
 219 0056 6B4B     		ldr	r3, .L21+20
 220 0058 DB69     		ldr	r3, [r3, #28]
 221              		.loc 1 67 27 discriminator 1 view .LVU54
 222 005a 13F0800F 		tst	r3, #128
 223 005e FAD0     		beq	.L16
  68:Core/Src/bootloader_port_driver.c ****                     USART2->TDR = CMD_ACK;
 224              		.loc 1 68 21 is_stmt 1 view .LVU55
 225              		.loc 1 68 33 is_stmt 0 view .LVU56
 226 0060 684B     		ldr	r3, .L21+20
 227 0062 0622     		movs	r2, #6
 228 0064 1A85     		strh	r2, [r3, #40]	@ movhi
  69:Core/Src/bootloader_port_driver.c **** 
  70:Core/Src/bootloader_port_driver.c ****                     // State değiştir
  71:Core/Src/bootloader_port_driver.c ****                     current_state = BOOT_STATE_WAIT_CHUNK_SIZE;
 229              		.loc 1 71 21 is_stmt 1 view .LVU57
 230              		.loc 1 71 35 is_stmt 0 view .LVU58
 231 0066 624B     		ldr	r3, .L21
 232 0068 0222     		movs	r2, #2
 233 006a 1A70     		strb	r2, [r3]
  72:Core/Src/bootloader_port_driver.c ****                     uart_buffer_rx.buffer_tail_pointer++;
 234              		.loc 1 72 21 is_stmt 1 view .LVU59
 235              		.loc 1 72 35 is_stmt 0 view .LVU60
 236 006c 664A     		ldr	r2, .L21+24
 237 006e D2F81437 		ldr	r3, [r2, #1812]
 238              		.loc 1 72 55 view .LVU61
 239 0072 0133     		adds	r3, r3, #1
 240 0074 C2F81437 		str	r3, [r2, #1812]
 241 0078 14E0     		b	.L7
 242              	.L19:
  57:Core/Src/bootloader_port_driver.c **** 
 243              		.loc 1 57 21 is_stmt 1 view .LVU62
  57:Core/Src/bootloader_port_driver.c **** 
 244              		.loc 1 57 33 is_stmt 0 view .LVU63
 245 007a 624B     		ldr	r3, .L21+20
 246 007c 0622     		movs	r2, #6
ARM GAS  /tmp/ccmdPgy4.s 			page 7


 247 007e 1A85     		strh	r2, [r3, #40]	@ movhi
  60:Core/Src/bootloader_port_driver.c ****                     uart_buffer_rx.buffer_tail_pointer++;
 248              		.loc 1 60 21 is_stmt 1 view .LVU64
  60:Core/Src/bootloader_port_driver.c ****                     uart_buffer_rx.buffer_tail_pointer++;
 249              		.loc 1 60 35 is_stmt 0 view .LVU65
 250 0080 5B4B     		ldr	r3, .L21
 251 0082 0122     		movs	r2, #1
 252 0084 1A70     		strb	r2, [r3]
  61:Core/Src/bootloader_port_driver.c ****                 }
 253              		.loc 1 61 21 is_stmt 1 view .LVU66
  61:Core/Src/bootloader_port_driver.c ****                 }
 254              		.loc 1 61 35 is_stmt 0 view .LVU67
 255 0086 604A     		ldr	r2, .L21+24
 256 0088 D2F81437 		ldr	r3, [r2, #1812]
  61:Core/Src/bootloader_port_driver.c ****                 }
 257              		.loc 1 61 55 view .LVU68
 258 008c 0133     		adds	r3, r3, #1
 259 008e C2F81437 		str	r3, [r2, #1812]
 260 0092 07E0     		b	.L7
 261              	.L12:
  73:Core/Src/bootloader_port_driver.c ****                 }
  74:Core/Src/bootloader_port_driver.c ****             break;
  75:Core/Src/bootloader_port_driver.c **** 
  76:Core/Src/bootloader_port_driver.c ****             case BOOT_STATE_WAIT_FILE_SIZE:
  77:Core/Src/bootloader_port_driver.c ****                 if((uart_buffer_rx.buffer_head_pointer - uart_buffer_rx.buffer_tail_pointer) > 3) {
 262              		.loc 1 77 17 is_stmt 1 view .LVU69
 263              		.loc 1 77 35 is_stmt 0 view .LVU70
 264 0094 5C4A     		ldr	r2, .L21+24
 265 0096 D2F81037 		ldr	r3, [r2, #1808]
 266              		.loc 1 77 72 view .LVU71
 267 009a D2F81427 		ldr	r2, [r2, #1812]
 268              		.loc 1 77 56 view .LVU72
 269 009e 9B1A     		subs	r3, r3, r2
 270              		.loc 1 77 19 view .LVU73
 271 00a0 032B     		cmp	r3, #3
 272 00a2 01D8     		bhi	.L20
 273              	.L7:
  78:Core/Src/bootloader_port_driver.c ****                     /*
  79:Core/Src/bootloader_port_driver.c ****                     * uint8_t new_coming_data = uart_buffer_rx.buffer_head_pointer - uart_buffer_rx
  80:Core/Src/bootloader_port_driver.c ****                     * shift buffer to calculate expected file size
  81:Core/Src/bootloader_port_driver.c ****                     * */
  82:Core/Src/bootloader_port_driver.c ****                     /* yanlis */
  83:Core/Src/bootloader_port_driver.c ****                     expected_file_size = *(uint32_t*)uart_buffer_rx.buffer;
  84:Core/Src/bootloader_port_driver.c ****                     sprintf(serial_msg, "File size: %lu\r\n", (unsigned long)expected_file_size);
  85:Core/Src/bootloader_port_driver.c ****                     HAL_UART_Transmit(&huart2, (uint8_t*)serial_msg, strlen(serial_msg), HAL_MAX_DE
  86:Core/Src/bootloader_port_driver.c ****                     sprintf(serial_msg, "state wait command\n");
  87:Core/Src/bootloader_port_driver.c ****                     HAL_UART_Transmit(&huart2, (uint8_t*)serial_msg, strlen(serial_msg), HAL_MAX_DE
  88:Core/Src/bootloader_port_driver.c ****                     current_state = BOOT_STATE_WAIT_COMMAND;
  89:Core/Src/bootloader_port_driver.c ****                     uart_buffer_rx.buffer_head_pointer = uart_buffer_rx.buffer_tail_pointer;
  90:Core/Src/bootloader_port_driver.c ****                 }
  91:Core/Src/bootloader_port_driver.c ****             break;
  92:Core/Src/bootloader_port_driver.c **** 
  93:Core/Src/bootloader_port_driver.c ****             case BOOT_STATE_WAIT_CHUNK_SIZE:
  94:Core/Src/bootloader_port_driver.c **** 
  95:Core/Src/bootloader_port_driver.c ****                 if(uart_buffer_rx.buffer_head_pointer - uart_buffer_rx.buffer_tail_pointer > 0) {
  96:Core/Src/bootloader_port_driver.c ****                     expected_chunk_size = uart_buffer_rx.buffer[uart_buffer_rx.buffer_head_pointer]
  97:Core/Src/bootloader_port_driver.c ****                     sprintf(serial_msg, "Chunk size: %lu\r\n", (unsigned long)expected_chunk_size);
ARM GAS  /tmp/ccmdPgy4.s 			page 8


  98:Core/Src/bootloader_port_driver.c ****                     HAL_UART_Transmit(&huart2, (uint8_t*)serial_msg, strlen(serial_msg), HAL_MAX_DE
  99:Core/Src/bootloader_port_driver.c ****                     current_state = BOOT_STATE_WAIT_CHUNK_DATA;
 100:Core/Src/bootloader_port_driver.c ****                     uart_buffer_rx.buffer_head_pointer = uart_buffer_rx.buffer_tail_pointer;
 101:Core/Src/bootloader_port_driver.c ****                 }
 102:Core/Src/bootloader_port_driver.c ****             break;
 103:Core/Src/bootloader_port_driver.c **** 
 104:Core/Src/bootloader_port_driver.c ****         case BOOT_STATE_WAIT_CHUNK_DATA:
 105:Core/Src/bootloader_port_driver.c ****             HAL_GPIO_TogglePin(LD2_GPIO_Port, LD2_Pin);
 106:Core/Src/bootloader_port_driver.c ****             if(uart_buffer_rx.buffer_head_pointer - uart_buffer_rx.buffer_tail_pointer >= expected_
 107:Core/Src/bootloader_port_driver.c ****                 /* program is received send ACK */
 108:Core/Src/bootloader_port_driver.c ****                 sprintf(serial_msg, "bootloader state wait chunk data");
 109:Core/Src/bootloader_port_driver.c ****                 HAL_UART_Transmit(&huart2, (uint8_t*)serial_msg, strlen(serial_msg), HAL_MAX_DELAY)
 110:Core/Src/bootloader_port_driver.c ****                 while(!(USART2->ISR & USART_ISR_TXE));
 111:Core/Src/bootloader_port_driver.c ****                 USART2->TDR = CMD_ACK;
 112:Core/Src/bootloader_port_driver.c **** 
 113:Core/Src/bootloader_port_driver.c **** 
 114:Core/Src/bootloader_port_driver.c ****                 // TODO: Flash'a yaz
 115:Core/Src/bootloader_port_driver.c **** 
 116:Core/Src/bootloader_port_driver.c ****                 current_state = BOOT_STATE_WAIT_COMMAND;
 117:Core/Src/bootloader_port_driver.c ****             }
 118:Core/Src/bootloader_port_driver.c ****         break;
 119:Core/Src/bootloader_port_driver.c ****         default:
 120:Core/Src/bootloader_port_driver.c ****             sprintf(serial_msg, "False bootloader command try again");
 121:Core/Src/bootloader_port_driver.c ****             HAL_UART_Transmit(&huart2, (uint8_t*)serial_msg, strlen(serial_msg), HAL_MAX_DELAY);
 122:Core/Src/bootloader_port_driver.c ****             current_state = BOOT_STATE_WAIT_COMMAND;
 123:Core/Src/bootloader_port_driver.c ****     }
 124:Core/Src/bootloader_port_driver.c **** }
 274              		.loc 1 124 1 view .LVU74
 275 00a4 BDE8F081 		pop	{r4, r5, r6, r7, r8, pc}
 276              	.L20:
  83:Core/Src/bootloader_port_driver.c ****                     sprintf(serial_msg, "File size: %lu\r\n", (unsigned long)expected_file_size);
 277              		.loc 1 83 21 is_stmt 1 view .LVU75
  83:Core/Src/bootloader_port_driver.c ****                     sprintf(serial_msg, "File size: %lu\r\n", (unsigned long)expected_file_size);
 278              		.loc 1 83 42 is_stmt 0 view .LVU76
 279 00a8 524F     		ldr	r7, .L21+4
 280 00aa 3A68     		ldr	r2, [r7]
  83:Core/Src/bootloader_port_driver.c ****                     sprintf(serial_msg, "File size: %lu\r\n", (unsigned long)expected_file_size);
 281              		.loc 1 83 40 view .LVU77
 282 00ac 574B     		ldr	r3, .L21+28
 283 00ae 1A60     		str	r2, [r3]
  84:Core/Src/bootloader_port_driver.c ****                     HAL_UART_Transmit(&huart2, (uint8_t*)serial_msg, strlen(serial_msg), HAL_MAX_DE
 284              		.loc 1 84 21 is_stmt 1 view .LVU78
 285 00b0 1A68     		ldr	r2, [r3]
 286 00b2 514E     		ldr	r6, .L21+8
 287 00b4 5649     		ldr	r1, .L21+32
 288 00b6 3046     		mov	r0, r6
 289 00b8 FFF7FEFF 		bl	sprintf
 290              	.LVL4:
  85:Core/Src/bootloader_port_driver.c ****                     sprintf(serial_msg, "state wait command\n");
 291              		.loc 1 85 21 view .LVU79
  85:Core/Src/bootloader_port_driver.c ****                     sprintf(serial_msg, "state wait command\n");
 292              		.loc 1 85 70 is_stmt 0 view .LVU80
 293 00bc 3046     		mov	r0, r6
 294 00be FFF7FEFF 		bl	strlen
 295              	.LVL5:
  85:Core/Src/bootloader_port_driver.c ****                     sprintf(serial_msg, "state wait command\n");
 296              		.loc 1 85 21 discriminator 1 view .LVU81
ARM GAS  /tmp/ccmdPgy4.s 			page 9


 297 00c2 DFF83C81 		ldr	r8, .L21+16
 298 00c6 4FF0FF33 		mov	r3, #-1
 299 00ca 82B2     		uxth	r2, r0
 300 00cc 3146     		mov	r1, r6
 301 00ce 4046     		mov	r0, r8
 302 00d0 FFF7FEFF 		bl	HAL_UART_Transmit
 303              	.LVL6:
  86:Core/Src/bootloader_port_driver.c ****                     HAL_UART_Transmit(&huart2, (uint8_t*)serial_msg, strlen(serial_msg), HAL_MAX_DE
 304              		.loc 1 86 21 is_stmt 1 view .LVU82
 305 00d4 3446     		mov	r4, r6
 306 00d6 4F4D     		ldr	r5, .L21+36
 307 00d8 0FCD     		ldmia	r5!, {r0, r1, r2, r3}
 308 00da 0FC4     		stmia	r4!, {r0, r1, r2, r3}
 309 00dc 2B68     		ldr	r3, [r5]
 310 00de 2360     		str	r3, [r4]
  87:Core/Src/bootloader_port_driver.c ****                     current_state = BOOT_STATE_WAIT_COMMAND;
 311              		.loc 1 87 21 view .LVU83
  87:Core/Src/bootloader_port_driver.c ****                     current_state = BOOT_STATE_WAIT_COMMAND;
 312              		.loc 1 87 70 is_stmt 0 view .LVU84
 313 00e0 3046     		mov	r0, r6
 314 00e2 FFF7FEFF 		bl	strlen
 315              	.LVL7:
  87:Core/Src/bootloader_port_driver.c ****                     current_state = BOOT_STATE_WAIT_COMMAND;
 316              		.loc 1 87 21 discriminator 1 view .LVU85
 317 00e6 4FF0FF33 		mov	r3, #-1
 318 00ea 82B2     		uxth	r2, r0
 319 00ec 3146     		mov	r1, r6
 320 00ee 4046     		mov	r0, r8
 321 00f0 FFF7FEFF 		bl	HAL_UART_Transmit
 322              	.LVL8:
  88:Core/Src/bootloader_port_driver.c ****                     uart_buffer_rx.buffer_head_pointer = uart_buffer_rx.buffer_tail_pointer;
 323              		.loc 1 88 21 is_stmt 1 view .LVU86
  88:Core/Src/bootloader_port_driver.c ****                     uart_buffer_rx.buffer_head_pointer = uart_buffer_rx.buffer_tail_pointer;
 324              		.loc 1 88 35 is_stmt 0 view .LVU87
 325 00f4 3E4B     		ldr	r3, .L21
 326 00f6 0022     		movs	r2, #0
 327 00f8 1A70     		strb	r2, [r3]
  89:Core/Src/bootloader_port_driver.c ****                 }
 328              		.loc 1 89 21 is_stmt 1 view .LVU88
  89:Core/Src/bootloader_port_driver.c ****                 }
 329              		.loc 1 89 72 is_stmt 0 view .LVU89
 330 00fa 07F50057 		add	r7, r7, #8192
 331 00fe D7F81437 		ldr	r3, [r7, #1812]
  89:Core/Src/bootloader_port_driver.c ****                 }
 332              		.loc 1 89 56 view .LVU90
 333 0102 C7F81037 		str	r3, [r7, #1808]
 334 0106 CDE7     		b	.L7
 335              	.L11:
  95:Core/Src/bootloader_port_driver.c ****                     expected_chunk_size = uart_buffer_rx.buffer[uart_buffer_rx.buffer_head_pointer]
 336              		.loc 1 95 17 is_stmt 1 view .LVU91
  95:Core/Src/bootloader_port_driver.c ****                     expected_chunk_size = uart_buffer_rx.buffer[uart_buffer_rx.buffer_head_pointer]
 337              		.loc 1 95 34 is_stmt 0 view .LVU92
 338 0108 3F4B     		ldr	r3, .L21+24
 339 010a D3F81027 		ldr	r2, [r3, #1808]
  95:Core/Src/bootloader_port_driver.c ****                     expected_chunk_size = uart_buffer_rx.buffer[uart_buffer_rx.buffer_head_pointer]
 340              		.loc 1 95 71 view .LVU93
 341 010e D3F81437 		ldr	r3, [r3, #1812]
ARM GAS  /tmp/ccmdPgy4.s 			page 10


  95:Core/Src/bootloader_port_driver.c ****                     expected_chunk_size = uart_buffer_rx.buffer[uart_buffer_rx.buffer_head_pointer]
 342              		.loc 1 95 19 view .LVU94
 343 0112 9A42     		cmp	r2, r3
 344 0114 C6D0     		beq	.L7
  96:Core/Src/bootloader_port_driver.c ****                     sprintf(serial_msg, "Chunk size: %lu\r\n", (unsigned long)expected_chunk_size);
 345              		.loc 1 96 21 is_stmt 1 view .LVU95
  96:Core/Src/bootloader_port_driver.c ****                     sprintf(serial_msg, "Chunk size: %lu\r\n", (unsigned long)expected_chunk_size);
 346              		.loc 1 96 79 is_stmt 0 view .LVU96
 347 0116 374B     		ldr	r3, .L21+4
 348 0118 03F50054 		add	r4, r3, #8192
 349 011c D4F81027 		ldr	r2, [r4, #1808]
  96:Core/Src/bootloader_port_driver.c ****                     sprintf(serial_msg, "Chunk size: %lu\r\n", (unsigned long)expected_chunk_size);
 350              		.loc 1 96 64 view .LVU97
 351 0120 9B5C     		ldrb	r3, [r3, r2]	@ zero_extendqisi2
 352 0122 DBB2     		uxtb	r3, r3
  96:Core/Src/bootloader_port_driver.c ****                     sprintf(serial_msg, "Chunk size: %lu\r\n", (unsigned long)expected_chunk_size);
 353              		.loc 1 96 41 view .LVU98
 354 0124 3C4A     		ldr	r2, .L21+40
 355 0126 1370     		strb	r3, [r2]
  97:Core/Src/bootloader_port_driver.c ****                     HAL_UART_Transmit(&huart2, (uint8_t*)serial_msg, strlen(serial_msg), HAL_MAX_DE
 356              		.loc 1 97 21 is_stmt 1 view .LVU99
 357 0128 1278     		ldrb	r2, [r2]	@ zero_extendqisi2
 358 012a 334D     		ldr	r5, .L21+8
 359 012c 3B49     		ldr	r1, .L21+44
 360 012e 2846     		mov	r0, r5
 361 0130 FFF7FEFF 		bl	sprintf
 362              	.LVL9:
  98:Core/Src/bootloader_port_driver.c ****                     current_state = BOOT_STATE_WAIT_CHUNK_DATA;
 363              		.loc 1 98 21 view .LVU100
  98:Core/Src/bootloader_port_driver.c ****                     current_state = BOOT_STATE_WAIT_CHUNK_DATA;
 364              		.loc 1 98 70 is_stmt 0 view .LVU101
 365 0134 2846     		mov	r0, r5
 366 0136 FFF7FEFF 		bl	strlen
 367              	.LVL10:
  98:Core/Src/bootloader_port_driver.c ****                     current_state = BOOT_STATE_WAIT_CHUNK_DATA;
 368              		.loc 1 98 21 discriminator 1 view .LVU102
 369 013a 4FF0FF33 		mov	r3, #-1
 370 013e 82B2     		uxth	r2, r0
 371 0140 2946     		mov	r1, r5
 372 0142 2F48     		ldr	r0, .L21+16
 373 0144 FFF7FEFF 		bl	HAL_UART_Transmit
 374              	.LVL11:
  99:Core/Src/bootloader_port_driver.c ****                     uart_buffer_rx.buffer_head_pointer = uart_buffer_rx.buffer_tail_pointer;
 375              		.loc 1 99 21 is_stmt 1 view .LVU103
  99:Core/Src/bootloader_port_driver.c ****                     uart_buffer_rx.buffer_head_pointer = uart_buffer_rx.buffer_tail_pointer;
 376              		.loc 1 99 35 is_stmt 0 view .LVU104
 377 0148 294B     		ldr	r3, .L21
 378 014a 0322     		movs	r2, #3
 379 014c 1A70     		strb	r2, [r3]
 100:Core/Src/bootloader_port_driver.c ****                 }
 380              		.loc 1 100 21 is_stmt 1 view .LVU105
 100:Core/Src/bootloader_port_driver.c ****                 }
 381              		.loc 1 100 72 is_stmt 0 view .LVU106
 382 014e D4F81437 		ldr	r3, [r4, #1812]
 100:Core/Src/bootloader_port_driver.c ****                 }
 383              		.loc 1 100 56 view .LVU107
 384 0152 C4F81037 		str	r3, [r4, #1808]
ARM GAS  /tmp/ccmdPgy4.s 			page 11


 385 0156 A5E7     		b	.L7
 386              	.L9:
 105:Core/Src/bootloader_port_driver.c ****             if(uart_buffer_rx.buffer_head_pointer - uart_buffer_rx.buffer_tail_pointer >= expected_
 387              		.loc 1 105 13 is_stmt 1 view .LVU108
 388 0158 2021     		movs	r1, #32
 389 015a 4FF09040 		mov	r0, #1207959552
 390 015e FFF7FEFF 		bl	HAL_GPIO_TogglePin
 391              	.LVL12:
 106:Core/Src/bootloader_port_driver.c ****                 /* program is received send ACK */
 392              		.loc 1 106 13 view .LVU109
 106:Core/Src/bootloader_port_driver.c ****                 /* program is received send ACK */
 393              		.loc 1 106 30 is_stmt 0 view .LVU110
 394 0162 294A     		ldr	r2, .L21+24
 395 0164 D2F81037 		ldr	r3, [r2, #1808]
 106:Core/Src/bootloader_port_driver.c ****                 /* program is received send ACK */
 396              		.loc 1 106 67 view .LVU111
 397 0168 D2F81427 		ldr	r2, [r2, #1812]
 106:Core/Src/bootloader_port_driver.c ****                 /* program is received send ACK */
 398              		.loc 1 106 51 view .LVU112
 399 016c 9B1A     		subs	r3, r3, r2
 106:Core/Src/bootloader_port_driver.c ****                 /* program is received send ACK */
 400              		.loc 1 106 88 view .LVU113
 401 016e 2A4A     		ldr	r2, .L21+40
 402 0170 1278     		ldrb	r2, [r2]	@ zero_extendqisi2
 106:Core/Src/bootloader_port_driver.c ****                 /* program is received send ACK */
 403              		.loc 1 106 15 view .LVU114
 404 0172 9A42     		cmp	r2, r3
 405 0174 96D8     		bhi	.L7
 108:Core/Src/bootloader_port_driver.c ****                 HAL_UART_Transmit(&huart2, (uint8_t*)serial_msg, strlen(serial_msg), HAL_MAX_DELAY)
 406              		.loc 1 108 17 is_stmt 1 view .LVU115
 407 0176 204D     		ldr	r5, .L21+8
 408 0178 AC46     		mov	ip, r5
 409 017a 294C     		ldr	r4, .L21+48
 410 017c 0FCC     		ldmia	r4!, {r0, r1, r2, r3}
 411 017e ACE80F00 		stmia	ip!, {r0, r1, r2, r3}
 412 0182 0FCC     		ldmia	r4!, {r0, r1, r2, r3}
 413 0184 ACE80F00 		stmia	ip!, {r0, r1, r2, r3}
 414 0188 2368     		ldr	r3, [r4]
 415 018a 8CF80030 		strb	r3, [ip]
 109:Core/Src/bootloader_port_driver.c ****                 while(!(USART2->ISR & USART_ISR_TXE));
 416              		.loc 1 109 17 view .LVU116
 109:Core/Src/bootloader_port_driver.c ****                 while(!(USART2->ISR & USART_ISR_TXE));
 417              		.loc 1 109 66 is_stmt 0 view .LVU117
 418 018e 2846     		mov	r0, r5
 419 0190 FFF7FEFF 		bl	strlen
 420              	.LVL13:
 109:Core/Src/bootloader_port_driver.c ****                 while(!(USART2->ISR & USART_ISR_TXE));
 421              		.loc 1 109 17 discriminator 1 view .LVU118
 422 0194 4FF0FF33 		mov	r3, #-1
 423 0198 82B2     		uxth	r2, r0
 424 019a 2946     		mov	r1, r5
 425 019c 1848     		ldr	r0, .L21+16
 426 019e FFF7FEFF 		bl	HAL_UART_Transmit
 427              	.LVL14:
 110:Core/Src/bootloader_port_driver.c ****                 USART2->TDR = CMD_ACK;
 428              		.loc 1 110 17 is_stmt 1 view .LVU119
 429              	.L17:
ARM GAS  /tmp/ccmdPgy4.s 			page 12


 110:Core/Src/bootloader_port_driver.c ****                 USART2->TDR = CMD_ACK;
 430              		.loc 1 110 23 discriminator 1 view .LVU120
 110:Core/Src/bootloader_port_driver.c ****                 USART2->TDR = CMD_ACK;
 431              		.loc 1 110 31 is_stmt 0 discriminator 1 view .LVU121
 432 01a2 184B     		ldr	r3, .L21+20
 433 01a4 DB69     		ldr	r3, [r3, #28]
 110:Core/Src/bootloader_port_driver.c ****                 USART2->TDR = CMD_ACK;
 434              		.loc 1 110 23 discriminator 1 view .LVU122
 435 01a6 13F0800F 		tst	r3, #128
 436 01aa FAD0     		beq	.L17
 111:Core/Src/bootloader_port_driver.c **** 
 437              		.loc 1 111 17 is_stmt 1 view .LVU123
 111:Core/Src/bootloader_port_driver.c **** 
 438              		.loc 1 111 29 is_stmt 0 view .LVU124
 439 01ac 154B     		ldr	r3, .L21+20
 440 01ae 0622     		movs	r2, #6
 441 01b0 1A85     		strh	r2, [r3, #40]	@ movhi
 116:Core/Src/bootloader_port_driver.c ****             }
 442              		.loc 1 116 17 is_stmt 1 view .LVU125
 116:Core/Src/bootloader_port_driver.c ****             }
 443              		.loc 1 116 31 is_stmt 0 view .LVU126
 444 01b2 0F4B     		ldr	r3, .L21
 445 01b4 0022     		movs	r2, #0
 446 01b6 1A70     		strb	r2, [r3]
 447 01b8 74E7     		b	.L7
 448              	.L8:
 120:Core/Src/bootloader_port_driver.c ****             HAL_UART_Transmit(&huart2, (uint8_t*)serial_msg, strlen(serial_msg), HAL_MAX_DELAY);
 449              		.loc 1 120 13 is_stmt 1 view .LVU127
 450 01ba 0F4E     		ldr	r6, .L21+8
 451 01bc 3446     		mov	r4, r6
 452 01be 194D     		ldr	r5, .L21+52
 453 01c0 0FCD     		ldmia	r5!, {r0, r1, r2, r3}
 454 01c2 0FC4     		stmia	r4!, {r0, r1, r2, r3}
 455 01c4 0FCD     		ldmia	r5!, {r0, r1, r2, r3}
 456 01c6 0FC4     		stmia	r4!, {r0, r1, r2, r3}
 457 01c8 2B68     		ldr	r3, [r5]
 458 01ca 24F8023B 		strh	r3, [r4], #2	@ movhi
 459 01ce 1B0C     		lsrs	r3, r3, #16
 460 01d0 2370     		strb	r3, [r4]
 121:Core/Src/bootloader_port_driver.c ****             current_state = BOOT_STATE_WAIT_COMMAND;
 461              		.loc 1 121 13 view .LVU128
 121:Core/Src/bootloader_port_driver.c ****             current_state = BOOT_STATE_WAIT_COMMAND;
 462              		.loc 1 121 62 is_stmt 0 view .LVU129
 463 01d2 3046     		mov	r0, r6
 464 01d4 FFF7FEFF 		bl	strlen
 465              	.LVL15:
 121:Core/Src/bootloader_port_driver.c ****             current_state = BOOT_STATE_WAIT_COMMAND;
 466              		.loc 1 121 13 discriminator 1 view .LVU130
 467 01d8 4FF0FF33 		mov	r3, #-1
 468 01dc 82B2     		uxth	r2, r0
 469 01de 3146     		mov	r1, r6
 470 01e0 0748     		ldr	r0, .L21+16
 471 01e2 FFF7FEFF 		bl	HAL_UART_Transmit
 472              	.LVL16:
 122:Core/Src/bootloader_port_driver.c ****     }
 473              		.loc 1 122 13 is_stmt 1 view .LVU131
 122:Core/Src/bootloader_port_driver.c ****     }
ARM GAS  /tmp/ccmdPgy4.s 			page 13


 474              		.loc 1 122 27 is_stmt 0 view .LVU132
 475 01e6 024B     		ldr	r3, .L21
 476 01e8 0022     		movs	r2, #0
 477 01ea 1A70     		strb	r2, [r3]
 478              		.loc 1 124 1 view .LVU133
 479 01ec 5AE7     		b	.L7
 480              	.L22:
 481 01ee 00BF     		.align	2
 482              	.L21:
 483 01f0 00000000 		.word	current_state
 484 01f4 00000000 		.word	uart_buffer_rx
 485 01f8 00000000 		.word	serial_msg
 486 01fc 00000000 		.word	.LC0
 487 0200 00000000 		.word	huart2
 488 0204 00440040 		.word	1073759232
 489 0208 00200000 		.word	uart_buffer_rx+8192
 490 020c 00000000 		.word	expected_file_size
 491 0210 18000000 		.word	.LC1
 492 0214 2C000000 		.word	.LC2
 493 0218 00000000 		.word	expected_chunk_size
 494 021c 40000000 		.word	.LC3
 495 0220 54000000 		.word	.LC4
 496 0224 78000000 		.word	.LC5
 497              		.cfi_endproc
 498              	.LFE136:
 500              		.section	.text.UART_Bytes_to_Read,"ax",%progbits
 501              		.align	1
 502              		.global	UART_Bytes_to_Read
 503              		.syntax unified
 504              		.thumb
 505              		.thumb_func
 507              	UART_Bytes_to_Read:
 508              	.LFB137:
 125:Core/Src/bootloader_port_driver.c **** 
 126:Core/Src/bootloader_port_driver.c **** uint32_t UART_Bytes_to_Read(void) {
 509              		.loc 1 126 35 is_stmt 1 view -0
 510              		.cfi_startproc
 511              		@ args = 0, pretend = 0, frame = 0
 512              		@ frame_needed = 0, uses_anonymous_args = 0
 513              		@ link register save eliminated.
 127:Core/Src/bootloader_port_driver.c **** 	if (uart_buffer_rx.buffer_head_pointer >= uart_buffer_rx.buffer_tail_pointer) {
 514              		.loc 1 127 2 view .LVU135
 515              		.loc 1 127 20 is_stmt 0 view .LVU136
 516 0000 0B4B     		ldr	r3, .L26
 517 0002 D3F81027 		ldr	r2, [r3, #1808]
 518              		.loc 1 127 58 view .LVU137
 519 0006 D3F81437 		ldr	r3, [r3, #1812]
 520              		.loc 1 127 5 view .LVU138
 521 000a 9A42     		cmp	r2, r3
 522 000c 06D3     		bcc	.L24
 128:Core/Src/bootloader_port_driver.c **** 		return uart_buffer_rx.buffer_head_pointer - uart_buffer_rx.buffer_tail_pointer;
 523              		.loc 1 128 3 is_stmt 1 view .LVU139
 524              		.loc 1 128 24 is_stmt 0 view .LVU140
 525 000e 084B     		ldr	r3, .L26
 526 0010 D3F81007 		ldr	r0, [r3, #1808]
 527              		.loc 1 128 61 view .LVU141
 528 0014 D3F81437 		ldr	r3, [r3, #1812]
ARM GAS  /tmp/ccmdPgy4.s 			page 14


 529              		.loc 1 128 45 view .LVU142
 530 0018 C01A     		subs	r0, r0, r3
 531 001a 7047     		bx	lr
 532              	.L24:
 129:Core/Src/bootloader_port_driver.c **** 	}
 130:Core/Src/bootloader_port_driver.c **** 	else {
 131:Core/Src/bootloader_port_driver.c **** 		return (BUFFER_SIZE + uart_buffer_rx.buffer_head_pointer - uart_buffer_rx.buffer_tail_pointer);
 533              		.loc 1 131 3 is_stmt 1 view .LVU143
 534              		.loc 1 131 39 is_stmt 0 view .LVU144
 535 001c 044B     		ldr	r3, .L26
 536 001e D3F81007 		ldr	r0, [r3, #1808]
 537              		.loc 1 131 76 view .LVU145
 538 0022 D3F81437 		ldr	r3, [r3, #1812]
 539              		.loc 1 131 60 view .LVU146
 540 0026 C01A     		subs	r0, r0, r3
 541 0028 00F51C50 		add	r0, r0, #9984
 542 002c 1030     		adds	r0, r0, #16
 132:Core/Src/bootloader_port_driver.c **** 	}
 133:Core/Src/bootloader_port_driver.c **** }
 543              		.loc 1 133 1 view .LVU147
 544 002e 7047     		bx	lr
 545              	.L27:
 546              		.align	2
 547              	.L26:
 548 0030 00200000 		.word	uart_buffer_rx+8192
 549              		.cfi_endproc
 550              	.LFE137:
 552              		.section	.text.USART2_IRQHandler,"ax",%progbits
 553              		.align	1
 554              		.global	USART2_IRQHandler
 555              		.syntax unified
 556              		.thumb
 557              		.thumb_func
 559              	USART2_IRQHandler:
 560              	.LFB138:
 134:Core/Src/bootloader_port_driver.c **** void USART2_IRQHandler(void) {
 561              		.loc 1 134 30 is_stmt 1 view -0
 562              		.cfi_startproc
 563              		@ args = 0, pretend = 0, frame = 0
 564              		@ frame_needed = 0, uses_anonymous_args = 0
 565              		@ link register save eliminated.
 135:Core/Src/bootloader_port_driver.c ****     if((USART2->ISR & USART_ISR_RXNE) && (USART2->CR1 & USART_CR1_RXNEIE)) {
 566              		.loc 1 135 5 view .LVU149
 567              		.loc 1 135 15 is_stmt 0 view .LVU150
 568 0000 0C4B     		ldr	r3, .L30
 569 0002 DB69     		ldr	r3, [r3, #28]
 570              		.loc 1 135 7 view .LVU151
 571 0004 13F0200F 		tst	r3, #32
 572 0008 12D0     		beq	.L28
 573              		.loc 1 135 49 discriminator 1 view .LVU152
 574 000a 0A4B     		ldr	r3, .L30
 575 000c 1B68     		ldr	r3, [r3]
 576              		.loc 1 135 39 discriminator 1 view .LVU153
 577 000e 13F0200F 		tst	r3, #32
 578 0012 0DD0     		beq	.L28
 136:Core/Src/bootloader_port_driver.c ****         uart_buffer_rx.buffer[uart_buffer_rx.buffer_head_pointer] = USART2->RDR;
 579              		.loc 1 136 9 is_stmt 1 view .LVU154
ARM GAS  /tmp/ccmdPgy4.s 			page 15


 580              		.loc 1 136 75 is_stmt 0 view .LVU155
 581 0014 074B     		ldr	r3, .L30
 582 0016 9A8C     		ldrh	r2, [r3, #36]
 583              		.loc 1 136 45 view .LVU156
 584 0018 0749     		ldr	r1, .L30+4
 585 001a 01F50053 		add	r3, r1, #8192
 586 001e D3F81007 		ldr	r0, [r3, #1808]
 587              		.loc 1 136 67 view .LVU157
 588 0022 D2B2     		uxtb	r2, r2
 589 0024 0A54     		strb	r2, [r1, r0]
 137:Core/Src/bootloader_port_driver.c ****         uart_buffer_rx.buffer_head_pointer++;
 590              		.loc 1 137 9 is_stmt 1 view .LVU158
 591              		.loc 1 137 23 is_stmt 0 view .LVU159
 592 0026 D3F81027 		ldr	r2, [r3, #1808]
 593              		.loc 1 137 43 view .LVU160
 594 002a 0132     		adds	r2, r2, #1
 595 002c C3F81027 		str	r2, [r3, #1808]
 596              	.L28:
 138:Core/Src/bootloader_port_driver.c ****     }
 139:Core/Src/bootloader_port_driver.c **** }
 597              		.loc 1 139 1 view .LVU161
 598 0030 7047     		bx	lr
 599              	.L31:
 600 0032 00BF     		.align	2
 601              	.L30:
 602 0034 00440040 		.word	1073759232
 603 0038 00000000 		.word	uart_buffer_rx
 604              		.cfi_endproc
 605              	.LFE138:
 607              		.global	serial_msg
 608              		.section	.bss.serial_msg,"aw",%nobits
 609              		.align	2
 612              	serial_msg:
 613 0000 00000000 		.space	50
 613      00000000 
 613      00000000 
 613      00000000 
 613      00000000 
 614              		.global	received_bytes
 615              		.section	.bss.received_bytes,"aw",%nobits
 616              		.align	1
 619              	received_bytes:
 620 0000 0000     		.space	2
 621              		.global	expected_chunk_size
 622              		.section	.bss.expected_chunk_size,"aw",%nobits
 625              	expected_chunk_size:
 626 0000 00       		.space	1
 627              		.global	expected_file_size
 628              		.section	.bss.expected_file_size,"aw",%nobits
 629              		.align	2
 632              	expected_file_size:
 633 0000 00000000 		.space	4
 634              		.global	current_state
 635              		.section	.bss.current_state,"aw",%nobits
 638              	current_state:
 639 0000 00       		.space	1
 640              		.global	huart2
ARM GAS  /tmp/ccmdPgy4.s 			page 16


 641              		.section	.bss.huart2,"aw",%nobits
 642              		.align	2
 645              	huart2:
 646 0000 00000000 		.space	136
 646      00000000 
 646      00000000 
 646      00000000 
 646      00000000 
 647              		.global	uart_buffer_tx
 648              		.section	.bss.uart_buffer_tx,"aw",%nobits
 649              		.align	2
 652              	uart_buffer_tx:
 653 0000 00000000 		.space	10012
 653      00000000 
 653      00000000 
 653      00000000 
 653      00000000 
 654              		.global	uart_buffer_rx
 655              		.section	.bss.uart_buffer_rx,"aw",%nobits
 656              		.align	2
 659              	uart_buffer_rx:
 660 0000 00000000 		.space	10012
 660      00000000 
 660      00000000 
 660      00000000 
 660      00000000 
 661              		.text
 662              	.Letext0:
 663              		.file 2 "/usr/arm-none-eabi/include/machine/_default_types.h"
 664              		.file 3 "/usr/arm-none-eabi/include/sys/_stdint.h"
 665              		.file 4 "Drivers/CMSIS/Device/ST/STM32L4xx/Include/stm32l476xx.h"
 666              		.file 5 "/usr/lib/gcc/arm-none-eabi/14.2.0/include/stddef.h"
 667              		.file 6 "Drivers/STM32L4xx_HAL_Driver/Inc/stm32l4xx_hal_def.h"
 668              		.file 7 "Drivers/STM32L4xx_HAL_Driver/Inc/stm32l4xx_hal_dma.h"
 669              		.file 8 "Drivers/STM32L4xx_HAL_Driver/Inc/stm32l4xx_hal_uart.h"
 670              		.file 9 "Core/Inc/bootloader_port_driver.h"
 671              		.file 10 "/usr/arm-none-eabi/include/string.h"
 672              		.file 11 "/usr/arm-none-eabi/include/stdio.h"
 673              		.file 12 "Drivers/STM32L4xx_HAL_Driver/Inc/stm32l4xx_hal_gpio.h"
 674              		.file 13 "Core/Inc/main.h"
ARM GAS  /tmp/ccmdPgy4.s 			page 17


DEFINED SYMBOLS
                            *ABS*:00000000 bootloader_port_driver.c
     /tmp/ccmdPgy4.s:21     .text.bootloader_uart_init:00000000 $t
     /tmp/ccmdPgy4.s:27     .text.bootloader_uart_init:00000000 bootloader_uart_init
     /tmp/ccmdPgy4.s:116    .text.bootloader_uart_init:00000058 $d
     /tmp/ccmdPgy4.s:645    .bss.huart2:00000000 huart2
     /tmp/ccmdPgy4.s:659    .bss.uart_buffer_rx:00000000 uart_buffer_rx
     /tmp/ccmdPgy4.s:652    .bss.uart_buffer_tx:00000000 uart_buffer_tx
     /tmp/ccmdPgy4.s:124    .rodata.bootloader_sm_handler.str1.4:00000000 $d
     /tmp/ccmdPgy4.s:143    .text.bootloader_sm_handler:00000000 $t
     /tmp/ccmdPgy4.s:149    .text.bootloader_sm_handler:00000000 bootloader_sm_handler
     /tmp/ccmdPgy4.s:171    .text.bootloader_sm_handler:00000012 $d
     /tmp/ccmdPgy4.s:175    .text.bootloader_sm_handler:00000016 $t
     /tmp/ccmdPgy4.s:483    .text.bootloader_sm_handler:000001f0 $d
     /tmp/ccmdPgy4.s:638    .bss.current_state:00000000 current_state
     /tmp/ccmdPgy4.s:612    .bss.serial_msg:00000000 serial_msg
     /tmp/ccmdPgy4.s:632    .bss.expected_file_size:00000000 expected_file_size
     /tmp/ccmdPgy4.s:625    .bss.expected_chunk_size:00000000 expected_chunk_size
     /tmp/ccmdPgy4.s:501    .text.UART_Bytes_to_Read:00000000 $t
     /tmp/ccmdPgy4.s:507    .text.UART_Bytes_to_Read:00000000 UART_Bytes_to_Read
     /tmp/ccmdPgy4.s:548    .text.UART_Bytes_to_Read:00000030 $d
     /tmp/ccmdPgy4.s:553    .text.USART2_IRQHandler:00000000 $t
     /tmp/ccmdPgy4.s:559    .text.USART2_IRQHandler:00000000 USART2_IRQHandler
     /tmp/ccmdPgy4.s:602    .text.USART2_IRQHandler:00000034 $d
     /tmp/ccmdPgy4.s:609    .bss.serial_msg:00000000 $d
     /tmp/ccmdPgy4.s:619    .bss.received_bytes:00000000 received_bytes
     /tmp/ccmdPgy4.s:616    .bss.received_bytes:00000000 $d
     /tmp/ccmdPgy4.s:626    .bss.expected_chunk_size:00000000 $d
     /tmp/ccmdPgy4.s:629    .bss.expected_file_size:00000000 $d
     /tmp/ccmdPgy4.s:639    .bss.current_state:00000000 $d
     /tmp/ccmdPgy4.s:642    .bss.huart2:00000000 $d
     /tmp/ccmdPgy4.s:649    .bss.uart_buffer_tx:00000000 $d
     /tmp/ccmdPgy4.s:656    .bss.uart_buffer_rx:00000000 $d

UNDEFINED SYMBOLS
HAL_UART_Init
Error_Handler
strlen
HAL_UART_Transmit
sprintf
HAL_GPIO_TogglePin
