ARM GAS  /tmp/ccWhcuOz.s 			page 1


   1              		.cpu cortex-m4
   2              		.arch armv7e-m
   3              		.fpu fpv4-sp-d16
   4              		.eabi_attribute 27, 1
   5              		.eabi_attribute 28, 1
   6              		.eabi_attribute 20, 1
   7              		.eabi_attribute 21, 1
   8              		.eabi_attribute 23, 3
   9              		.eabi_attribute 24, 1
  10              		.eabi_attribute 25, 1
  11              		.eabi_attribute 26, 1
  12              		.eabi_attribute 30, 1
  13              		.eabi_attribute 34, 1
  14              		.eabi_attribute 18, 4
  15              		.file	"main.c"
  16              		.text
  17              	.Ltext0:
  18              		.cfi_sections	.debug_frame
  19              		.file 1 "Core/Src/main.c"
  20              		.section	.text.MX_GPIO_Init,"ax",%progbits
  21              		.align	1
  22              		.syntax unified
  23              		.thumb
  24              		.thumb_func
  26              	MX_GPIO_Init:
  27              	.LFB138:
   1:Core/Src/main.c **** /* USER CODE BEGIN Header */
   2:Core/Src/main.c **** /**
   3:Core/Src/main.c **** ******************************************************************************
   4:Core/Src/main.c **** * @file           : main.c
   5:Core/Src/main.c **** * @brief          : Main program body
   6:Core/Src/main.c **** ******************************************************************************
   7:Core/Src/main.c **** * @attention
   8:Core/Src/main.c **** *
   9:Core/Src/main.c **** * Copyright (c) 2024 STMicroelectronics.
  10:Core/Src/main.c **** * All rights reserved.
  11:Core/Src/main.c **** *
  12:Core/Src/main.c **** * This software is licensed under terms that can be found in the LICENSE file
  13:Core/Src/main.c **** * in the root directory of this software component.
  14:Core/Src/main.c **** * If no LICENSE file comes with this software, it is provided AS-IS.
  15:Core/Src/main.c **** *
  16:Core/Src/main.c **** ******************************************************************************
  17:Core/Src/main.c **** */
  18:Core/Src/main.c **** /* USER CODE END Header */
  19:Core/Src/main.c **** /* Includes ------------------------------------------------------------------*/
  20:Core/Src/main.c **** #include "main.h"
  21:Core/Src/main.c **** 
  22:Core/Src/main.c **** /* Private includes ----------------------------------------------------------*/
  23:Core/Src/main.c **** /* USER CODE BEGIN Includes */
  24:Core/Src/main.c **** #include <string.h>
  25:Core/Src/main.c **** #include <stdio.h>
  26:Core/Src/main.c **** #include "button_driver.h"
  27:Core/Src/main.c **** #include "goto_address.h"
  28:Core/Src/main.c **** #include "bootloader_port_driver.h"
  29:Core/Src/main.c **** /* USER CODE END Includes */
  30:Core/Src/main.c **** 
  31:Core/Src/main.c **** /* Private typedef -----------------------------------------------------------*/
ARM GAS  /tmp/ccWhcuOz.s 			page 2


  32:Core/Src/main.c **** /* USER CODE BEGIN PTD */
  33:Core/Src/main.c **** 
  34:Core/Src/main.c **** /* USER CODE END PTD */
  35:Core/Src/main.c **** 
  36:Core/Src/main.c **** /* Private define ------------------------------------------------------------*/
  37:Core/Src/main.c **** /* USER CODE BEGIN PD */
  38:Core/Src/main.c **** 
  39:Core/Src/main.c **** /* USER CODE END PD */
  40:Core/Src/main.c **** 
  41:Core/Src/main.c **** /* Private macro -------------------------------------------------------------*/
  42:Core/Src/main.c **** /* USER CODE BEGIN PM */
  43:Core/Src/main.c **** /* USER CODE END PM */
  44:Core/Src/main.c **** 
  45:Core/Src/main.c **** /* Private variables ---------------------------------------------------------*/
  46:Core/Src/main.c **** 
  47:Core/Src/main.c **** /* USER CODE BEGIN PV */
  48:Core/Src/main.c **** /* USER CODE END PV */
  49:Core/Src/main.c **** 
  50:Core/Src/main.c **** /* Private function prototypes -----------------------------------------------*/
  51:Core/Src/main.c **** void SystemClock_Config(void);
  52:Core/Src/main.c **** static void MX_GPIO_Init(void);
  53:Core/Src/main.c **** static void MX_USART2_UART_Init(void);
  54:Core/Src/main.c **** /* USER CODE BEGIN PFP */
  55:Core/Src/main.c **** /* USER CODE END PFP */
  56:Core/Src/main.c **** 
  57:Core/Src/main.c **** /* Private user code ---------------------------------------------------------*/
  58:Core/Src/main.c **** /* USER CODE BEGIN 0 */
  59:Core/Src/main.c **** /* USER CODE END 0 */
  60:Core/Src/main.c **** 
  61:Core/Src/main.c **** /**
  62:Core/Src/main.c ****   * @brief  The application entry point.
  63:Core/Src/main.c ****   * @retval int
  64:Core/Src/main.c ****   */
  65:Core/Src/main.c **** int main(void)
  66:Core/Src/main.c **** {
  67:Core/Src/main.c **** 
  68:Core/Src/main.c ****   /* USER CODE BEGIN 1 */
  69:Core/Src/main.c ****     char buffer[50];
  70:Core/Src/main.c ****   /* USER CODE END 1 */
  71:Core/Src/main.c **** 
  72:Core/Src/main.c ****   /* MCU Configuration--------------------------------------------------------*/
  73:Core/Src/main.c **** 
  74:Core/Src/main.c ****   /* Reset of all peripherals, Initializes the Flash interface and the Systick. */
  75:Core/Src/main.c ****   HAL_Init();
  76:Core/Src/main.c **** 
  77:Core/Src/main.c ****   /* USER CODE BEGIN Init */
  78:Core/Src/main.c **** 
  79:Core/Src/main.c ****   /* USER CODE END Init */
  80:Core/Src/main.c **** 
  81:Core/Src/main.c ****   /* Configure the system clock */
  82:Core/Src/main.c ****   SystemClock_Config();
  83:Core/Src/main.c **** 
  84:Core/Src/main.c ****   /* USER CODE BEGIN SysInit */
  85:Core/Src/main.c **** 
  86:Core/Src/main.c ****   /* USER CODE END SysInit */
  87:Core/Src/main.c **** 
  88:Core/Src/main.c ****   /* Initialize all configured peripherals */
ARM GAS  /tmp/ccWhcuOz.s 			page 3


  89:Core/Src/main.c ****   MX_GPIO_Init();
  90:Core/Src/main.c ****   //MX_USART2_UART_Init();
  91:Core/Src/main.c ****   /* USER CODE BEGIN 2 */
  92:Core/Src/main.c ****     bootloader_uart_init();
  93:Core/Src/main.c ****     sprintf(buffer, "\n\rNow progam is in the bootloader\r\n");
  94:Core/Src/main.c ****     HAL_UART_Transmit(&huart2, (uint8_t *)buffer, strlen((const char*) buffer), 10);
  95:Core/Src/main.c ****     button_init();
  96:Core/Src/main.c ****   /* USER CODE END 2 */
  97:Core/Src/main.c **** 
  98:Core/Src/main.c ****   /* Infinite loop */
  99:Core/Src/main.c ****   /* USER CODE BEGIN WHILE */
 100:Core/Src/main.c ****     while (1)
 101:Core/Src/main.c ****     {
 102:Core/Src/main.c ****     /* USER CODE END WHILE */
 103:Core/Src/main.c ****         bootloader_sm_handler();
 104:Core/Src/main.c ****     /* USER CODE BEGIN 3 */
 105:Core/Src/main.c ****     }
 106:Core/Src/main.c ****   /* USER CODE END 3 */
 107:Core/Src/main.c **** }
 108:Core/Src/main.c **** 
 109:Core/Src/main.c **** /**
 110:Core/Src/main.c ****   * @brief System Clock Configuration
 111:Core/Src/main.c ****   * @retval None
 112:Core/Src/main.c ****   */
 113:Core/Src/main.c **** void SystemClock_Config(void)
 114:Core/Src/main.c **** {
 115:Core/Src/main.c ****   RCC_OscInitTypeDef RCC_OscInitStruct = {0};
 116:Core/Src/main.c ****   RCC_ClkInitTypeDef RCC_ClkInitStruct = {0};
 117:Core/Src/main.c **** 
 118:Core/Src/main.c ****   /** Configure the main internal regulator output voltage
 119:Core/Src/main.c ****   */
 120:Core/Src/main.c ****   if (HAL_PWREx_ControlVoltageScaling(PWR_REGULATOR_VOLTAGE_SCALE1) != HAL_OK)
 121:Core/Src/main.c ****   {
 122:Core/Src/main.c ****     Error_Handler();
 123:Core/Src/main.c ****   }
 124:Core/Src/main.c **** 
 125:Core/Src/main.c ****   /** Initializes the RCC Oscillators according to the specified parameters
 126:Core/Src/main.c ****   * in the RCC_OscInitTypeDef structure.
 127:Core/Src/main.c ****   */
 128:Core/Src/main.c ****   RCC_OscInitStruct.OscillatorType = RCC_OSCILLATORTYPE_HSI;
 129:Core/Src/main.c ****   RCC_OscInitStruct.HSIState = RCC_HSI_ON;
 130:Core/Src/main.c ****   RCC_OscInitStruct.HSICalibrationValue = RCC_HSICALIBRATION_DEFAULT;
 131:Core/Src/main.c ****   RCC_OscInitStruct.PLL.PLLState = RCC_PLL_ON;
 132:Core/Src/main.c ****   RCC_OscInitStruct.PLL.PLLSource = RCC_PLLSOURCE_HSI;
 133:Core/Src/main.c ****   RCC_OscInitStruct.PLL.PLLM = 1;
 134:Core/Src/main.c ****   RCC_OscInitStruct.PLL.PLLN = 10;
 135:Core/Src/main.c ****   RCC_OscInitStruct.PLL.PLLP = RCC_PLLP_DIV7;
 136:Core/Src/main.c ****   RCC_OscInitStruct.PLL.PLLQ = RCC_PLLQ_DIV2;
 137:Core/Src/main.c ****   RCC_OscInitStruct.PLL.PLLR = RCC_PLLR_DIV2;
 138:Core/Src/main.c ****   if (HAL_RCC_OscConfig(&RCC_OscInitStruct) != HAL_OK)
 139:Core/Src/main.c ****   {
 140:Core/Src/main.c ****     Error_Handler();
 141:Core/Src/main.c ****   }
 142:Core/Src/main.c **** 
 143:Core/Src/main.c ****   /** Initializes the CPU, AHB and APB buses clocks
 144:Core/Src/main.c ****   */
 145:Core/Src/main.c ****   RCC_ClkInitStruct.ClockType = RCC_CLOCKTYPE_HCLK|RCC_CLOCKTYPE_SYSCLK
ARM GAS  /tmp/ccWhcuOz.s 			page 4


 146:Core/Src/main.c ****                               |RCC_CLOCKTYPE_PCLK1|RCC_CLOCKTYPE_PCLK2;
 147:Core/Src/main.c ****   RCC_ClkInitStruct.SYSCLKSource = RCC_SYSCLKSOURCE_PLLCLK;
 148:Core/Src/main.c ****   RCC_ClkInitStruct.AHBCLKDivider = RCC_SYSCLK_DIV1;
 149:Core/Src/main.c ****   RCC_ClkInitStruct.APB1CLKDivider = RCC_HCLK_DIV1;
 150:Core/Src/main.c ****   RCC_ClkInitStruct.APB2CLKDivider = RCC_HCLK_DIV1;
 151:Core/Src/main.c **** 
 152:Core/Src/main.c ****   if (HAL_RCC_ClockConfig(&RCC_ClkInitStruct, FLASH_LATENCY_4) != HAL_OK)
 153:Core/Src/main.c ****   {
 154:Core/Src/main.c ****     Error_Handler();
 155:Core/Src/main.c ****   }
 156:Core/Src/main.c **** }
 157:Core/Src/main.c **** 
 158:Core/Src/main.c **** /**
 159:Core/Src/main.c ****   * @brief USART2 Initialization Function
 160:Core/Src/main.c ****   * @param None
 161:Core/Src/main.c ****   * @retval None
 162:Core/Src/main.c ****   */
 163:Core/Src/main.c **** static void MX_USART2_UART_Init(void)
 164:Core/Src/main.c **** {
 165:Core/Src/main.c **** 
 166:Core/Src/main.c ****   /* USER CODE BEGIN USART2_Init 0 */
 167:Core/Src/main.c **** 
 168:Core/Src/main.c ****   /* USER CODE END USART2_Init 0 */
 169:Core/Src/main.c **** 
 170:Core/Src/main.c ****   /* USER CODE BEGIN USART2_Init 1 */
 171:Core/Src/main.c **** 
 172:Core/Src/main.c ****   /* USER CODE END USART2_Init 1 */
 173:Core/Src/main.c ****   huart2.Instance = USART2;
 174:Core/Src/main.c ****   huart2.Init.BaudRate = 115200;
 175:Core/Src/main.c ****   huart2.Init.WordLength = UART_WORDLENGTH_8B;
 176:Core/Src/main.c ****   huart2.Init.StopBits = UART_STOPBITS_1;
 177:Core/Src/main.c ****   huart2.Init.Parity = UART_PARITY_NONE;
 178:Core/Src/main.c ****   huart2.Init.Mode = UART_MODE_TX_RX;
 179:Core/Src/main.c ****   huart2.Init.HwFlowCtl = UART_HWCONTROL_NONE;
 180:Core/Src/main.c ****   huart2.Init.OverSampling = UART_OVERSAMPLING_16;
 181:Core/Src/main.c ****   huart2.Init.OneBitSampling = UART_ONE_BIT_SAMPLE_DISABLE;
 182:Core/Src/main.c ****   huart2.AdvancedInit.AdvFeatureInit = UART_ADVFEATURE_NO_INIT;
 183:Core/Src/main.c ****   if (HAL_UART_Init(&huart2) != HAL_OK)
 184:Core/Src/main.c ****   {
 185:Core/Src/main.c ****     Error_Handler();
 186:Core/Src/main.c ****   }
 187:Core/Src/main.c ****   /* USER CODE BEGIN USART2_Init 2 */
 188:Core/Src/main.c **** 
 189:Core/Src/main.c ****   /* USER CODE END USART2_Init 2 */
 190:Core/Src/main.c **** 
 191:Core/Src/main.c **** }
 192:Core/Src/main.c **** 
 193:Core/Src/main.c **** /**
 194:Core/Src/main.c ****   * @brief GPIO Initialization Function
 195:Core/Src/main.c ****   * @param None
 196:Core/Src/main.c ****   * @retval None
 197:Core/Src/main.c ****   */
 198:Core/Src/main.c **** static void MX_GPIO_Init(void)
 199:Core/Src/main.c **** {
  28              		.loc 1 199 1 view -0
  29              		.cfi_startproc
  30              		@ args = 0, pretend = 0, frame = 40
ARM GAS  /tmp/ccWhcuOz.s 			page 5


  31              		@ frame_needed = 0, uses_anonymous_args = 0
  32 0000 30B5     		push	{r4, r5, lr}
  33              	.LCFI0:
  34              		.cfi_def_cfa_offset 12
  35              		.cfi_offset 4, -12
  36              		.cfi_offset 5, -8
  37              		.cfi_offset 14, -4
  38 0002 8BB0     		sub	sp, sp, #44
  39              	.LCFI1:
  40              		.cfi_def_cfa_offset 56
 200:Core/Src/main.c ****   GPIO_InitTypeDef GPIO_InitStruct = {0};
  41              		.loc 1 200 3 view .LVU1
  42              		.loc 1 200 20 is_stmt 0 view .LVU2
  43 0004 05AD     		add	r5, sp, #20
  44 0006 0024     		movs	r4, #0
  45 0008 0594     		str	r4, [sp, #20]
  46 000a 0694     		str	r4, [sp, #24]
  47 000c 0794     		str	r4, [sp, #28]
  48 000e 0894     		str	r4, [sp, #32]
  49 0010 0994     		str	r4, [sp, #36]
 201:Core/Src/main.c **** /* USER CODE BEGIN MX_GPIO_Init_1 */
 202:Core/Src/main.c **** /* USER CODE END MX_GPIO_Init_1 */
 203:Core/Src/main.c **** 
 204:Core/Src/main.c ****   /* GPIO Ports Clock Enable */
 205:Core/Src/main.c ****   __HAL_RCC_GPIOC_CLK_ENABLE();
  50              		.loc 1 205 3 is_stmt 1 view .LVU3
  51              	.LBB4:
  52              		.loc 1 205 3 view .LVU4
  53              		.loc 1 205 3 view .LVU5
  54 0012 214B     		ldr	r3, .L3
  55 0014 DA6C     		ldr	r2, [r3, #76]
  56 0016 42F00402 		orr	r2, r2, #4
  57 001a DA64     		str	r2, [r3, #76]
  58              		.loc 1 205 3 view .LVU6
  59 001c DA6C     		ldr	r2, [r3, #76]
  60 001e 02F00402 		and	r2, r2, #4
  61 0022 0192     		str	r2, [sp, #4]
  62              		.loc 1 205 3 view .LVU7
  63 0024 019A     		ldr	r2, [sp, #4]
  64              	.LBE4:
  65              		.loc 1 205 3 view .LVU8
 206:Core/Src/main.c ****   __HAL_RCC_GPIOH_CLK_ENABLE();
  66              		.loc 1 206 3 view .LVU9
  67              	.LBB5:
  68              		.loc 1 206 3 view .LVU10
  69              		.loc 1 206 3 view .LVU11
  70 0026 DA6C     		ldr	r2, [r3, #76]
  71 0028 42F08002 		orr	r2, r2, #128
  72 002c DA64     		str	r2, [r3, #76]
  73              		.loc 1 206 3 view .LVU12
  74 002e DA6C     		ldr	r2, [r3, #76]
  75 0030 02F08002 		and	r2, r2, #128
  76 0034 0292     		str	r2, [sp, #8]
  77              		.loc 1 206 3 view .LVU13
  78 0036 029A     		ldr	r2, [sp, #8]
  79              	.LBE5:
  80              		.loc 1 206 3 view .LVU14
ARM GAS  /tmp/ccWhcuOz.s 			page 6


 207:Core/Src/main.c ****   __HAL_RCC_GPIOA_CLK_ENABLE();
  81              		.loc 1 207 3 view .LVU15
  82              	.LBB6:
  83              		.loc 1 207 3 view .LVU16
  84              		.loc 1 207 3 view .LVU17
  85 0038 DA6C     		ldr	r2, [r3, #76]
  86 003a 42F00102 		orr	r2, r2, #1
  87 003e DA64     		str	r2, [r3, #76]
  88              		.loc 1 207 3 view .LVU18
  89 0040 DA6C     		ldr	r2, [r3, #76]
  90 0042 02F00102 		and	r2, r2, #1
  91 0046 0392     		str	r2, [sp, #12]
  92              		.loc 1 207 3 view .LVU19
  93 0048 039A     		ldr	r2, [sp, #12]
  94              	.LBE6:
  95              		.loc 1 207 3 view .LVU20
 208:Core/Src/main.c ****   __HAL_RCC_GPIOB_CLK_ENABLE();
  96              		.loc 1 208 3 view .LVU21
  97              	.LBB7:
  98              		.loc 1 208 3 view .LVU22
  99              		.loc 1 208 3 view .LVU23
 100 004a DA6C     		ldr	r2, [r3, #76]
 101 004c 42F00202 		orr	r2, r2, #2
 102 0050 DA64     		str	r2, [r3, #76]
 103              		.loc 1 208 3 view .LVU24
 104 0052 DB6C     		ldr	r3, [r3, #76]
 105 0054 03F00203 		and	r3, r3, #2
 106 0058 0493     		str	r3, [sp, #16]
 107              		.loc 1 208 3 view .LVU25
 108 005a 049B     		ldr	r3, [sp, #16]
 109              	.LBE7:
 110              		.loc 1 208 3 view .LVU26
 209:Core/Src/main.c **** 
 210:Core/Src/main.c ****   /*Configure GPIO pin Output Level */
 211:Core/Src/main.c ****   HAL_GPIO_WritePin(LD2_GPIO_Port, LD2_Pin, GPIO_PIN_RESET);
 111              		.loc 1 211 3 view .LVU27
 112 005c 2246     		mov	r2, r4
 113 005e 2021     		movs	r1, #32
 114 0060 4FF09040 		mov	r0, #1207959552
 115 0064 FFF7FEFF 		bl	HAL_GPIO_WritePin
 116              	.LVL0:
 212:Core/Src/main.c **** 
 213:Core/Src/main.c ****   /*Configure GPIO pin : B1_Pin */
 214:Core/Src/main.c ****   GPIO_InitStruct.Pin = B1_Pin;
 117              		.loc 1 214 3 view .LVU28
 118              		.loc 1 214 23 is_stmt 0 view .LVU29
 119 0068 4FF40053 		mov	r3, #8192
 120 006c 0593     		str	r3, [sp, #20]
 215:Core/Src/main.c ****   GPIO_InitStruct.Mode = GPIO_MODE_IT_FALLING;
 121              		.loc 1 215 3 is_stmt 1 view .LVU30
 122              		.loc 1 215 24 is_stmt 0 view .LVU31
 123 006e 4FF40413 		mov	r3, #2162688
 124 0072 0693     		str	r3, [sp, #24]
 216:Core/Src/main.c ****   GPIO_InitStruct.Pull = GPIO_NOPULL;
 125              		.loc 1 216 3 is_stmt 1 view .LVU32
 126              		.loc 1 216 24 is_stmt 0 view .LVU33
 127 0074 0794     		str	r4, [sp, #28]
ARM GAS  /tmp/ccWhcuOz.s 			page 7


 217:Core/Src/main.c ****   HAL_GPIO_Init(B1_GPIO_Port, &GPIO_InitStruct);
 128              		.loc 1 217 3 is_stmt 1 view .LVU34
 129 0076 2946     		mov	r1, r5
 130 0078 0848     		ldr	r0, .L3+4
 131 007a FFF7FEFF 		bl	HAL_GPIO_Init
 132              	.LVL1:
 218:Core/Src/main.c **** 
 219:Core/Src/main.c ****   /*Configure GPIO pin : LD2_Pin */
 220:Core/Src/main.c ****   GPIO_InitStruct.Pin = LD2_Pin;
 133              		.loc 1 220 3 view .LVU35
 134              		.loc 1 220 23 is_stmt 0 view .LVU36
 135 007e 2023     		movs	r3, #32
 136 0080 0593     		str	r3, [sp, #20]
 221:Core/Src/main.c ****   GPIO_InitStruct.Mode = GPIO_MODE_OUTPUT_PP;
 137              		.loc 1 221 3 is_stmt 1 view .LVU37
 138              		.loc 1 221 24 is_stmt 0 view .LVU38
 139 0082 0123     		movs	r3, #1
 140 0084 0693     		str	r3, [sp, #24]
 222:Core/Src/main.c ****   GPIO_InitStruct.Pull = GPIO_NOPULL;
 141              		.loc 1 222 3 is_stmt 1 view .LVU39
 142              		.loc 1 222 24 is_stmt 0 view .LVU40
 143 0086 0794     		str	r4, [sp, #28]
 223:Core/Src/main.c ****   GPIO_InitStruct.Speed = GPIO_SPEED_FREQ_LOW;
 144              		.loc 1 223 3 is_stmt 1 view .LVU41
 145              		.loc 1 223 25 is_stmt 0 view .LVU42
 146 0088 0894     		str	r4, [sp, #32]
 224:Core/Src/main.c ****   HAL_GPIO_Init(LD2_GPIO_Port, &GPIO_InitStruct);
 147              		.loc 1 224 3 is_stmt 1 view .LVU43
 148 008a 2946     		mov	r1, r5
 149 008c 4FF09040 		mov	r0, #1207959552
 150 0090 FFF7FEFF 		bl	HAL_GPIO_Init
 151              	.LVL2:
 225:Core/Src/main.c **** 
 226:Core/Src/main.c **** /* USER CODE BEGIN MX_GPIO_Init_2 */
 227:Core/Src/main.c **** /* USER CODE END MX_GPIO_Init_2 */
 228:Core/Src/main.c **** }
 152              		.loc 1 228 1 is_stmt 0 view .LVU44
 153 0094 0BB0     		add	sp, sp, #44
 154              	.LCFI2:
 155              		.cfi_def_cfa_offset 12
 156              		@ sp needed
 157 0096 30BD     		pop	{r4, r5, pc}
 158              	.L4:
 159              		.align	2
 160              	.L3:
 161 0098 00100240 		.word	1073876992
 162 009c 00080048 		.word	1207961600
 163              		.cfi_endproc
 164              	.LFE138:
 166              		.section	.text.Error_Handler,"ax",%progbits
 167              		.align	1
 168              		.global	Error_Handler
 169              		.syntax unified
 170              		.thumb
 171              		.thumb_func
 173              	Error_Handler:
 174              	.LFB139:
ARM GAS  /tmp/ccWhcuOz.s 			page 8


 229:Core/Src/main.c **** 
 230:Core/Src/main.c **** /* USER CODE BEGIN 4 */
 231:Core/Src/main.c **** 
 232:Core/Src/main.c **** /* USER CODE END 4 */
 233:Core/Src/main.c **** 
 234:Core/Src/main.c **** /**
 235:Core/Src/main.c ****   * @brief  This function is executed in case of error occurrence.
 236:Core/Src/main.c ****   * @retval None
 237:Core/Src/main.c ****   */
 238:Core/Src/main.c **** void Error_Handler(void)
 239:Core/Src/main.c **** {
 175              		.loc 1 239 1 is_stmt 1 view -0
 176              		.cfi_startproc
 177              		@ Volatile: function does not return.
 178              		@ args = 0, pretend = 0, frame = 0
 179              		@ frame_needed = 0, uses_anonymous_args = 0
 180              		@ link register save eliminated.
 240:Core/Src/main.c ****   /* USER CODE BEGIN Error_Handler_Debug */
 241:Core/Src/main.c **** /* User can add his own implementation to report the HAL error return state */
 242:Core/Src/main.c **** __disable_irq();
 181              		.loc 1 242 1 view .LVU46
 182              	.LBB8:
 183              	.LBI8:
 184              		.file 2 "Drivers/CMSIS/Include/cmsis_gcc.h"
   1:Drivers/CMSIS/Include/cmsis_gcc.h **** /**************************************************************************//**
   2:Drivers/CMSIS/Include/cmsis_gcc.h ****  * @file     cmsis_gcc.h
   3:Drivers/CMSIS/Include/cmsis_gcc.h ****  * @brief    CMSIS compiler GCC header file
   4:Drivers/CMSIS/Include/cmsis_gcc.h ****  * @version  V5.2.0
   5:Drivers/CMSIS/Include/cmsis_gcc.h ****  * @date     08. May 2019
   6:Drivers/CMSIS/Include/cmsis_gcc.h ****  ******************************************************************************/
   7:Drivers/CMSIS/Include/cmsis_gcc.h **** /*
   8:Drivers/CMSIS/Include/cmsis_gcc.h ****  * Copyright (c) 2009-2019 Arm Limited. All rights reserved.
   9:Drivers/CMSIS/Include/cmsis_gcc.h ****  *
  10:Drivers/CMSIS/Include/cmsis_gcc.h ****  * SPDX-License-Identifier: Apache-2.0
  11:Drivers/CMSIS/Include/cmsis_gcc.h ****  *
  12:Drivers/CMSIS/Include/cmsis_gcc.h ****  * Licensed under the Apache License, Version 2.0 (the License); you may
  13:Drivers/CMSIS/Include/cmsis_gcc.h ****  * not use this file except in compliance with the License.
  14:Drivers/CMSIS/Include/cmsis_gcc.h ****  * You may obtain a copy of the License at
  15:Drivers/CMSIS/Include/cmsis_gcc.h ****  *
  16:Drivers/CMSIS/Include/cmsis_gcc.h ****  * www.apache.org/licenses/LICENSE-2.0
  17:Drivers/CMSIS/Include/cmsis_gcc.h ****  *
  18:Drivers/CMSIS/Include/cmsis_gcc.h ****  * Unless required by applicable law or agreed to in writing, software
  19:Drivers/CMSIS/Include/cmsis_gcc.h ****  * distributed under the License is distributed on an AS IS BASIS, WITHOUT
  20:Drivers/CMSIS/Include/cmsis_gcc.h ****  * WARRANTIES OR CONDITIONS OF ANY KIND, either express or implied.
  21:Drivers/CMSIS/Include/cmsis_gcc.h ****  * See the License for the specific language governing permissions and
  22:Drivers/CMSIS/Include/cmsis_gcc.h ****  * limitations under the License.
  23:Drivers/CMSIS/Include/cmsis_gcc.h ****  */
  24:Drivers/CMSIS/Include/cmsis_gcc.h **** 
  25:Drivers/CMSIS/Include/cmsis_gcc.h **** #ifndef __CMSIS_GCC_H
  26:Drivers/CMSIS/Include/cmsis_gcc.h **** #define __CMSIS_GCC_H
  27:Drivers/CMSIS/Include/cmsis_gcc.h **** 
  28:Drivers/CMSIS/Include/cmsis_gcc.h **** /* ignore some GCC warnings */
  29:Drivers/CMSIS/Include/cmsis_gcc.h **** #pragma GCC diagnostic push
  30:Drivers/CMSIS/Include/cmsis_gcc.h **** #pragma GCC diagnostic ignored "-Wsign-conversion"
  31:Drivers/CMSIS/Include/cmsis_gcc.h **** #pragma GCC diagnostic ignored "-Wconversion"
  32:Drivers/CMSIS/Include/cmsis_gcc.h **** #pragma GCC diagnostic ignored "-Wunused-parameter"
  33:Drivers/CMSIS/Include/cmsis_gcc.h **** 
ARM GAS  /tmp/ccWhcuOz.s 			page 9


  34:Drivers/CMSIS/Include/cmsis_gcc.h **** /* Fallback for __has_builtin */
  35:Drivers/CMSIS/Include/cmsis_gcc.h **** #ifndef __has_builtin
  36:Drivers/CMSIS/Include/cmsis_gcc.h ****   #define __has_builtin(x) (0)
  37:Drivers/CMSIS/Include/cmsis_gcc.h **** #endif
  38:Drivers/CMSIS/Include/cmsis_gcc.h **** 
  39:Drivers/CMSIS/Include/cmsis_gcc.h **** /* CMSIS compiler specific defines */
  40:Drivers/CMSIS/Include/cmsis_gcc.h **** #ifndef   __ASM
  41:Drivers/CMSIS/Include/cmsis_gcc.h ****   #define __ASM                                  __asm
  42:Drivers/CMSIS/Include/cmsis_gcc.h **** #endif
  43:Drivers/CMSIS/Include/cmsis_gcc.h **** #ifndef   __INLINE
  44:Drivers/CMSIS/Include/cmsis_gcc.h ****   #define __INLINE                               inline
  45:Drivers/CMSIS/Include/cmsis_gcc.h **** #endif
  46:Drivers/CMSIS/Include/cmsis_gcc.h **** #ifndef   __STATIC_INLINE
  47:Drivers/CMSIS/Include/cmsis_gcc.h ****   #define __STATIC_INLINE                        static inline
  48:Drivers/CMSIS/Include/cmsis_gcc.h **** #endif
  49:Drivers/CMSIS/Include/cmsis_gcc.h **** #ifndef   __STATIC_FORCEINLINE                 
  50:Drivers/CMSIS/Include/cmsis_gcc.h ****   #define __STATIC_FORCEINLINE                   __attribute__((always_inline)) static inline
  51:Drivers/CMSIS/Include/cmsis_gcc.h **** #endif                                           
  52:Drivers/CMSIS/Include/cmsis_gcc.h **** #ifndef   __NO_RETURN
  53:Drivers/CMSIS/Include/cmsis_gcc.h ****   #define __NO_RETURN                            __attribute__((__noreturn__))
  54:Drivers/CMSIS/Include/cmsis_gcc.h **** #endif
  55:Drivers/CMSIS/Include/cmsis_gcc.h **** #ifndef   __USED
  56:Drivers/CMSIS/Include/cmsis_gcc.h ****   #define __USED                                 __attribute__((used))
  57:Drivers/CMSIS/Include/cmsis_gcc.h **** #endif
  58:Drivers/CMSIS/Include/cmsis_gcc.h **** #ifndef   __WEAK
  59:Drivers/CMSIS/Include/cmsis_gcc.h ****   #define __WEAK                                 __attribute__((weak))
  60:Drivers/CMSIS/Include/cmsis_gcc.h **** #endif
  61:Drivers/CMSIS/Include/cmsis_gcc.h **** #ifndef   __PACKED
  62:Drivers/CMSIS/Include/cmsis_gcc.h ****   #define __PACKED                               __attribute__((packed, aligned(1)))
  63:Drivers/CMSIS/Include/cmsis_gcc.h **** #endif
  64:Drivers/CMSIS/Include/cmsis_gcc.h **** #ifndef   __PACKED_STRUCT
  65:Drivers/CMSIS/Include/cmsis_gcc.h ****   #define __PACKED_STRUCT                        struct __attribute__((packed, aligned(1)))
  66:Drivers/CMSIS/Include/cmsis_gcc.h **** #endif
  67:Drivers/CMSIS/Include/cmsis_gcc.h **** #ifndef   __PACKED_UNION
  68:Drivers/CMSIS/Include/cmsis_gcc.h ****   #define __PACKED_UNION                         union __attribute__((packed, aligned(1)))
  69:Drivers/CMSIS/Include/cmsis_gcc.h **** #endif
  70:Drivers/CMSIS/Include/cmsis_gcc.h **** #ifndef   __UNALIGNED_UINT32        /* deprecated */
  71:Drivers/CMSIS/Include/cmsis_gcc.h ****   #pragma GCC diagnostic push
  72:Drivers/CMSIS/Include/cmsis_gcc.h ****   #pragma GCC diagnostic ignored "-Wpacked"
  73:Drivers/CMSIS/Include/cmsis_gcc.h ****   #pragma GCC diagnostic ignored "-Wattributes"
  74:Drivers/CMSIS/Include/cmsis_gcc.h ****   struct __attribute__((packed)) T_UINT32 { uint32_t v; };
  75:Drivers/CMSIS/Include/cmsis_gcc.h ****   #pragma GCC diagnostic pop
  76:Drivers/CMSIS/Include/cmsis_gcc.h ****   #define __UNALIGNED_UINT32(x)                  (((struct T_UINT32 *)(x))->v)
  77:Drivers/CMSIS/Include/cmsis_gcc.h **** #endif
  78:Drivers/CMSIS/Include/cmsis_gcc.h **** #ifndef   __UNALIGNED_UINT16_WRITE
  79:Drivers/CMSIS/Include/cmsis_gcc.h ****   #pragma GCC diagnostic push
  80:Drivers/CMSIS/Include/cmsis_gcc.h ****   #pragma GCC diagnostic ignored "-Wpacked"
  81:Drivers/CMSIS/Include/cmsis_gcc.h ****   #pragma GCC diagnostic ignored "-Wattributes"
  82:Drivers/CMSIS/Include/cmsis_gcc.h ****   __PACKED_STRUCT T_UINT16_WRITE { uint16_t v; };
  83:Drivers/CMSIS/Include/cmsis_gcc.h ****   #pragma GCC diagnostic pop
  84:Drivers/CMSIS/Include/cmsis_gcc.h ****   #define __UNALIGNED_UINT16_WRITE(addr, val)    (void)((((struct T_UINT16_WRITE *)(void *)(addr))-
  85:Drivers/CMSIS/Include/cmsis_gcc.h **** #endif
  86:Drivers/CMSIS/Include/cmsis_gcc.h **** #ifndef   __UNALIGNED_UINT16_READ
  87:Drivers/CMSIS/Include/cmsis_gcc.h ****   #pragma GCC diagnostic push
  88:Drivers/CMSIS/Include/cmsis_gcc.h ****   #pragma GCC diagnostic ignored "-Wpacked"
  89:Drivers/CMSIS/Include/cmsis_gcc.h ****   #pragma GCC diagnostic ignored "-Wattributes"
  90:Drivers/CMSIS/Include/cmsis_gcc.h ****   __PACKED_STRUCT T_UINT16_READ { uint16_t v; };
ARM GAS  /tmp/ccWhcuOz.s 			page 10


  91:Drivers/CMSIS/Include/cmsis_gcc.h ****   #pragma GCC diagnostic pop
  92:Drivers/CMSIS/Include/cmsis_gcc.h ****   #define __UNALIGNED_UINT16_READ(addr)          (((const struct T_UINT16_READ *)(const void *)(add
  93:Drivers/CMSIS/Include/cmsis_gcc.h **** #endif
  94:Drivers/CMSIS/Include/cmsis_gcc.h **** #ifndef   __UNALIGNED_UINT32_WRITE
  95:Drivers/CMSIS/Include/cmsis_gcc.h ****   #pragma GCC diagnostic push
  96:Drivers/CMSIS/Include/cmsis_gcc.h ****   #pragma GCC diagnostic ignored "-Wpacked"
  97:Drivers/CMSIS/Include/cmsis_gcc.h ****   #pragma GCC diagnostic ignored "-Wattributes"
  98:Drivers/CMSIS/Include/cmsis_gcc.h ****   __PACKED_STRUCT T_UINT32_WRITE { uint32_t v; };
  99:Drivers/CMSIS/Include/cmsis_gcc.h ****   #pragma GCC diagnostic pop
 100:Drivers/CMSIS/Include/cmsis_gcc.h ****   #define __UNALIGNED_UINT32_WRITE(addr, val)    (void)((((struct T_UINT32_WRITE *)(void *)(addr))-
 101:Drivers/CMSIS/Include/cmsis_gcc.h **** #endif
 102:Drivers/CMSIS/Include/cmsis_gcc.h **** #ifndef   __UNALIGNED_UINT32_READ
 103:Drivers/CMSIS/Include/cmsis_gcc.h ****   #pragma GCC diagnostic push
 104:Drivers/CMSIS/Include/cmsis_gcc.h ****   #pragma GCC diagnostic ignored "-Wpacked"
 105:Drivers/CMSIS/Include/cmsis_gcc.h ****   #pragma GCC diagnostic ignored "-Wattributes"
 106:Drivers/CMSIS/Include/cmsis_gcc.h ****   __PACKED_STRUCT T_UINT32_READ { uint32_t v; };
 107:Drivers/CMSIS/Include/cmsis_gcc.h ****   #pragma GCC diagnostic pop
 108:Drivers/CMSIS/Include/cmsis_gcc.h ****   #define __UNALIGNED_UINT32_READ(addr)          (((const struct T_UINT32_READ *)(const void *)(add
 109:Drivers/CMSIS/Include/cmsis_gcc.h **** #endif
 110:Drivers/CMSIS/Include/cmsis_gcc.h **** #ifndef   __ALIGNED
 111:Drivers/CMSIS/Include/cmsis_gcc.h ****   #define __ALIGNED(x)                           __attribute__((aligned(x)))
 112:Drivers/CMSIS/Include/cmsis_gcc.h **** #endif
 113:Drivers/CMSIS/Include/cmsis_gcc.h **** #ifndef   __RESTRICT
 114:Drivers/CMSIS/Include/cmsis_gcc.h ****   #define __RESTRICT                             __restrict
 115:Drivers/CMSIS/Include/cmsis_gcc.h **** #endif
 116:Drivers/CMSIS/Include/cmsis_gcc.h **** #ifndef   __COMPILER_BARRIER
 117:Drivers/CMSIS/Include/cmsis_gcc.h ****   #define __COMPILER_BARRIER()                   __ASM volatile("":::"memory")
 118:Drivers/CMSIS/Include/cmsis_gcc.h **** #endif
 119:Drivers/CMSIS/Include/cmsis_gcc.h **** 
 120:Drivers/CMSIS/Include/cmsis_gcc.h **** /* #########################  Startup and Lowlevel Init  ######################## */
 121:Drivers/CMSIS/Include/cmsis_gcc.h **** 
 122:Drivers/CMSIS/Include/cmsis_gcc.h **** #ifndef __PROGRAM_START
 123:Drivers/CMSIS/Include/cmsis_gcc.h **** 
 124:Drivers/CMSIS/Include/cmsis_gcc.h **** /**
 125:Drivers/CMSIS/Include/cmsis_gcc.h ****   \brief   Initializes data and bss sections
 126:Drivers/CMSIS/Include/cmsis_gcc.h ****   \details This default implementations initialized all data and additional bss
 127:Drivers/CMSIS/Include/cmsis_gcc.h ****            sections relying on .copy.table and .zero.table specified properly
 128:Drivers/CMSIS/Include/cmsis_gcc.h ****            in the used linker script.
 129:Drivers/CMSIS/Include/cmsis_gcc.h ****   
 130:Drivers/CMSIS/Include/cmsis_gcc.h ****  */
 131:Drivers/CMSIS/Include/cmsis_gcc.h **** __STATIC_FORCEINLINE __NO_RETURN void __cmsis_start(void)
 132:Drivers/CMSIS/Include/cmsis_gcc.h **** {
 133:Drivers/CMSIS/Include/cmsis_gcc.h ****   extern void _start(void) __NO_RETURN;
 134:Drivers/CMSIS/Include/cmsis_gcc.h ****   
 135:Drivers/CMSIS/Include/cmsis_gcc.h ****   typedef struct {
 136:Drivers/CMSIS/Include/cmsis_gcc.h ****     uint32_t const* src;
 137:Drivers/CMSIS/Include/cmsis_gcc.h ****     uint32_t* dest;
 138:Drivers/CMSIS/Include/cmsis_gcc.h ****     uint32_t  wlen;
 139:Drivers/CMSIS/Include/cmsis_gcc.h ****   } __copy_table_t;
 140:Drivers/CMSIS/Include/cmsis_gcc.h ****   
 141:Drivers/CMSIS/Include/cmsis_gcc.h ****   typedef struct {
 142:Drivers/CMSIS/Include/cmsis_gcc.h ****     uint32_t* dest;
 143:Drivers/CMSIS/Include/cmsis_gcc.h ****     uint32_t  wlen;
 144:Drivers/CMSIS/Include/cmsis_gcc.h ****   } __zero_table_t;
 145:Drivers/CMSIS/Include/cmsis_gcc.h ****   
 146:Drivers/CMSIS/Include/cmsis_gcc.h ****   extern const __copy_table_t __copy_table_start__;
 147:Drivers/CMSIS/Include/cmsis_gcc.h ****   extern const __copy_table_t __copy_table_end__;
ARM GAS  /tmp/ccWhcuOz.s 			page 11


 148:Drivers/CMSIS/Include/cmsis_gcc.h ****   extern const __zero_table_t __zero_table_start__;
 149:Drivers/CMSIS/Include/cmsis_gcc.h ****   extern const __zero_table_t __zero_table_end__;
 150:Drivers/CMSIS/Include/cmsis_gcc.h **** 
 151:Drivers/CMSIS/Include/cmsis_gcc.h ****   for (__copy_table_t const* pTable = &__copy_table_start__; pTable < &__copy_table_end__; ++pTable
 152:Drivers/CMSIS/Include/cmsis_gcc.h ****     for(uint32_t i=0u; i<pTable->wlen; ++i) {
 153:Drivers/CMSIS/Include/cmsis_gcc.h ****       pTable->dest[i] = pTable->src[i];
 154:Drivers/CMSIS/Include/cmsis_gcc.h ****     }
 155:Drivers/CMSIS/Include/cmsis_gcc.h ****   }
 156:Drivers/CMSIS/Include/cmsis_gcc.h ****  
 157:Drivers/CMSIS/Include/cmsis_gcc.h ****   for (__zero_table_t const* pTable = &__zero_table_start__; pTable < &__zero_table_end__; ++pTable
 158:Drivers/CMSIS/Include/cmsis_gcc.h ****     for(uint32_t i=0u; i<pTable->wlen; ++i) {
 159:Drivers/CMSIS/Include/cmsis_gcc.h ****       pTable->dest[i] = 0u;
 160:Drivers/CMSIS/Include/cmsis_gcc.h ****     }
 161:Drivers/CMSIS/Include/cmsis_gcc.h ****   }
 162:Drivers/CMSIS/Include/cmsis_gcc.h ****  
 163:Drivers/CMSIS/Include/cmsis_gcc.h ****   _start();
 164:Drivers/CMSIS/Include/cmsis_gcc.h **** }
 165:Drivers/CMSIS/Include/cmsis_gcc.h ****   
 166:Drivers/CMSIS/Include/cmsis_gcc.h **** #define __PROGRAM_START           __cmsis_start
 167:Drivers/CMSIS/Include/cmsis_gcc.h **** #endif
 168:Drivers/CMSIS/Include/cmsis_gcc.h **** 
 169:Drivers/CMSIS/Include/cmsis_gcc.h **** #ifndef __INITIAL_SP
 170:Drivers/CMSIS/Include/cmsis_gcc.h **** #define __INITIAL_SP              __StackTop
 171:Drivers/CMSIS/Include/cmsis_gcc.h **** #endif
 172:Drivers/CMSIS/Include/cmsis_gcc.h **** 
 173:Drivers/CMSIS/Include/cmsis_gcc.h **** #ifndef __STACK_LIMIT
 174:Drivers/CMSIS/Include/cmsis_gcc.h **** #define __STACK_LIMIT             __StackLimit
 175:Drivers/CMSIS/Include/cmsis_gcc.h **** #endif
 176:Drivers/CMSIS/Include/cmsis_gcc.h **** 
 177:Drivers/CMSIS/Include/cmsis_gcc.h **** #ifndef __VECTOR_TABLE
 178:Drivers/CMSIS/Include/cmsis_gcc.h **** #define __VECTOR_TABLE            __Vectors
 179:Drivers/CMSIS/Include/cmsis_gcc.h **** #endif
 180:Drivers/CMSIS/Include/cmsis_gcc.h **** 
 181:Drivers/CMSIS/Include/cmsis_gcc.h **** #ifndef __VECTOR_TABLE_ATTRIBUTE
 182:Drivers/CMSIS/Include/cmsis_gcc.h **** #define __VECTOR_TABLE_ATTRIBUTE  __attribute((used, section(".vectors")))
 183:Drivers/CMSIS/Include/cmsis_gcc.h **** #endif
 184:Drivers/CMSIS/Include/cmsis_gcc.h **** 
 185:Drivers/CMSIS/Include/cmsis_gcc.h **** /* ###########################  Core Function Access  ########################### */
 186:Drivers/CMSIS/Include/cmsis_gcc.h **** /** \ingroup  CMSIS_Core_FunctionInterface
 187:Drivers/CMSIS/Include/cmsis_gcc.h ****     \defgroup CMSIS_Core_RegAccFunctions CMSIS Core Register Access Functions
 188:Drivers/CMSIS/Include/cmsis_gcc.h ****   @{
 189:Drivers/CMSIS/Include/cmsis_gcc.h ****  */
 190:Drivers/CMSIS/Include/cmsis_gcc.h **** 
 191:Drivers/CMSIS/Include/cmsis_gcc.h **** /**
 192:Drivers/CMSIS/Include/cmsis_gcc.h ****   \brief   Enable IRQ Interrupts
 193:Drivers/CMSIS/Include/cmsis_gcc.h ****   \details Enables IRQ interrupts by clearing the I-bit in the CPSR.
 194:Drivers/CMSIS/Include/cmsis_gcc.h ****            Can only be executed in Privileged modes.
 195:Drivers/CMSIS/Include/cmsis_gcc.h ****  */
 196:Drivers/CMSIS/Include/cmsis_gcc.h **** __STATIC_FORCEINLINE void __enable_irq(void)
 197:Drivers/CMSIS/Include/cmsis_gcc.h **** {
 198:Drivers/CMSIS/Include/cmsis_gcc.h ****   __ASM volatile ("cpsie i" : : : "memory");
 199:Drivers/CMSIS/Include/cmsis_gcc.h **** }
 200:Drivers/CMSIS/Include/cmsis_gcc.h **** 
 201:Drivers/CMSIS/Include/cmsis_gcc.h **** 
 202:Drivers/CMSIS/Include/cmsis_gcc.h **** /**
 203:Drivers/CMSIS/Include/cmsis_gcc.h ****   \brief   Disable IRQ Interrupts
 204:Drivers/CMSIS/Include/cmsis_gcc.h ****   \details Disables IRQ interrupts by setting the I-bit in the CPSR.
ARM GAS  /tmp/ccWhcuOz.s 			page 12


 205:Drivers/CMSIS/Include/cmsis_gcc.h ****            Can only be executed in Privileged modes.
 206:Drivers/CMSIS/Include/cmsis_gcc.h ****  */
 207:Drivers/CMSIS/Include/cmsis_gcc.h **** __STATIC_FORCEINLINE void __disable_irq(void)
 185              		.loc 2 207 27 view .LVU47
 186              	.LBB9:
 208:Drivers/CMSIS/Include/cmsis_gcc.h **** {
 209:Drivers/CMSIS/Include/cmsis_gcc.h ****   __ASM volatile ("cpsid i" : : : "memory");
 187              		.loc 2 209 3 view .LVU48
 188              		.syntax unified
 189              	@ 209 "Drivers/CMSIS/Include/cmsis_gcc.h" 1
 190 0000 72B6     		cpsid i
 191              	@ 0 "" 2
 192              		.thumb
 193              		.syntax unified
 194              	.L6:
 195              	.LBE9:
 196              	.LBE8:
 243:Core/Src/main.c **** while (1)
 197              		.loc 1 243 1 view .LVU49
 244:Core/Src/main.c **** {
 245:Core/Src/main.c **** }
 198              		.loc 1 245 1 view .LVU50
 243:Core/Src/main.c **** while (1)
 199              		.loc 1 243 7 view .LVU51
 200 0002 FEE7     		b	.L6
 201              		.cfi_endproc
 202              	.LFE139:
 204              		.section	.text.SystemClock_Config,"ax",%progbits
 205              		.align	1
 206              		.global	SystemClock_Config
 207              		.syntax unified
 208              		.thumb
 209              		.thumb_func
 211              	SystemClock_Config:
 212              	.LFB136:
 114:Core/Src/main.c ****   RCC_OscInitTypeDef RCC_OscInitStruct = {0};
 213              		.loc 1 114 1 view -0
 214              		.cfi_startproc
 215              		@ args = 0, pretend = 0, frame = 88
 216              		@ frame_needed = 0, uses_anonymous_args = 0
 217 0000 00B5     		push	{lr}
 218              	.LCFI3:
 219              		.cfi_def_cfa_offset 4
 220              		.cfi_offset 14, -4
 221 0002 97B0     		sub	sp, sp, #92
 222              	.LCFI4:
 223              		.cfi_def_cfa_offset 96
 115:Core/Src/main.c ****   RCC_ClkInitTypeDef RCC_ClkInitStruct = {0};
 224              		.loc 1 115 3 view .LVU53
 115:Core/Src/main.c ****   RCC_ClkInitTypeDef RCC_ClkInitStruct = {0};
 225              		.loc 1 115 22 is_stmt 0 view .LVU54
 226 0004 4422     		movs	r2, #68
 227 0006 0021     		movs	r1, #0
 228 0008 05A8     		add	r0, sp, #20
 229 000a FFF7FEFF 		bl	memset
 230              	.LVL3:
 116:Core/Src/main.c **** 
ARM GAS  /tmp/ccWhcuOz.s 			page 13


 231              		.loc 1 116 3 is_stmt 1 view .LVU55
 116:Core/Src/main.c **** 
 232              		.loc 1 116 22 is_stmt 0 view .LVU56
 233 000e 0023     		movs	r3, #0
 234 0010 0093     		str	r3, [sp]
 235 0012 0193     		str	r3, [sp, #4]
 236 0014 0293     		str	r3, [sp, #8]
 237 0016 0393     		str	r3, [sp, #12]
 238 0018 0493     		str	r3, [sp, #16]
 120:Core/Src/main.c ****   {
 239              		.loc 1 120 3 is_stmt 1 view .LVU57
 120:Core/Src/main.c ****   {
 240              		.loc 1 120 7 is_stmt 0 view .LVU58
 241 001a 4FF40070 		mov	r0, #512
 242 001e FFF7FEFF 		bl	HAL_PWREx_ControlVoltageScaling
 243              	.LVL4:
 120:Core/Src/main.c ****   {
 244              		.loc 1 120 6 discriminator 1 view .LVU59
 245 0022 20BB     		cbnz	r0, .L12
 128:Core/Src/main.c ****   RCC_OscInitStruct.HSIState = RCC_HSI_ON;
 246              		.loc 1 128 3 is_stmt 1 view .LVU60
 128:Core/Src/main.c ****   RCC_OscInitStruct.HSIState = RCC_HSI_ON;
 247              		.loc 1 128 36 is_stmt 0 view .LVU61
 248 0024 0223     		movs	r3, #2
 249 0026 0593     		str	r3, [sp, #20]
 129:Core/Src/main.c ****   RCC_OscInitStruct.HSICalibrationValue = RCC_HSICALIBRATION_DEFAULT;
 250              		.loc 1 129 3 is_stmt 1 view .LVU62
 129:Core/Src/main.c ****   RCC_OscInitStruct.HSICalibrationValue = RCC_HSICALIBRATION_DEFAULT;
 251              		.loc 1 129 30 is_stmt 0 view .LVU63
 252 0028 4FF48072 		mov	r2, #256
 253 002c 0892     		str	r2, [sp, #32]
 130:Core/Src/main.c ****   RCC_OscInitStruct.PLL.PLLState = RCC_PLL_ON;
 254              		.loc 1 130 3 is_stmt 1 view .LVU64
 130:Core/Src/main.c ****   RCC_OscInitStruct.PLL.PLLState = RCC_PLL_ON;
 255              		.loc 1 130 41 is_stmt 0 view .LVU65
 256 002e 1022     		movs	r2, #16
 257 0030 0992     		str	r2, [sp, #36]
 131:Core/Src/main.c ****   RCC_OscInitStruct.PLL.PLLSource = RCC_PLLSOURCE_HSI;
 258              		.loc 1 131 3 is_stmt 1 view .LVU66
 131:Core/Src/main.c ****   RCC_OscInitStruct.PLL.PLLSource = RCC_PLLSOURCE_HSI;
 259              		.loc 1 131 34 is_stmt 0 view .LVU67
 260 0032 0F93     		str	r3, [sp, #60]
 132:Core/Src/main.c ****   RCC_OscInitStruct.PLL.PLLM = 1;
 261              		.loc 1 132 3 is_stmt 1 view .LVU68
 132:Core/Src/main.c ****   RCC_OscInitStruct.PLL.PLLM = 1;
 262              		.loc 1 132 35 is_stmt 0 view .LVU69
 263 0034 1093     		str	r3, [sp, #64]
 133:Core/Src/main.c ****   RCC_OscInitStruct.PLL.PLLN = 10;
 264              		.loc 1 133 3 is_stmt 1 view .LVU70
 133:Core/Src/main.c ****   RCC_OscInitStruct.PLL.PLLN = 10;
 265              		.loc 1 133 30 is_stmt 0 view .LVU71
 266 0036 0122     		movs	r2, #1
 267 0038 1192     		str	r2, [sp, #68]
 134:Core/Src/main.c ****   RCC_OscInitStruct.PLL.PLLP = RCC_PLLP_DIV7;
 268              		.loc 1 134 3 is_stmt 1 view .LVU72
 134:Core/Src/main.c ****   RCC_OscInitStruct.PLL.PLLP = RCC_PLLP_DIV7;
 269              		.loc 1 134 30 is_stmt 0 view .LVU73
ARM GAS  /tmp/ccWhcuOz.s 			page 14


 270 003a 0A22     		movs	r2, #10
 271 003c 1292     		str	r2, [sp, #72]
 135:Core/Src/main.c ****   RCC_OscInitStruct.PLL.PLLQ = RCC_PLLQ_DIV2;
 272              		.loc 1 135 3 is_stmt 1 view .LVU74
 135:Core/Src/main.c ****   RCC_OscInitStruct.PLL.PLLQ = RCC_PLLQ_DIV2;
 273              		.loc 1 135 30 is_stmt 0 view .LVU75
 274 003e 0722     		movs	r2, #7
 275 0040 1392     		str	r2, [sp, #76]
 136:Core/Src/main.c ****   RCC_OscInitStruct.PLL.PLLR = RCC_PLLR_DIV2;
 276              		.loc 1 136 3 is_stmt 1 view .LVU76
 136:Core/Src/main.c ****   RCC_OscInitStruct.PLL.PLLR = RCC_PLLR_DIV2;
 277              		.loc 1 136 30 is_stmt 0 view .LVU77
 278 0042 1493     		str	r3, [sp, #80]
 137:Core/Src/main.c ****   if (HAL_RCC_OscConfig(&RCC_OscInitStruct) != HAL_OK)
 279              		.loc 1 137 3 is_stmt 1 view .LVU78
 137:Core/Src/main.c ****   if (HAL_RCC_OscConfig(&RCC_OscInitStruct) != HAL_OK)
 280              		.loc 1 137 30 is_stmt 0 view .LVU79
 281 0044 1593     		str	r3, [sp, #84]
 138:Core/Src/main.c ****   {
 282              		.loc 1 138 3 is_stmt 1 view .LVU80
 138:Core/Src/main.c ****   {
 283              		.loc 1 138 7 is_stmt 0 view .LVU81
 284 0046 05A8     		add	r0, sp, #20
 285 0048 FFF7FEFF 		bl	HAL_RCC_OscConfig
 286              	.LVL5:
 138:Core/Src/main.c ****   {
 287              		.loc 1 138 6 discriminator 1 view .LVU82
 288 004c 88B9     		cbnz	r0, .L13
 145:Core/Src/main.c ****                               |RCC_CLOCKTYPE_PCLK1|RCC_CLOCKTYPE_PCLK2;
 289              		.loc 1 145 3 is_stmt 1 view .LVU83
 145:Core/Src/main.c ****                               |RCC_CLOCKTYPE_PCLK1|RCC_CLOCKTYPE_PCLK2;
 290              		.loc 1 145 31 is_stmt 0 view .LVU84
 291 004e 0F23     		movs	r3, #15
 292 0050 0093     		str	r3, [sp]
 147:Core/Src/main.c ****   RCC_ClkInitStruct.AHBCLKDivider = RCC_SYSCLK_DIV1;
 293              		.loc 1 147 3 is_stmt 1 view .LVU85
 147:Core/Src/main.c ****   RCC_ClkInitStruct.AHBCLKDivider = RCC_SYSCLK_DIV1;
 294              		.loc 1 147 34 is_stmt 0 view .LVU86
 295 0052 0323     		movs	r3, #3
 296 0054 0193     		str	r3, [sp, #4]
 148:Core/Src/main.c ****   RCC_ClkInitStruct.APB1CLKDivider = RCC_HCLK_DIV1;
 297              		.loc 1 148 3 is_stmt 1 view .LVU87
 148:Core/Src/main.c ****   RCC_ClkInitStruct.APB1CLKDivider = RCC_HCLK_DIV1;
 298              		.loc 1 148 35 is_stmt 0 view .LVU88
 299 0056 0023     		movs	r3, #0
 300 0058 0293     		str	r3, [sp, #8]
 149:Core/Src/main.c ****   RCC_ClkInitStruct.APB2CLKDivider = RCC_HCLK_DIV1;
 301              		.loc 1 149 3 is_stmt 1 view .LVU89
 149:Core/Src/main.c ****   RCC_ClkInitStruct.APB2CLKDivider = RCC_HCLK_DIV1;
 302              		.loc 1 149 36 is_stmt 0 view .LVU90
 303 005a 0393     		str	r3, [sp, #12]
 150:Core/Src/main.c **** 
 304              		.loc 1 150 3 is_stmt 1 view .LVU91
 150:Core/Src/main.c **** 
 305              		.loc 1 150 36 is_stmt 0 view .LVU92
 306 005c 0493     		str	r3, [sp, #16]
 152:Core/Src/main.c ****   {
ARM GAS  /tmp/ccWhcuOz.s 			page 15


 307              		.loc 1 152 3 is_stmt 1 view .LVU93
 152:Core/Src/main.c ****   {
 308              		.loc 1 152 7 is_stmt 0 view .LVU94
 309 005e 0421     		movs	r1, #4
 310 0060 6846     		mov	r0, sp
 311 0062 FFF7FEFF 		bl	HAL_RCC_ClockConfig
 312              	.LVL6:
 152:Core/Src/main.c ****   {
 313              		.loc 1 152 6 discriminator 1 view .LVU95
 314 0066 30B9     		cbnz	r0, .L14
 156:Core/Src/main.c **** 
 315              		.loc 1 156 1 view .LVU96
 316 0068 17B0     		add	sp, sp, #92
 317              	.LCFI5:
 318              		.cfi_remember_state
 319              		.cfi_def_cfa_offset 4
 320              		@ sp needed
 321 006a 5DF804FB 		ldr	pc, [sp], #4
 322              	.L12:
 323              	.LCFI6:
 324              		.cfi_restore_state
 122:Core/Src/main.c ****   }
 325              		.loc 1 122 5 is_stmt 1 view .LVU97
 326 006e FFF7FEFF 		bl	Error_Handler
 327              	.LVL7:
 328              	.L13:
 140:Core/Src/main.c ****   }
 329              		.loc 1 140 5 view .LVU98
 330 0072 FFF7FEFF 		bl	Error_Handler
 331              	.LVL8:
 332              	.L14:
 154:Core/Src/main.c ****   }
 333              		.loc 1 154 5 view .LVU99
 334 0076 FFF7FEFF 		bl	Error_Handler
 335              	.LVL9:
 336              		.cfi_endproc
 337              	.LFE136:
 339              		.section	.rodata.main.str1.4,"aMS",%progbits,1
 340              		.align	2
 341              	.LC0:
 342 0000 0A0D4E6F 		.ascii	"\012\015Now progam is in the bootloader\015\012\000"
 342      77207072 
 342      6F67616D 
 342      20697320 
 342      696E2074 
 343              		.section	.text.main,"ax",%progbits
 344              		.align	1
 345              		.global	main
 346              		.syntax unified
 347              		.thumb
 348              		.thumb_func
 350              	main:
 351              	.LFB135:
  66:Core/Src/main.c **** 
 352              		.loc 1 66 1 view -0
 353              		.cfi_startproc
 354              		@ Volatile: function does not return.
ARM GAS  /tmp/ccWhcuOz.s 			page 16


 355              		@ args = 0, pretend = 0, frame = 56
 356              		@ frame_needed = 0, uses_anonymous_args = 0
 357 0000 00B5     		push	{lr}
 358              	.LCFI7:
 359              		.cfi_def_cfa_offset 4
 360              		.cfi_offset 14, -4
 361 0002 8FB0     		sub	sp, sp, #60
 362              	.LCFI8:
 363              		.cfi_def_cfa_offset 64
  69:Core/Src/main.c ****   /* USER CODE END 1 */
 364              		.loc 1 69 5 view .LVU101
  75:Core/Src/main.c **** 
 365              		.loc 1 75 3 view .LVU102
 366 0004 FFF7FEFF 		bl	HAL_Init
 367              	.LVL10:
  82:Core/Src/main.c **** 
 368              		.loc 1 82 3 view .LVU103
 369 0008 FFF7FEFF 		bl	SystemClock_Config
 370              	.LVL11:
  89:Core/Src/main.c ****   //MX_USART2_UART_Init();
 371              		.loc 1 89 3 view .LVU104
 372 000c FFF7FEFF 		bl	MX_GPIO_Init
 373              	.LVL12:
  92:Core/Src/main.c ****     sprintf(buffer, "\n\rNow progam is in the bootloader\r\n");
 374              		.loc 1 92 5 view .LVU105
 375 0010 FFF7FEFF 		bl	bootloader_uart_init
 376              	.LVL13:
  93:Core/Src/main.c ****     HAL_UART_Transmit(&huart2, (uint8_t *)buffer, strlen((const char*) buffer), 10);
 377              		.loc 1 93 5 view .LVU106
 378 0014 01AC     		add	r4, sp, #4
 379 0016 A446     		mov	ip, r4
 380 0018 DFF838E0 		ldr	lr, .L18+4
 381 001c BEE80F00 		ldmia	lr!, {r0, r1, r2, r3}
 382 0020 ACE80F00 		stmia	ip!, {r0, r1, r2, r3}
 383 0024 BEE80F00 		ldmia	lr!, {r0, r1, r2, r3}
 384 0028 ACE80F00 		stmia	ip!, {r0, r1, r2, r3}
 385 002c DEF80030 		ldr	r3, [lr]
 386 0030 CCF80030 		str	r3, [ip]
  94:Core/Src/main.c ****     button_init();
 387              		.loc 1 94 5 view .LVU107
  94:Core/Src/main.c ****     button_init();
 388              		.loc 1 94 51 is_stmt 0 view .LVU108
 389 0034 2046     		mov	r0, r4
 390 0036 FFF7FEFF 		bl	strlen
 391              	.LVL14:
  94:Core/Src/main.c ****     button_init();
 392              		.loc 1 94 5 discriminator 1 view .LVU109
 393 003a 0A23     		movs	r3, #10
 394 003c 82B2     		uxth	r2, r0
 395 003e 2146     		mov	r1, r4
 396 0040 0348     		ldr	r0, .L18
 397 0042 FFF7FEFF 		bl	HAL_UART_Transmit
 398              	.LVL15:
  95:Core/Src/main.c ****   /* USER CODE END 2 */
 399              		.loc 1 95 5 is_stmt 1 view .LVU110
 400 0046 FFF7FEFF 		bl	button_init
 401              	.LVL16:
ARM GAS  /tmp/ccWhcuOz.s 			page 17


 402              	.L16:
 100:Core/Src/main.c ****     {
 403              		.loc 1 100 5 view .LVU111
 103:Core/Src/main.c ****     /* USER CODE BEGIN 3 */
 404              		.loc 1 103 9 discriminator 1 view .LVU112
 405 004a FFF7FEFF 		bl	bootloader_sm_handler
 406              	.LVL17:
 100:Core/Src/main.c ****     {
 407              		.loc 1 100 11 view .LVU113
 408 004e FCE7     		b	.L16
 409              	.L19:
 410              		.align	2
 411              	.L18:
 412 0050 00000000 		.word	huart2
 413 0054 00000000 		.word	.LC0
 414              		.cfi_endproc
 415              	.LFE135:
 417              		.text
 418              	.Letext0:
 419              		.file 3 "/usr/arm-none-eabi/include/machine/_default_types.h"
 420              		.file 4 "/usr/arm-none-eabi/include/sys/_stdint.h"
 421              		.file 5 "Drivers/CMSIS/Device/ST/STM32L4xx/Include/stm32l476xx.h"
 422              		.file 6 "/usr/lib/gcc/arm-none-eabi/14.2.0/include/stddef.h"
 423              		.file 7 "Drivers/STM32L4xx_HAL_Driver/Inc/stm32l4xx_hal_def.h"
 424              		.file 8 "Drivers/STM32L4xx_HAL_Driver/Inc/stm32l4xx_hal_rcc.h"
 425              		.file 9 "Drivers/STM32L4xx_HAL_Driver/Inc/stm32l4xx_hal_gpio.h"
 426              		.file 10 "Drivers/STM32L4xx_HAL_Driver/Inc/stm32l4xx_hal_dma.h"
 427              		.file 11 "Drivers/STM32L4xx_HAL_Driver/Inc/stm32l4xx_hal_uart.h"
 428              		.file 12 "Drivers/STM32L4xx_HAL_Driver/Inc/stm32l4xx_hal_pwr_ex.h"
 429              		.file 13 "Core/Inc/bootloader_port_driver.h"
 430              		.file 14 "Core/Inc/button_driver.h"
 431              		.file 15 "/usr/arm-none-eabi/include/string.h"
 432              		.file 16 "/usr/arm-none-eabi/include/stdio.h"
 433              		.file 17 "Drivers/STM32L4xx_HAL_Driver/Inc/stm32l4xx_hal.h"
 434              		.file 18 "<built-in>"
ARM GAS  /tmp/ccWhcuOz.s 			page 18


DEFINED SYMBOLS
                            *ABS*:00000000 main.c
     /tmp/ccWhcuOz.s:21     .text.MX_GPIO_Init:00000000 $t
     /tmp/ccWhcuOz.s:26     .text.MX_GPIO_Init:00000000 MX_GPIO_Init
     /tmp/ccWhcuOz.s:161    .text.MX_GPIO_Init:00000098 $d
     /tmp/ccWhcuOz.s:167    .text.Error_Handler:00000000 $t
     /tmp/ccWhcuOz.s:173    .text.Error_Handler:00000000 Error_Handler
     /tmp/ccWhcuOz.s:205    .text.SystemClock_Config:00000000 $t
     /tmp/ccWhcuOz.s:211    .text.SystemClock_Config:00000000 SystemClock_Config
     /tmp/ccWhcuOz.s:340    .rodata.main.str1.4:00000000 $d
     /tmp/ccWhcuOz.s:344    .text.main:00000000 $t
     /tmp/ccWhcuOz.s:350    .text.main:00000000 main
     /tmp/ccWhcuOz.s:412    .text.main:00000050 $d

UNDEFINED SYMBOLS
HAL_GPIO_WritePin
HAL_GPIO_Init
memset
HAL_PWREx_ControlVoltageScaling
HAL_RCC_OscConfig
HAL_RCC_ClockConfig
HAL_Init
bootloader_uart_init
strlen
HAL_UART_Transmit
button_init
bootloader_sm_handler
huart2
