ARM GAS  /tmp/cc1FCyP0.s 			page 1


   1              		.cpu cortex-m4
   2              		.arch armv7e-m
   3              		.fpu fpv4-sp-d16
   4              		.eabi_attribute 27, 1
   5              		.eabi_attribute 28, 1
   6              		.eabi_attribute 20, 1
   7              		.eabi_attribute 21, 1
   8              		.eabi_attribute 23, 3
   9              		.eabi_attribute 24, 1
  10              		.eabi_attribute 25, 1
  11              		.eabi_attribute 26, 1
  12              		.eabi_attribute 30, 1
  13              		.eabi_attribute 34, 1
  14              		.eabi_attribute 18, 4
  15              		.file	"stm32l4xx_hal_msp.c"
  16              		.text
  17              	.Ltext0:
  18              		.cfi_sections	.debug_frame
  19              		.file 1 "Core/Src/stm32l4xx_hal_msp.c"
  20              		.section	.text.HAL_MspInit,"ax",%progbits
  21              		.align	1
  22              		.global	HAL_MspInit
  23              		.syntax unified
  24              		.thumb
  25              		.thumb_func
  27              	HAL_MspInit:
  28              	.LFB132:
   1:Core/Src/stm32l4xx_hal_msp.c **** 
   2:Core/Src/stm32l4xx_hal_msp.c **** /* USER CODE BEGIN Header */
   3:Core/Src/stm32l4xx_hal_msp.c **** /**
   4:Core/Src/stm32l4xx_hal_msp.c ****   ******************************************************************************
   5:Core/Src/stm32l4xx_hal_msp.c ****   * @file         stm32l4xx_hal_msp.c
   6:Core/Src/stm32l4xx_hal_msp.c ****   * @brief        This file provides code for the MSP Initialization
   7:Core/Src/stm32l4xx_hal_msp.c ****   *               and de-Initialization codes.
   8:Core/Src/stm32l4xx_hal_msp.c ****   ******************************************************************************
   9:Core/Src/stm32l4xx_hal_msp.c ****   * @attention
  10:Core/Src/stm32l4xx_hal_msp.c ****   *
  11:Core/Src/stm32l4xx_hal_msp.c ****   * Copyright (c) 2024 STMicroelectronics.
  12:Core/Src/stm32l4xx_hal_msp.c ****   * All rights reserved.
  13:Core/Src/stm32l4xx_hal_msp.c ****   *
  14:Core/Src/stm32l4xx_hal_msp.c ****   * This software is licensed under terms that can be found in the LICENSE file
  15:Core/Src/stm32l4xx_hal_msp.c ****   * in the root directory of this software component.
  16:Core/Src/stm32l4xx_hal_msp.c ****   * If no LICENSE file comes with this software, it is provided AS-IS.
  17:Core/Src/stm32l4xx_hal_msp.c ****   *
  18:Core/Src/stm32l4xx_hal_msp.c ****   ******************************************************************************
  19:Core/Src/stm32l4xx_hal_msp.c ****   */
  20:Core/Src/stm32l4xx_hal_msp.c **** /* USER CODE END Header */
  21:Core/Src/stm32l4xx_hal_msp.c **** 
  22:Core/Src/stm32l4xx_hal_msp.c **** /* Includes ------------------------------------------------------------------*/
  23:Core/Src/stm32l4xx_hal_msp.c **** #include "main.h"
  24:Core/Src/stm32l4xx_hal_msp.c **** /* USER CODE BEGIN Includes */
  25:Core/Src/stm32l4xx_hal_msp.c **** 
  26:Core/Src/stm32l4xx_hal_msp.c **** /* USER CODE END Includes */
  27:Core/Src/stm32l4xx_hal_msp.c **** 
  28:Core/Src/stm32l4xx_hal_msp.c **** /* Private typedef -----------------------------------------------------------*/
  29:Core/Src/stm32l4xx_hal_msp.c **** /* USER CODE BEGIN TD */
  30:Core/Src/stm32l4xx_hal_msp.c **** 
ARM GAS  /tmp/cc1FCyP0.s 			page 2


  31:Core/Src/stm32l4xx_hal_msp.c **** /* USER CODE END TD */
  32:Core/Src/stm32l4xx_hal_msp.c **** 
  33:Core/Src/stm32l4xx_hal_msp.c **** /* Private define ------------------------------------------------------------*/
  34:Core/Src/stm32l4xx_hal_msp.c **** /* USER CODE BEGIN Define */
  35:Core/Src/stm32l4xx_hal_msp.c **** 
  36:Core/Src/stm32l4xx_hal_msp.c **** /* USER CODE END Define */
  37:Core/Src/stm32l4xx_hal_msp.c **** 
  38:Core/Src/stm32l4xx_hal_msp.c **** /* Private macro -------------------------------------------------------------*/
  39:Core/Src/stm32l4xx_hal_msp.c **** /* USER CODE BEGIN Macro */
  40:Core/Src/stm32l4xx_hal_msp.c **** 
  41:Core/Src/stm32l4xx_hal_msp.c **** /* USER CODE END Macro */
  42:Core/Src/stm32l4xx_hal_msp.c **** 
  43:Core/Src/stm32l4xx_hal_msp.c **** /* Private variables ---------------------------------------------------------*/
  44:Core/Src/stm32l4xx_hal_msp.c **** /* USER CODE BEGIN PV */
  45:Core/Src/stm32l4xx_hal_msp.c **** 
  46:Core/Src/stm32l4xx_hal_msp.c **** /* USER CODE END PV */
  47:Core/Src/stm32l4xx_hal_msp.c **** 
  48:Core/Src/stm32l4xx_hal_msp.c **** /* Private function prototypes -----------------------------------------------*/
  49:Core/Src/stm32l4xx_hal_msp.c **** /* USER CODE BEGIN PFP */
  50:Core/Src/stm32l4xx_hal_msp.c **** 
  51:Core/Src/stm32l4xx_hal_msp.c **** /* USER CODE END PFP */
  52:Core/Src/stm32l4xx_hal_msp.c **** 
  53:Core/Src/stm32l4xx_hal_msp.c **** /* External functions --------------------------------------------------------*/
  54:Core/Src/stm32l4xx_hal_msp.c **** /* USER CODE BEGIN ExternalFunctions */
  55:Core/Src/stm32l4xx_hal_msp.c **** 
  56:Core/Src/stm32l4xx_hal_msp.c **** /* USER CODE END ExternalFunctions */
  57:Core/Src/stm32l4xx_hal_msp.c **** 
  58:Core/Src/stm32l4xx_hal_msp.c **** /* USER CODE BEGIN 0 */
  59:Core/Src/stm32l4xx_hal_msp.c **** 
  60:Core/Src/stm32l4xx_hal_msp.c **** /* USER CODE END 0 */
  61:Core/Src/stm32l4xx_hal_msp.c **** /**
  62:Core/Src/stm32l4xx_hal_msp.c ****   * Initializes the Global MSP.
  63:Core/Src/stm32l4xx_hal_msp.c ****   */
  64:Core/Src/stm32l4xx_hal_msp.c **** void HAL_MspInit(void)
  65:Core/Src/stm32l4xx_hal_msp.c **** {
  29              		.loc 1 65 1 view -0
  30              		.cfi_startproc
  31              		@ args = 0, pretend = 0, frame = 8
  32              		@ frame_needed = 0, uses_anonymous_args = 0
  33              		@ link register save eliminated.
  34 0000 82B0     		sub	sp, sp, #8
  35              	.LCFI0:
  36              		.cfi_def_cfa_offset 8
  66:Core/Src/stm32l4xx_hal_msp.c **** 
  67:Core/Src/stm32l4xx_hal_msp.c ****   /* USER CODE BEGIN MspInit 0 */
  68:Core/Src/stm32l4xx_hal_msp.c **** 
  69:Core/Src/stm32l4xx_hal_msp.c ****   /* USER CODE END MspInit 0 */
  70:Core/Src/stm32l4xx_hal_msp.c **** 
  71:Core/Src/stm32l4xx_hal_msp.c ****   __HAL_RCC_SYSCFG_CLK_ENABLE();
  37              		.loc 1 71 3 view .LVU1
  38              	.LBB2:
  39              		.loc 1 71 3 view .LVU2
  40              		.loc 1 71 3 view .LVU3
  41 0002 0A4B     		ldr	r3, .L3
  42 0004 1A6E     		ldr	r2, [r3, #96]
  43 0006 42F00102 		orr	r2, r2, #1
  44 000a 1A66     		str	r2, [r3, #96]
ARM GAS  /tmp/cc1FCyP0.s 			page 3


  45              		.loc 1 71 3 view .LVU4
  46 000c 1A6E     		ldr	r2, [r3, #96]
  47 000e 02F00102 		and	r2, r2, #1
  48 0012 0092     		str	r2, [sp]
  49              		.loc 1 71 3 view .LVU5
  50 0014 009A     		ldr	r2, [sp]
  51              	.LBE2:
  52              		.loc 1 71 3 view .LVU6
  72:Core/Src/stm32l4xx_hal_msp.c ****   __HAL_RCC_PWR_CLK_ENABLE();
  53              		.loc 1 72 3 view .LVU7
  54              	.LBB3:
  55              		.loc 1 72 3 view .LVU8
  56              		.loc 1 72 3 view .LVU9
  57 0016 9A6D     		ldr	r2, [r3, #88]
  58 0018 42F08052 		orr	r2, r2, #268435456
  59 001c 9A65     		str	r2, [r3, #88]
  60              		.loc 1 72 3 view .LVU10
  61 001e 9B6D     		ldr	r3, [r3, #88]
  62 0020 03F08053 		and	r3, r3, #268435456
  63 0024 0193     		str	r3, [sp, #4]
  64              		.loc 1 72 3 view .LVU11
  65 0026 019B     		ldr	r3, [sp, #4]
  66              	.LBE3:
  67              		.loc 1 72 3 view .LVU12
  73:Core/Src/stm32l4xx_hal_msp.c **** 
  74:Core/Src/stm32l4xx_hal_msp.c ****   /* System interrupt init*/
  75:Core/Src/stm32l4xx_hal_msp.c **** 
  76:Core/Src/stm32l4xx_hal_msp.c ****   /* USER CODE BEGIN MspInit 1 */
  77:Core/Src/stm32l4xx_hal_msp.c **** 
  78:Core/Src/stm32l4xx_hal_msp.c ****   /* USER CODE END MspInit 1 */
  79:Core/Src/stm32l4xx_hal_msp.c **** }
  68              		.loc 1 79 1 is_stmt 0 view .LVU13
  69 0028 02B0     		add	sp, sp, #8
  70              	.LCFI1:
  71              		.cfi_def_cfa_offset 0
  72              		@ sp needed
  73 002a 7047     		bx	lr
  74              	.L4:
  75              		.align	2
  76              	.L3:
  77 002c 00100240 		.word	1073876992
  78              		.cfi_endproc
  79              	.LFE132:
  81              		.section	.text.HAL_UART_MspInit,"ax",%progbits
  82              		.align	1
  83              		.global	HAL_UART_MspInit
  84              		.syntax unified
  85              		.thumb
  86              		.thumb_func
  88              	HAL_UART_MspInit:
  89              	.LVL0:
  90              	.LFB133:
  80:Core/Src/stm32l4xx_hal_msp.c **** 
  81:Core/Src/stm32l4xx_hal_msp.c **** /**
  82:Core/Src/stm32l4xx_hal_msp.c **** * @brief UART MSP Initialization
  83:Core/Src/stm32l4xx_hal_msp.c **** * This function configures the hardware resources used in this example
  84:Core/Src/stm32l4xx_hal_msp.c **** * @param huart: UART handle pointer
ARM GAS  /tmp/cc1FCyP0.s 			page 4


  85:Core/Src/stm32l4xx_hal_msp.c **** * @retval None
  86:Core/Src/stm32l4xx_hal_msp.c **** */
  87:Core/Src/stm32l4xx_hal_msp.c **** void HAL_UART_MspInit(UART_HandleTypeDef* huart)
  88:Core/Src/stm32l4xx_hal_msp.c **** {
  91              		.loc 1 88 1 is_stmt 1 view -0
  92              		.cfi_startproc
  93              		@ args = 0, pretend = 0, frame = 168
  94              		@ frame_needed = 0, uses_anonymous_args = 0
  95              		.loc 1 88 1 is_stmt 0 view .LVU15
  96 0000 10B5     		push	{r4, lr}
  97              	.LCFI2:
  98              		.cfi_def_cfa_offset 8
  99              		.cfi_offset 4, -8
 100              		.cfi_offset 14, -4
 101 0002 AAB0     		sub	sp, sp, #168
 102              	.LCFI3:
 103              		.cfi_def_cfa_offset 176
 104 0004 0446     		mov	r4, r0
  89:Core/Src/stm32l4xx_hal_msp.c ****   GPIO_InitTypeDef GPIO_InitStruct = {0};
 105              		.loc 1 89 3 is_stmt 1 view .LVU16
 106              		.loc 1 89 20 is_stmt 0 view .LVU17
 107 0006 0021     		movs	r1, #0
 108 0008 2591     		str	r1, [sp, #148]
 109 000a 2691     		str	r1, [sp, #152]
 110 000c 2791     		str	r1, [sp, #156]
 111 000e 2891     		str	r1, [sp, #160]
 112 0010 2991     		str	r1, [sp, #164]
  90:Core/Src/stm32l4xx_hal_msp.c ****   RCC_PeriphCLKInitTypeDef PeriphClkInit = {0};
 113              		.loc 1 90 3 is_stmt 1 view .LVU18
 114              		.loc 1 90 28 is_stmt 0 view .LVU19
 115 0012 8822     		movs	r2, #136
 116 0014 03A8     		add	r0, sp, #12
 117              	.LVL1:
 118              		.loc 1 90 28 view .LVU20
 119 0016 FFF7FEFF 		bl	memset
 120              	.LVL2:
  91:Core/Src/stm32l4xx_hal_msp.c ****   if(huart->Instance==USART2)
 121              		.loc 1 91 3 is_stmt 1 view .LVU21
 122              		.loc 1 91 11 is_stmt 0 view .LVU22
 123 001a 2268     		ldr	r2, [r4]
 124              		.loc 1 91 5 view .LVU23
 125 001c 1C4B     		ldr	r3, .L11
 126 001e 9A42     		cmp	r2, r3
 127 0020 01D0     		beq	.L9
 128              	.LVL3:
 129              	.L5:
  92:Core/Src/stm32l4xx_hal_msp.c ****   {
  93:Core/Src/stm32l4xx_hal_msp.c ****   /* USER CODE BEGIN USART2_MspInit 0 */
  94:Core/Src/stm32l4xx_hal_msp.c **** 
  95:Core/Src/stm32l4xx_hal_msp.c ****   /* USER CODE END USART2_MspInit 0 */
  96:Core/Src/stm32l4xx_hal_msp.c **** 
  97:Core/Src/stm32l4xx_hal_msp.c ****   /** Initializes the peripherals clock
  98:Core/Src/stm32l4xx_hal_msp.c ****   */
  99:Core/Src/stm32l4xx_hal_msp.c ****     PeriphClkInit.PeriphClockSelection = RCC_PERIPHCLK_USART2;
 100:Core/Src/stm32l4xx_hal_msp.c ****     PeriphClkInit.Usart2ClockSelection = RCC_USART2CLKSOURCE_PCLK1;
 101:Core/Src/stm32l4xx_hal_msp.c ****     if (HAL_RCCEx_PeriphCLKConfig(&PeriphClkInit) != HAL_OK)
 102:Core/Src/stm32l4xx_hal_msp.c ****     {
ARM GAS  /tmp/cc1FCyP0.s 			page 5


 103:Core/Src/stm32l4xx_hal_msp.c ****       Error_Handler();
 104:Core/Src/stm32l4xx_hal_msp.c ****     }
 105:Core/Src/stm32l4xx_hal_msp.c **** 
 106:Core/Src/stm32l4xx_hal_msp.c ****     /* Peripheral clock enable */
 107:Core/Src/stm32l4xx_hal_msp.c ****     __HAL_RCC_USART2_CLK_ENABLE();
 108:Core/Src/stm32l4xx_hal_msp.c **** 
 109:Core/Src/stm32l4xx_hal_msp.c ****     __HAL_RCC_GPIOA_CLK_ENABLE();
 110:Core/Src/stm32l4xx_hal_msp.c ****     /**USART2 GPIO Configuration
 111:Core/Src/stm32l4xx_hal_msp.c ****     PA2     ------> USART2_TX
 112:Core/Src/stm32l4xx_hal_msp.c ****     PA3     ------> USART2_RX
 113:Core/Src/stm32l4xx_hal_msp.c ****     */
 114:Core/Src/stm32l4xx_hal_msp.c ****     GPIO_InitStruct.Pin = USART_TX_Pin|USART_RX_Pin;
 115:Core/Src/stm32l4xx_hal_msp.c ****     GPIO_InitStruct.Mode = GPIO_MODE_AF_PP;
 116:Core/Src/stm32l4xx_hal_msp.c ****     GPIO_InitStruct.Pull = GPIO_NOPULL;
 117:Core/Src/stm32l4xx_hal_msp.c ****     GPIO_InitStruct.Speed = GPIO_SPEED_FREQ_VERY_HIGH;
 118:Core/Src/stm32l4xx_hal_msp.c ****     GPIO_InitStruct.Alternate = GPIO_AF7_USART2;
 119:Core/Src/stm32l4xx_hal_msp.c ****     HAL_GPIO_Init(GPIOA, &GPIO_InitStruct);
 120:Core/Src/stm32l4xx_hal_msp.c **** 
 121:Core/Src/stm32l4xx_hal_msp.c ****     /* USART2 interrupt Init */
 122:Core/Src/stm32l4xx_hal_msp.c ****     HAL_NVIC_SetPriority(USART2_IRQn, 0, 0);
 123:Core/Src/stm32l4xx_hal_msp.c ****     HAL_NVIC_EnableIRQ(USART2_IRQn);
 124:Core/Src/stm32l4xx_hal_msp.c ****   /* USER CODE BEGIN USART2_MspInit 1 */
 125:Core/Src/stm32l4xx_hal_msp.c **** 
 126:Core/Src/stm32l4xx_hal_msp.c ****   /* USER CODE END USART2_MspInit 1 */
 127:Core/Src/stm32l4xx_hal_msp.c **** 
 128:Core/Src/stm32l4xx_hal_msp.c ****   }
 129:Core/Src/stm32l4xx_hal_msp.c **** 
 130:Core/Src/stm32l4xx_hal_msp.c **** }
 130              		.loc 1 130 1 view .LVU24
 131 0022 2AB0     		add	sp, sp, #168
 132              	.LCFI4:
 133              		.cfi_remember_state
 134              		.cfi_def_cfa_offset 8
 135              		@ sp needed
 136 0024 10BD     		pop	{r4, pc}
 137              	.LVL4:
 138              	.L9:
 139              	.LCFI5:
 140              		.cfi_restore_state
  99:Core/Src/stm32l4xx_hal_msp.c ****     PeriphClkInit.Usart2ClockSelection = RCC_USART2CLKSOURCE_PCLK1;
 141              		.loc 1 99 5 is_stmt 1 view .LVU25
  99:Core/Src/stm32l4xx_hal_msp.c ****     PeriphClkInit.Usart2ClockSelection = RCC_USART2CLKSOURCE_PCLK1;
 142              		.loc 1 99 40 is_stmt 0 view .LVU26
 143 0026 0223     		movs	r3, #2
 144 0028 0393     		str	r3, [sp, #12]
 100:Core/Src/stm32l4xx_hal_msp.c ****     if (HAL_RCCEx_PeriphCLKConfig(&PeriphClkInit) != HAL_OK)
 145              		.loc 1 100 5 is_stmt 1 view .LVU27
 101:Core/Src/stm32l4xx_hal_msp.c ****     {
 146              		.loc 1 101 5 view .LVU28
 101:Core/Src/stm32l4xx_hal_msp.c ****     {
 147              		.loc 1 101 9 is_stmt 0 view .LVU29
 148 002a 03A8     		add	r0, sp, #12
 149 002c FFF7FEFF 		bl	HAL_RCCEx_PeriphCLKConfig
 150              	.LVL5:
 101:Core/Src/stm32l4xx_hal_msp.c ****     {
 151              		.loc 1 101 8 discriminator 1 view .LVU30
 152 0030 50BB     		cbnz	r0, .L10
ARM GAS  /tmp/cc1FCyP0.s 			page 6


 153              	.L7:
 107:Core/Src/stm32l4xx_hal_msp.c **** 
 154              		.loc 1 107 5 is_stmt 1 view .LVU31
 155              	.LBB4:
 107:Core/Src/stm32l4xx_hal_msp.c **** 
 156              		.loc 1 107 5 view .LVU32
 107:Core/Src/stm32l4xx_hal_msp.c **** 
 157              		.loc 1 107 5 view .LVU33
 158 0032 184B     		ldr	r3, .L11+4
 159 0034 9A6D     		ldr	r2, [r3, #88]
 160 0036 42F40032 		orr	r2, r2, #131072
 161 003a 9A65     		str	r2, [r3, #88]
 107:Core/Src/stm32l4xx_hal_msp.c **** 
 162              		.loc 1 107 5 view .LVU34
 163 003c 9A6D     		ldr	r2, [r3, #88]
 164 003e 02F40032 		and	r2, r2, #131072
 165 0042 0192     		str	r2, [sp, #4]
 107:Core/Src/stm32l4xx_hal_msp.c **** 
 166              		.loc 1 107 5 view .LVU35
 167 0044 019A     		ldr	r2, [sp, #4]
 168              	.LBE4:
 107:Core/Src/stm32l4xx_hal_msp.c **** 
 169              		.loc 1 107 5 view .LVU36
 109:Core/Src/stm32l4xx_hal_msp.c ****     /**USART2 GPIO Configuration
 170              		.loc 1 109 5 view .LVU37
 171              	.LBB5:
 109:Core/Src/stm32l4xx_hal_msp.c ****     /**USART2 GPIO Configuration
 172              		.loc 1 109 5 view .LVU38
 109:Core/Src/stm32l4xx_hal_msp.c ****     /**USART2 GPIO Configuration
 173              		.loc 1 109 5 view .LVU39
 174 0046 DA6C     		ldr	r2, [r3, #76]
 175 0048 42F00102 		orr	r2, r2, #1
 176 004c DA64     		str	r2, [r3, #76]
 109:Core/Src/stm32l4xx_hal_msp.c ****     /**USART2 GPIO Configuration
 177              		.loc 1 109 5 view .LVU40
 178 004e DB6C     		ldr	r3, [r3, #76]
 179 0050 03F00103 		and	r3, r3, #1
 180 0054 0293     		str	r3, [sp, #8]
 109:Core/Src/stm32l4xx_hal_msp.c ****     /**USART2 GPIO Configuration
 181              		.loc 1 109 5 view .LVU41
 182 0056 029B     		ldr	r3, [sp, #8]
 183              	.LBE5:
 109:Core/Src/stm32l4xx_hal_msp.c ****     /**USART2 GPIO Configuration
 184              		.loc 1 109 5 view .LVU42
 114:Core/Src/stm32l4xx_hal_msp.c ****     GPIO_InitStruct.Mode = GPIO_MODE_AF_PP;
 185              		.loc 1 114 5 view .LVU43
 114:Core/Src/stm32l4xx_hal_msp.c ****     GPIO_InitStruct.Mode = GPIO_MODE_AF_PP;
 186              		.loc 1 114 25 is_stmt 0 view .LVU44
 187 0058 0C23     		movs	r3, #12
 188 005a 2593     		str	r3, [sp, #148]
 115:Core/Src/stm32l4xx_hal_msp.c ****     GPIO_InitStruct.Pull = GPIO_NOPULL;
 189              		.loc 1 115 5 is_stmt 1 view .LVU45
 115:Core/Src/stm32l4xx_hal_msp.c ****     GPIO_InitStruct.Pull = GPIO_NOPULL;
 190              		.loc 1 115 26 is_stmt 0 view .LVU46
 191 005c 0223     		movs	r3, #2
 192 005e 2693     		str	r3, [sp, #152]
 116:Core/Src/stm32l4xx_hal_msp.c ****     GPIO_InitStruct.Speed = GPIO_SPEED_FREQ_VERY_HIGH;
ARM GAS  /tmp/cc1FCyP0.s 			page 7


 193              		.loc 1 116 5 is_stmt 1 view .LVU47
 116:Core/Src/stm32l4xx_hal_msp.c ****     GPIO_InitStruct.Speed = GPIO_SPEED_FREQ_VERY_HIGH;
 194              		.loc 1 116 26 is_stmt 0 view .LVU48
 195 0060 0024     		movs	r4, #0
 196              	.LVL6:
 116:Core/Src/stm32l4xx_hal_msp.c ****     GPIO_InitStruct.Speed = GPIO_SPEED_FREQ_VERY_HIGH;
 197              		.loc 1 116 26 view .LVU49
 198 0062 2794     		str	r4, [sp, #156]
 117:Core/Src/stm32l4xx_hal_msp.c ****     GPIO_InitStruct.Alternate = GPIO_AF7_USART2;
 199              		.loc 1 117 5 is_stmt 1 view .LVU50
 117:Core/Src/stm32l4xx_hal_msp.c ****     GPIO_InitStruct.Alternate = GPIO_AF7_USART2;
 200              		.loc 1 117 27 is_stmt 0 view .LVU51
 201 0064 0323     		movs	r3, #3
 202 0066 2893     		str	r3, [sp, #160]
 118:Core/Src/stm32l4xx_hal_msp.c ****     HAL_GPIO_Init(GPIOA, &GPIO_InitStruct);
 203              		.loc 1 118 5 is_stmt 1 view .LVU52
 118:Core/Src/stm32l4xx_hal_msp.c ****     HAL_GPIO_Init(GPIOA, &GPIO_InitStruct);
 204              		.loc 1 118 31 is_stmt 0 view .LVU53
 205 0068 0723     		movs	r3, #7
 206 006a 2993     		str	r3, [sp, #164]
 119:Core/Src/stm32l4xx_hal_msp.c **** 
 207              		.loc 1 119 5 is_stmt 1 view .LVU54
 208 006c 25A9     		add	r1, sp, #148
 209 006e 4FF09040 		mov	r0, #1207959552
 210 0072 FFF7FEFF 		bl	HAL_GPIO_Init
 211              	.LVL7:
 122:Core/Src/stm32l4xx_hal_msp.c ****     HAL_NVIC_EnableIRQ(USART2_IRQn);
 212              		.loc 1 122 5 view .LVU55
 213 0076 2246     		mov	r2, r4
 214 0078 2146     		mov	r1, r4
 215 007a 2620     		movs	r0, #38
 216 007c FFF7FEFF 		bl	HAL_NVIC_SetPriority
 217              	.LVL8:
 123:Core/Src/stm32l4xx_hal_msp.c ****   /* USER CODE BEGIN USART2_MspInit 1 */
 218              		.loc 1 123 5 view .LVU56
 219 0080 2620     		movs	r0, #38
 220 0082 FFF7FEFF 		bl	HAL_NVIC_EnableIRQ
 221              	.LVL9:
 222              		.loc 1 130 1 is_stmt 0 view .LVU57
 223 0086 CCE7     		b	.L5
 224              	.LVL10:
 225              	.L10:
 103:Core/Src/stm32l4xx_hal_msp.c ****     }
 226              		.loc 1 103 7 is_stmt 1 view .LVU58
 227 0088 FFF7FEFF 		bl	Error_Handler
 228              	.LVL11:
 229 008c D1E7     		b	.L7
 230              	.L12:
 231 008e 00BF     		.align	2
 232              	.L11:
 233 0090 00440040 		.word	1073759232
 234 0094 00100240 		.word	1073876992
 235              		.cfi_endproc
 236              	.LFE133:
 238              		.section	.text.HAL_UART_MspDeInit,"ax",%progbits
 239              		.align	1
 240              		.global	HAL_UART_MspDeInit
ARM GAS  /tmp/cc1FCyP0.s 			page 8


 241              		.syntax unified
 242              		.thumb
 243              		.thumb_func
 245              	HAL_UART_MspDeInit:
 246              	.LVL12:
 247              	.LFB134:
 131:Core/Src/stm32l4xx_hal_msp.c **** 
 132:Core/Src/stm32l4xx_hal_msp.c **** /**
 133:Core/Src/stm32l4xx_hal_msp.c **** * @brief UART MSP De-Initialization
 134:Core/Src/stm32l4xx_hal_msp.c **** * This function freeze the hardware resources used in this example
 135:Core/Src/stm32l4xx_hal_msp.c **** * @param huart: UART handle pointer
 136:Core/Src/stm32l4xx_hal_msp.c **** * @retval None
 137:Core/Src/stm32l4xx_hal_msp.c **** */
 138:Core/Src/stm32l4xx_hal_msp.c **** void HAL_UART_MspDeInit(UART_HandleTypeDef* huart)
 139:Core/Src/stm32l4xx_hal_msp.c **** {
 248              		.loc 1 139 1 view -0
 249              		.cfi_startproc
 250              		@ args = 0, pretend = 0, frame = 0
 251              		@ frame_needed = 0, uses_anonymous_args = 0
 252              		.loc 1 139 1 is_stmt 0 view .LVU60
 253 0000 08B5     		push	{r3, lr}
 254              	.LCFI6:
 255              		.cfi_def_cfa_offset 8
 256              		.cfi_offset 3, -8
 257              		.cfi_offset 14, -4
 140:Core/Src/stm32l4xx_hal_msp.c ****   if(huart->Instance==USART2)
 258              		.loc 1 140 3 is_stmt 1 view .LVU61
 259              		.loc 1 140 11 is_stmt 0 view .LVU62
 260 0002 0268     		ldr	r2, [r0]
 261              		.loc 1 140 5 view .LVU63
 262 0004 084B     		ldr	r3, .L17
 263 0006 9A42     		cmp	r2, r3
 264 0008 00D0     		beq	.L16
 265              	.LVL13:
 266              	.L13:
 141:Core/Src/stm32l4xx_hal_msp.c ****   {
 142:Core/Src/stm32l4xx_hal_msp.c ****   /* USER CODE BEGIN USART2_MspDeInit 0 */
 143:Core/Src/stm32l4xx_hal_msp.c **** 
 144:Core/Src/stm32l4xx_hal_msp.c ****   /* USER CODE END USART2_MspDeInit 0 */
 145:Core/Src/stm32l4xx_hal_msp.c ****     /* Peripheral clock disable */
 146:Core/Src/stm32l4xx_hal_msp.c ****     __HAL_RCC_USART2_CLK_DISABLE();
 147:Core/Src/stm32l4xx_hal_msp.c **** 
 148:Core/Src/stm32l4xx_hal_msp.c ****     /**USART2 GPIO Configuration
 149:Core/Src/stm32l4xx_hal_msp.c ****     PA2     ------> USART2_TX
 150:Core/Src/stm32l4xx_hal_msp.c ****     PA3     ------> USART2_RX
 151:Core/Src/stm32l4xx_hal_msp.c ****     */
 152:Core/Src/stm32l4xx_hal_msp.c ****     HAL_GPIO_DeInit(GPIOA, USART_TX_Pin|USART_RX_Pin);
 153:Core/Src/stm32l4xx_hal_msp.c **** 
 154:Core/Src/stm32l4xx_hal_msp.c ****     /* USART2 interrupt DeInit */
 155:Core/Src/stm32l4xx_hal_msp.c ****     HAL_NVIC_DisableIRQ(USART2_IRQn);
 156:Core/Src/stm32l4xx_hal_msp.c ****   /* USER CODE BEGIN USART2_MspDeInit 1 */
 157:Core/Src/stm32l4xx_hal_msp.c **** 
 158:Core/Src/stm32l4xx_hal_msp.c ****   /* USER CODE END USART2_MspDeInit 1 */
 159:Core/Src/stm32l4xx_hal_msp.c ****   }
 160:Core/Src/stm32l4xx_hal_msp.c **** 
 161:Core/Src/stm32l4xx_hal_msp.c **** }
 267              		.loc 1 161 1 view .LVU64
ARM GAS  /tmp/cc1FCyP0.s 			page 9


 268 000a 08BD     		pop	{r3, pc}
 269              	.LVL14:
 270              	.L16:
 146:Core/Src/stm32l4xx_hal_msp.c **** 
 271              		.loc 1 146 5 is_stmt 1 view .LVU65
 272 000c 074A     		ldr	r2, .L17+4
 273 000e 936D     		ldr	r3, [r2, #88]
 274 0010 23F40033 		bic	r3, r3, #131072
 275 0014 9365     		str	r3, [r2, #88]
 152:Core/Src/stm32l4xx_hal_msp.c **** 
 276              		.loc 1 152 5 view .LVU66
 277 0016 0C21     		movs	r1, #12
 278 0018 4FF09040 		mov	r0, #1207959552
 279              	.LVL15:
 152:Core/Src/stm32l4xx_hal_msp.c **** 
 280              		.loc 1 152 5 is_stmt 0 view .LVU67
 281 001c FFF7FEFF 		bl	HAL_GPIO_DeInit
 282              	.LVL16:
 155:Core/Src/stm32l4xx_hal_msp.c ****   /* USER CODE BEGIN USART2_MspDeInit 1 */
 283              		.loc 1 155 5 is_stmt 1 view .LVU68
 284 0020 2620     		movs	r0, #38
 285 0022 FFF7FEFF 		bl	HAL_NVIC_DisableIRQ
 286              	.LVL17:
 287              		.loc 1 161 1 is_stmt 0 view .LVU69
 288 0026 F0E7     		b	.L13
 289              	.L18:
 290              		.align	2
 291              	.L17:
 292 0028 00440040 		.word	1073759232
 293 002c 00100240 		.word	1073876992
 294              		.cfi_endproc
 295              	.LFE134:
 297              		.text
 298              	.Letext0:
 299              		.file 2 "Drivers/CMSIS/Device/ST/STM32L4xx/Include/stm32l476xx.h"
 300              		.file 3 "/usr/arm-none-eabi/include/machine/_default_types.h"
 301              		.file 4 "/usr/arm-none-eabi/include/sys/_stdint.h"
 302              		.file 5 "Drivers/STM32L4xx_HAL_Driver/Inc/stm32l4xx_hal_def.h"
 303              		.file 6 "Drivers/STM32L4xx_HAL_Driver/Inc/stm32l4xx_hal_rcc_ex.h"
 304              		.file 7 "Drivers/STM32L4xx_HAL_Driver/Inc/stm32l4xx_hal_gpio.h"
 305              		.file 8 "Drivers/STM32L4xx_HAL_Driver/Inc/stm32l4xx_hal_dma.h"
 306              		.file 9 "Drivers/STM32L4xx_HAL_Driver/Inc/stm32l4xx_hal_uart.h"
 307              		.file 10 "Drivers/STM32L4xx_HAL_Driver/Inc/stm32l4xx_hal_cortex.h"
 308              		.file 11 "Core/Inc/main.h"
 309              		.file 12 "<built-in>"
ARM GAS  /tmp/cc1FCyP0.s 			page 10


DEFINED SYMBOLS
                            *ABS*:00000000 stm32l4xx_hal_msp.c
     /tmp/cc1FCyP0.s:21     .text.HAL_MspInit:00000000 $t
     /tmp/cc1FCyP0.s:27     .text.HAL_MspInit:00000000 HAL_MspInit
     /tmp/cc1FCyP0.s:77     .text.HAL_MspInit:0000002c $d
     /tmp/cc1FCyP0.s:82     .text.HAL_UART_MspInit:00000000 $t
     /tmp/cc1FCyP0.s:88     .text.HAL_UART_MspInit:00000000 HAL_UART_MspInit
     /tmp/cc1FCyP0.s:233    .text.HAL_UART_MspInit:00000090 $d
     /tmp/cc1FCyP0.s:239    .text.HAL_UART_MspDeInit:00000000 $t
     /tmp/cc1FCyP0.s:245    .text.HAL_UART_MspDeInit:00000000 HAL_UART_MspDeInit
     /tmp/cc1FCyP0.s:292    .text.HAL_UART_MspDeInit:00000028 $d

UNDEFINED SYMBOLS
memset
HAL_RCCEx_PeriphCLKConfig
HAL_GPIO_Init
HAL_NVIC_SetPriority
HAL_NVIC_EnableIRQ
Error_Handler
HAL_GPIO_DeInit
HAL_NVIC_DisableIRQ
