ARM GAS  /tmp/ccZNCKgd.s 			page 1


   1              		.cpu cortex-m4
   2              		.arch armv7e-m
   3              		.fpu fpv4-sp-d16
   4              		.eabi_attribute 27, 1
   5              		.eabi_attribute 28, 1
   6              		.eabi_attribute 20, 1
   7              		.eabi_attribute 21, 1
   8              		.eabi_attribute 23, 3
   9              		.eabi_attribute 24, 1
  10              		.eabi_attribute 25, 1
  11              		.eabi_attribute 26, 1
  12              		.eabi_attribute 30, 1
  13              		.eabi_attribute 34, 1
  14              		.eabi_attribute 18, 4
  15              		.file	"main.c"
  16              		.text
  17              	.Ltext0:
  18              		.cfi_sections	.debug_frame
  19              		.file 1 "Core/Src/main.c"
  20              		.section	.text.MX_GPIO_Init,"ax",%progbits
  21              		.align	1
  22              		.syntax unified
  23              		.thumb
  24              		.thumb_func
  26              	MX_GPIO_Init:
  27              	.LFB138:
   1:Core/Src/main.c **** /* USER CODE BEGIN Header */
   2:Core/Src/main.c **** /**
   3:Core/Src/main.c ****   ******************************************************************************
   4:Core/Src/main.c ****   * @file           : main.c
   5:Core/Src/main.c ****   * @brief          : Main program body
   6:Core/Src/main.c ****   ******************************************************************************
   7:Core/Src/main.c ****   * @attention
   8:Core/Src/main.c ****   *
   9:Core/Src/main.c ****   * Copyright (c) 2024 STMicroelectronics.
  10:Core/Src/main.c ****   * All rights reserved.
  11:Core/Src/main.c ****   *
  12:Core/Src/main.c ****   * This software is licensed under terms that can be found in the LICENSE file
  13:Core/Src/main.c ****   * in the root directory of this software component.
  14:Core/Src/main.c ****   * If no LICENSE file comes with this software, it is provided AS-IS.
  15:Core/Src/main.c ****   *
  16:Core/Src/main.c ****   ******************************************************************************
  17:Core/Src/main.c ****   */
  18:Core/Src/main.c **** /* USER CODE END Header */
  19:Core/Src/main.c **** /* Includes ------------------------------------------------------------------*/
  20:Core/Src/main.c **** #include "main.h"
  21:Core/Src/main.c **** 
  22:Core/Src/main.c **** /* Private includes ----------------------------------------------------------*/
  23:Core/Src/main.c **** /* USER CODE BEGIN Includes */
  24:Core/Src/main.c **** #include "goto_address.h"
  25:Core/Src/main.c **** #include "button_driver.h"
  26:Core/Src/main.c **** #include <stdio.h>
  27:Core/Src/main.c **** #include <string.h>
  28:Core/Src/main.c **** 
  29:Core/Src/main.c **** /* USER CODE END Includes */
  30:Core/Src/main.c **** /* Private typedef -----------------------------------------------------------*/
  31:Core/Src/main.c **** /* USER CODE BEGIN PTD */
ARM GAS  /tmp/ccZNCKgd.s 			page 2


  32:Core/Src/main.c **** 
  33:Core/Src/main.c **** /* USER CODE END PTD */
  34:Core/Src/main.c **** 
  35:Core/Src/main.c **** /* Private define ------------------------------------------------------------*/
  36:Core/Src/main.c **** /* USER CODE BEGIN PD */
  37:Core/Src/main.c **** #define BOOTLOADER_START_ADDRESS 0x08000000
  38:Core/Src/main.c **** /* USER CODE END PD */
  39:Core/Src/main.c **** 
  40:Core/Src/main.c **** /* Private macro -------------------------------------------------------------*/
  41:Core/Src/main.c **** /* USER CODE BEGIN PM */
  42:Core/Src/main.c **** 
  43:Core/Src/main.c **** /* USER CODE END PM */
  44:Core/Src/main.c **** 
  45:Core/Src/main.c **** /* Private variables ---------------------------------------------------------*/
  46:Core/Src/main.c **** UART_HandleTypeDef huart2;
  47:Core/Src/main.c **** 
  48:Core/Src/main.c **** /* USER CODE BEGIN PV */
  49:Core/Src/main.c **** 
  50:Core/Src/main.c **** /* USER CODE END PV */
  51:Core/Src/main.c **** 
  52:Core/Src/main.c **** /* Private function prototypes -----------------------------------------------*/
  53:Core/Src/main.c **** void SystemClock_Config(void);
  54:Core/Src/main.c **** static void MX_GPIO_Init(void);
  55:Core/Src/main.c **** static void MX_USART2_UART_Init(void);
  56:Core/Src/main.c **** static void goto_bootloader(void);
  57:Core/Src/main.c **** /* USER CODE BEGIN PFP */
  58:Core/Src/main.c **** 
  59:Core/Src/main.c **** /* USER CODE END PFP */
  60:Core/Src/main.c **** 
  61:Core/Src/main.c **** /* Private user code ---------------------------------------------------------*/
  62:Core/Src/main.c **** /* USER CODE BEGIN 0 */
  63:Core/Src/main.c **** 
  64:Core/Src/main.c **** /* USER CODE END 0 */
  65:Core/Src/main.c **** 
  66:Core/Src/main.c **** /**
  67:Core/Src/main.c ****   * @brief  The application entry point.
  68:Core/Src/main.c ****   * @retval int
  69:Core/Src/main.c ****   */
  70:Core/Src/main.c **** int main(void)
  71:Core/Src/main.c **** {
  72:Core/Src/main.c **** 
  73:Core/Src/main.c ****   /* USER CODE BEGIN 1 */
  74:Core/Src/main.c ****   /* USER CODE END 1 */
  75:Core/Src/main.c **** 
  76:Core/Src/main.c ****   /* MCU Configuration--------------------------------------------------------*/
  77:Core/Src/main.c **** 
  78:Core/Src/main.c ****   /* Reset of all peripherals, Initializes the Flash interface and the Systick. */
  79:Core/Src/main.c ****   HAL_Init();
  80:Core/Src/main.c **** 
  81:Core/Src/main.c ****   /* USER CODE BEGIN Init */
  82:Core/Src/main.c **** 
  83:Core/Src/main.c ****   /* USER CODE END Init */
  84:Core/Src/main.c **** 
  85:Core/Src/main.c ****   /* Configure the system clock */
  86:Core/Src/main.c ****   SystemClock_Config();
  87:Core/Src/main.c **** 
  88:Core/Src/main.c ****   /* USER CODE BEGIN SysInit */
ARM GAS  /tmp/ccZNCKgd.s 			page 3


  89:Core/Src/main.c **** 
  90:Core/Src/main.c ****   /* USER CODE END SysInit */
  91:Core/Src/main.c **** 
  92:Core/Src/main.c ****   /* Initialize all configured peripherals */
  93:Core/Src/main.c ****     MX_GPIO_Init();
  94:Core/Src/main.c ****     MX_USART2_UART_Init();
  95:Core/Src/main.c ****   /* USER CODE BEGIN 2 */
  96:Core/Src/main.c ****     char string[50];
  97:Core/Src/main.c ****     sprintf(string, "\n\rNow program is in the application\n\r");
  98:Core/Src/main.c ****     HAL_UART_Transmit(&huart2, (uint8_t *)string, strlen(string), 10);
  99:Core/Src/main.c ****     button_init();
 100:Core/Src/main.c ****    /* US2R CODE END 2 */
 101:Core/Src/main.c ****   
 102:Core/Src/main.c ****   /* Infinite loop */
 103:Core/Src/main.c ****   /* USER CODE BEGIN WHILE */
 104:Core/Src/main.c ****   while (1)
 105:Core/Src/main.c ****   {
 106:Core/Src/main.c ****     /* USER CODE END WHILE */
 107:Core/Src/main.c ****     //works fine so why the fuck my interrupts doesn't work
 108:Core/Src/main.c ****     //if (!(GPIOC->IDR & (1<<13))){
 109:Core/Src/main.c ****       //      goto_address(0x08000000);
 110:Core/Src/main.c ****     //}
 111:Core/Src/main.c ****     /* USER CODE BEGIN 3 */
 112:Core/Src/main.c ****   }
 113:Core/Src/main.c ****   /* USER CODE END 3 */
 114:Core/Src/main.c **** }
 115:Core/Src/main.c **** 
 116:Core/Src/main.c **** /**
 117:Core/Src/main.c ****   * @brief System Clock Configuration
 118:Core/Src/main.c ****   * @retval None
 119:Core/Src/main.c ****   */
 120:Core/Src/main.c **** void SystemClock_Config(void)
 121:Core/Src/main.c **** {
 122:Core/Src/main.c ****   RCC_OscInitTypeDef RCC_OscInitStruct = {0};
 123:Core/Src/main.c ****   RCC_ClkInitTypeDef RCC_ClkInitStruct = {0};
 124:Core/Src/main.c **** 
 125:Core/Src/main.c ****   /** Configure the main internal regulator output voltage
 126:Core/Src/main.c ****   */
 127:Core/Src/main.c ****   if (HAL_PWREx_ControlVoltageScaling(PWR_REGULATOR_VOLTAGE_SCALE1) != HAL_OK)
 128:Core/Src/main.c ****   {
 129:Core/Src/main.c ****     Error_Handler();
 130:Core/Src/main.c ****   }
 131:Core/Src/main.c **** 
 132:Core/Src/main.c ****   /** Initializes the RCC Oscillators according to the specified parameters
 133:Core/Src/main.c ****   * in the RCC_OscInitTypeDef structure.
 134:Core/Src/main.c ****   */
 135:Core/Src/main.c ****   RCC_OscInitStruct.OscillatorType = RCC_OSCILLATORTYPE_HSI;
 136:Core/Src/main.c ****   RCC_OscInitStruct.HSIState = RCC_HSI_ON;
 137:Core/Src/main.c ****   RCC_OscInitStruct.HSICalibrationValue = RCC_HSICALIBRATION_DEFAULT;
 138:Core/Src/main.c ****   RCC_OscInitStruct.PLL.PLLState = RCC_PLL_ON;
 139:Core/Src/main.c ****   RCC_OscInitStruct.PLL.PLLSource = RCC_PLLSOURCE_HSI;
 140:Core/Src/main.c ****   RCC_OscInitStruct.PLL.PLLM = 1;
 141:Core/Src/main.c ****   RCC_OscInitStruct.PLL.PLLN = 10;
 142:Core/Src/main.c ****   RCC_OscInitStruct.PLL.PLLP = RCC_PLLP_DIV7;
 143:Core/Src/main.c ****   RCC_OscInitStruct.PLL.PLLQ = RCC_PLLQ_DIV2;
 144:Core/Src/main.c ****   RCC_OscInitStruct.PLL.PLLR = RCC_PLLR_DIV2;
 145:Core/Src/main.c ****   if (HAL_RCC_OscConfig(&RCC_OscInitStruct) != HAL_OK)
ARM GAS  /tmp/ccZNCKgd.s 			page 4


 146:Core/Src/main.c ****   {
 147:Core/Src/main.c ****     Error_Handler();
 148:Core/Src/main.c ****   }
 149:Core/Src/main.c **** 
 150:Core/Src/main.c ****   /** Initializes the CPU, AHB and APB buses clocks
 151:Core/Src/main.c ****   */
 152:Core/Src/main.c ****   RCC_ClkInitStruct.ClockType = RCC_CLOCKTYPE_HCLK|RCC_CLOCKTYPE_SYSCLK
 153:Core/Src/main.c ****                               |RCC_CLOCKTYPE_PCLK1|RCC_CLOCKTYPE_PCLK2;
 154:Core/Src/main.c ****   RCC_ClkInitStruct.SYSCLKSource = RCC_SYSCLKSOURCE_PLLCLK;
 155:Core/Src/main.c ****   RCC_ClkInitStruct.AHBCLKDivider = RCC_SYSCLK_DIV1;
 156:Core/Src/main.c ****   RCC_ClkInitStruct.APB1CLKDivider = RCC_HCLK_DIV1;
 157:Core/Src/main.c ****   RCC_ClkInitStruct.APB2CLKDivider = RCC_HCLK_DIV1;
 158:Core/Src/main.c **** 
 159:Core/Src/main.c ****   if (HAL_RCC_ClockConfig(&RCC_ClkInitStruct, FLASH_LATENCY_4) != HAL_OK)
 160:Core/Src/main.c ****   {
 161:Core/Src/main.c ****     Error_Handler();
 162:Core/Src/main.c ****   }
 163:Core/Src/main.c **** }
 164:Core/Src/main.c **** 
 165:Core/Src/main.c **** /**
 166:Core/Src/main.c ****   * @brief USART2 Initialization Function
 167:Core/Src/main.c ****   * @param None
 168:Core/Src/main.c ****   * @retval None
 169:Core/Src/main.c ****   */
 170:Core/Src/main.c **** static void MX_USART2_UART_Init(void)
 171:Core/Src/main.c **** {
 172:Core/Src/main.c **** 
 173:Core/Src/main.c ****   /* USER CODE BEGIN USART2_Init 0 */
 174:Core/Src/main.c **** 
 175:Core/Src/main.c ****   /* USER CODE END USART2_Init 0 */
 176:Core/Src/main.c **** 
 177:Core/Src/main.c ****   /* USER CODE BEGIN USART2_Init 1 */
 178:Core/Src/main.c **** 
 179:Core/Src/main.c ****   /* USER CODE END USART2_Init 1 */
 180:Core/Src/main.c ****   huart2.Instance = USART2;
 181:Core/Src/main.c ****   huart2.Init.BaudRate = 115200;
 182:Core/Src/main.c ****   huart2.Init.WordLength = UART_WORDLENGTH_8B;
 183:Core/Src/main.c ****   huart2.Init.StopBits = UART_STOPBITS_1;
 184:Core/Src/main.c ****   huart2.Init.Parity = UART_PARITY_NONE;
 185:Core/Src/main.c ****   huart2.Init.Mode = UART_MODE_TX_RX;
 186:Core/Src/main.c ****   huart2.Init.HwFlowCtl = UART_HWCONTROL_NONE;
 187:Core/Src/main.c ****   huart2.Init.OverSampling = UART_OVERSAMPLING_16;
 188:Core/Src/main.c ****   huart2.Init.OneBitSampling = UART_ONE_BIT_SAMPLE_DISABLE;
 189:Core/Src/main.c ****   huart2.AdvancedInit.AdvFeatureInit = UART_ADVFEATURE_NO_INIT;
 190:Core/Src/main.c ****     HAL_NVIC_EnableIRQ(USART2_IRQn);
 191:Core/Src/main.c ****     HAL_NVIC_SetPriority(USART2_IRQn, 0, 0);
 192:Core/Src/main.c ****   if (HAL_UART_Init(&huart2) != HAL_OK)
 193:Core/Src/main.c ****   {
 194:Core/Src/main.c ****     Error_Handler();
 195:Core/Src/main.c ****   }
 196:Core/Src/main.c ****   /* USER CODE BEGIN USART2_Init 2 */
 197:Core/Src/main.c **** 
 198:Core/Src/main.c ****   /* USER CODE END USART2_Init 2 */
 199:Core/Src/main.c **** 
 200:Core/Src/main.c **** }
 201:Core/Src/main.c **** 
 202:Core/Src/main.c **** /**
ARM GAS  /tmp/ccZNCKgd.s 			page 5


 203:Core/Src/main.c ****   * @brief GPIO Initialization Function
 204:Core/Src/main.c ****   * @param None
 205:Core/Src/main.c ****   * @retval None
 206:Core/Src/main.c ****   */
 207:Core/Src/main.c **** static void MX_GPIO_Init(void)
 208:Core/Src/main.c **** {
  28              		.loc 1 208 1 view -0
  29              		.cfi_startproc
  30              		@ args = 0, pretend = 0, frame = 40
  31              		@ frame_needed = 0, uses_anonymous_args = 0
  32 0000 30B5     		push	{r4, r5, lr}
  33              		.cfi_def_cfa_offset 12
  34              		.cfi_offset 4, -12
  35              		.cfi_offset 5, -8
  36              		.cfi_offset 14, -4
  37 0002 8BB0     		sub	sp, sp, #44
  38              		.cfi_def_cfa_offset 56
 209:Core/Src/main.c ****   GPIO_InitTypeDef GPIO_InitStruct = {0};
  39              		.loc 1 209 3 view .LVU1
  40              		.loc 1 209 20 is_stmt 0 view .LVU2
  41 0004 05AD     		add	r5, sp, #20
  42 0006 0024     		movs	r4, #0
  43 0008 0594     		str	r4, [sp, #20]
  44 000a 0694     		str	r4, [sp, #24]
  45 000c 0794     		str	r4, [sp, #28]
  46 000e 0894     		str	r4, [sp, #32]
  47 0010 0994     		str	r4, [sp, #36]
 210:Core/Src/main.c **** /* USER CODE BEGIN MX_GPIO_Init_1 */
 211:Core/Src/main.c **** /* USER CODE END MX_GPIO_Init_1 */
 212:Core/Src/main.c **** 
 213:Core/Src/main.c ****   /* GPIO Ports Clock Enable */
 214:Core/Src/main.c ****   __HAL_RCC_GPIOC_CLK_ENABLE();
  48              		.loc 1 214 3 is_stmt 1 view .LVU3
  49              	.LBB4:
  50              		.loc 1 214 3 view .LVU4
  51              		.loc 1 214 3 view .LVU5
  52 0012 214B     		ldr	r3, .L3
  53 0014 DA6C     		ldr	r2, [r3, #76]
  54 0016 42F00402 		orr	r2, r2, #4
  55 001a DA64     		str	r2, [r3, #76]
  56              		.loc 1 214 3 view .LVU6
  57 001c DA6C     		ldr	r2, [r3, #76]
  58 001e 02F00402 		and	r2, r2, #4
  59 0022 0192     		str	r2, [sp, #4]
  60              		.loc 1 214 3 view .LVU7
  61 0024 019A     		ldr	r2, [sp, #4]
  62              	.LBE4:
  63              		.loc 1 214 3 view .LVU8
 215:Core/Src/main.c ****   __HAL_RCC_GPIOH_CLK_ENABLE();
  64              		.loc 1 215 3 view .LVU9
  65              	.LBB5:
  66              		.loc 1 215 3 view .LVU10
  67              		.loc 1 215 3 view .LVU11
  68 0026 DA6C     		ldr	r2, [r3, #76]
  69 0028 42F08002 		orr	r2, r2, #128
  70 002c DA64     		str	r2, [r3, #76]
  71              		.loc 1 215 3 view .LVU12
ARM GAS  /tmp/ccZNCKgd.s 			page 6


  72 002e DA6C     		ldr	r2, [r3, #76]
  73 0030 02F08002 		and	r2, r2, #128
  74 0034 0292     		str	r2, [sp, #8]
  75              		.loc 1 215 3 view .LVU13
  76 0036 029A     		ldr	r2, [sp, #8]
  77              	.LBE5:
  78              		.loc 1 215 3 view .LVU14
 216:Core/Src/main.c ****   __HAL_RCC_GPIOA_CLK_ENABLE();
  79              		.loc 1 216 3 view .LVU15
  80              	.LBB6:
  81              		.loc 1 216 3 view .LVU16
  82              		.loc 1 216 3 view .LVU17
  83 0038 DA6C     		ldr	r2, [r3, #76]
  84 003a 42F00102 		orr	r2, r2, #1
  85 003e DA64     		str	r2, [r3, #76]
  86              		.loc 1 216 3 view .LVU18
  87 0040 DA6C     		ldr	r2, [r3, #76]
  88 0042 02F00102 		and	r2, r2, #1
  89 0046 0392     		str	r2, [sp, #12]
  90              		.loc 1 216 3 view .LVU19
  91 0048 039A     		ldr	r2, [sp, #12]
  92              	.LBE6:
  93              		.loc 1 216 3 view .LVU20
 217:Core/Src/main.c ****   __HAL_RCC_GPIOB_CLK_ENABLE();
  94              		.loc 1 217 3 view .LVU21
  95              	.LBB7:
  96              		.loc 1 217 3 view .LVU22
  97              		.loc 1 217 3 view .LVU23
  98 004a DA6C     		ldr	r2, [r3, #76]
  99 004c 42F00202 		orr	r2, r2, #2
 100 0050 DA64     		str	r2, [r3, #76]
 101              		.loc 1 217 3 view .LVU24
 102 0052 DB6C     		ldr	r3, [r3, #76]
 103 0054 03F00203 		and	r3, r3, #2
 104 0058 0493     		str	r3, [sp, #16]
 105              		.loc 1 217 3 view .LVU25
 106 005a 049B     		ldr	r3, [sp, #16]
 107              	.LBE7:
 108              		.loc 1 217 3 view .LVU26
 218:Core/Src/main.c **** 
 219:Core/Src/main.c ****   /*Configure GPIO pin Output Level */
 220:Core/Src/main.c ****   HAL_GPIO_WritePin(LD2_GPIO_Port, LD2_Pin, GPIO_PIN_RESET);
 109              		.loc 1 220 3 view .LVU27
 110 005c 2246     		mov	r2, r4
 111 005e 2021     		movs	r1, #32
 112 0060 4FF09040 		mov	r0, #1207959552
 113 0064 FFF7FEFF 		bl	HAL_GPIO_WritePin
 114              	.LVL0:
 221:Core/Src/main.c **** 
 222:Core/Src/main.c ****   /*Configure GPIO pin : B1_Pin */
 223:Core/Src/main.c ****   GPIO_InitStruct.Pin = B1_Pin;
 115              		.loc 1 223 3 view .LVU28
 116              		.loc 1 223 23 is_stmt 0 view .LVU29
 117 0068 4FF40053 		mov	r3, #8192
 118 006c 0593     		str	r3, [sp, #20]
 224:Core/Src/main.c ****   GPIO_InitStruct.Mode = GPIO_MODE_IT_FALLING;
 119              		.loc 1 224 3 is_stmt 1 view .LVU30
ARM GAS  /tmp/ccZNCKgd.s 			page 7


 120              		.loc 1 224 24 is_stmt 0 view .LVU31
 121 006e 4FF40413 		mov	r3, #2162688
 122 0072 0693     		str	r3, [sp, #24]
 225:Core/Src/main.c ****   GPIO_InitStruct.Pull = GPIO_NOPULL;
 123              		.loc 1 225 3 is_stmt 1 view .LVU32
 124              		.loc 1 225 24 is_stmt 0 view .LVU33
 125 0074 0794     		str	r4, [sp, #28]
 226:Core/Src/main.c ****   HAL_GPIO_Init(B1_GPIO_Port, &GPIO_InitStruct);
 126              		.loc 1 226 3 is_stmt 1 view .LVU34
 127 0076 2946     		mov	r1, r5
 128 0078 0848     		ldr	r0, .L3+4
 129 007a FFF7FEFF 		bl	HAL_GPIO_Init
 130              	.LVL1:
 227:Core/Src/main.c **** 
 228:Core/Src/main.c ****   /*Configure GPIO pin : LD2_Pin */
 229:Core/Src/main.c ****   GPIO_InitStruct.Pin = LD2_Pin;
 131              		.loc 1 229 3 view .LVU35
 132              		.loc 1 229 23 is_stmt 0 view .LVU36
 133 007e 2023     		movs	r3, #32
 134 0080 0593     		str	r3, [sp, #20]
 230:Core/Src/main.c ****   GPIO_InitStruct.Mode = GPIO_MODE_OUTPUT_PP;
 135              		.loc 1 230 3 is_stmt 1 view .LVU37
 136              		.loc 1 230 24 is_stmt 0 view .LVU38
 137 0082 0123     		movs	r3, #1
 138 0084 0693     		str	r3, [sp, #24]
 231:Core/Src/main.c ****   GPIO_InitStruct.Pull = GPIO_NOPULL;
 139              		.loc 1 231 3 is_stmt 1 view .LVU39
 140              		.loc 1 231 24 is_stmt 0 view .LVU40
 141 0086 0794     		str	r4, [sp, #28]
 232:Core/Src/main.c ****   GPIO_InitStruct.Speed = GPIO_SPEED_FREQ_LOW;
 142              		.loc 1 232 3 is_stmt 1 view .LVU41
 143              		.loc 1 232 25 is_stmt 0 view .LVU42
 144 0088 0894     		str	r4, [sp, #32]
 233:Core/Src/main.c ****   HAL_GPIO_Init(LD2_GPIO_Port, &GPIO_InitStruct);
 145              		.loc 1 233 3 is_stmt 1 view .LVU43
 146 008a 2946     		mov	r1, r5
 147 008c 4FF09040 		mov	r0, #1207959552
 148 0090 FFF7FEFF 		bl	HAL_GPIO_Init
 149              	.LVL2:
 234:Core/Src/main.c **** 
 235:Core/Src/main.c **** /* USER CODE BEGIN MX_GPIO_Init_2 */
 236:Core/Src/main.c **** /* USER CODE END MX_GPIO_Init_2 */
 237:Core/Src/main.c **** }
 150              		.loc 1 237 1 is_stmt 0 view .LVU44
 151 0094 0BB0     		add	sp, sp, #44
 152              		.cfi_def_cfa_offset 12
 153              		@ sp needed
 154 0096 30BD     		pop	{r4, r5, pc}
 155              	.L4:
 156              		.align	2
 157              	.L3:
 158 0098 00100240 		.word	1073876992
 159 009c 00080048 		.word	1207961600
 160              		.cfi_endproc
 161              	.LFE138:
 163              		.section	.text.USART2_IRQHandler,"ax",%progbits
 164              		.align	1
ARM GAS  /tmp/ccZNCKgd.s 			page 8


 165              		.global	USART2_IRQHandler
 166              		.syntax unified
 167              		.thumb
 168              		.thumb_func
 170              	USART2_IRQHandler:
 171              	.LFB139:
 238:Core/Src/main.c **** 
 239:Core/Src/main.c **** /* USER CODE BEGIN 4 */
 240:Core/Src/main.c **** void USART2_IRQHandler(void){
 172              		.loc 1 240 29 is_stmt 1 view -0
 173              		.cfi_startproc
 174              		@ args = 0, pretend = 0, frame = 0
 175              		@ frame_needed = 0, uses_anonymous_args = 0
 176 0000 08B5     		push	{r3, lr}
 177              		.cfi_def_cfa_offset 8
 178              		.cfi_offset 3, -8
 179              		.cfi_offset 14, -4
 241:Core/Src/main.c ****     if (huart2.Instance == USART2) {
 180              		.loc 1 241 5 view .LVU46
 181              		.loc 1 241 15 is_stmt 0 view .LVU47
 182 0002 054B     		ldr	r3, .L9
 183 0004 1A68     		ldr	r2, [r3]
 184              		.loc 1 241 8 view .LVU48
 185 0006 054B     		ldr	r3, .L9+4
 186 0008 9A42     		cmp	r2, r3
 187 000a 00D0     		beq	.L8
 188              	.L5:
 242:Core/Src/main.c ****         goto_address(0x08000000);
 243:Core/Src/main.c ****     }
 244:Core/Src/main.c **** }
 189              		.loc 1 244 1 view .LVU49
 190 000c 08BD     		pop	{r3, pc}
 191              	.L8:
 242:Core/Src/main.c ****         goto_address(0x08000000);
 192              		.loc 1 242 9 is_stmt 1 view .LVU50
 193 000e 4FF00060 		mov	r0, #134217728
 194 0012 FFF7FEFF 		bl	goto_address
 195              	.LVL3:
 196              		.loc 1 244 1 is_stmt 0 view .LVU51
 197 0016 F9E7     		b	.L5
 198              	.L10:
 199              		.align	2
 200              	.L9:
 201 0018 00000000 		.word	huart2
 202 001c 00440040 		.word	1073759232
 203              		.cfi_endproc
 204              	.LFE139:
 206              		.section	.text.Error_Handler,"ax",%progbits
 207              		.align	1
 208              		.global	Error_Handler
 209              		.syntax unified
 210              		.thumb
 211              		.thumb_func
 213              	Error_Handler:
 214              	.LFB140:
 245:Core/Src/main.c **** /* USER CODE END 4 */
 246:Core/Src/main.c **** 
ARM GAS  /tmp/ccZNCKgd.s 			page 9


 247:Core/Src/main.c **** /**
 248:Core/Src/main.c ****   * @brief  This function is executed in case of error occurrence.
 249:Core/Src/main.c ****   * @retval None
 250:Core/Src/main.c ****   */
 251:Core/Src/main.c **** void Error_Handler(void)
 252:Core/Src/main.c **** {
 215              		.loc 1 252 1 is_stmt 1 view -0
 216              		.cfi_startproc
 217              		@ Volatile: function does not return.
 218              		@ args = 0, pretend = 0, frame = 0
 219              		@ frame_needed = 0, uses_anonymous_args = 0
 220              		@ link register save eliminated.
 253:Core/Src/main.c ****   /* USER CODE BEGIN Error_Handler_Debug */
 254:Core/Src/main.c ****   /* User can add his own implementation to report the HAL error return state */
 255:Core/Src/main.c ****   __disable_irq();
 221              		.loc 1 255 3 view .LVU53
 222              	.LBB8:
 223              	.LBI8:
 224              		.file 2 "Drivers/CMSIS/Include/cmsis_gcc.h"
   1:Drivers/CMSIS/Include/cmsis_gcc.h **** /**************************************************************************//**
   2:Drivers/CMSIS/Include/cmsis_gcc.h ****  * @file     cmsis_gcc.h
   3:Drivers/CMSIS/Include/cmsis_gcc.h ****  * @brief    CMSIS compiler GCC header file
   4:Drivers/CMSIS/Include/cmsis_gcc.h ****  * @version  V5.2.0
   5:Drivers/CMSIS/Include/cmsis_gcc.h ****  * @date     08. May 2019
   6:Drivers/CMSIS/Include/cmsis_gcc.h ****  ******************************************************************************/
   7:Drivers/CMSIS/Include/cmsis_gcc.h **** /*
   8:Drivers/CMSIS/Include/cmsis_gcc.h ****  * Copyright (c) 2009-2019 Arm Limited. All rights reserved.
   9:Drivers/CMSIS/Include/cmsis_gcc.h ****  *
  10:Drivers/CMSIS/Include/cmsis_gcc.h ****  * SPDX-License-Identifier: Apache-2.0
  11:Drivers/CMSIS/Include/cmsis_gcc.h ****  *
  12:Drivers/CMSIS/Include/cmsis_gcc.h ****  * Licensed under the Apache License, Version 2.0 (the License); you may
  13:Drivers/CMSIS/Include/cmsis_gcc.h ****  * not use this file except in compliance with the License.
  14:Drivers/CMSIS/Include/cmsis_gcc.h ****  * You may obtain a copy of the License at
  15:Drivers/CMSIS/Include/cmsis_gcc.h ****  *
  16:Drivers/CMSIS/Include/cmsis_gcc.h ****  * www.apache.org/licenses/LICENSE-2.0
  17:Drivers/CMSIS/Include/cmsis_gcc.h ****  *
  18:Drivers/CMSIS/Include/cmsis_gcc.h ****  * Unless required by applicable law or agreed to in writing, software
  19:Drivers/CMSIS/Include/cmsis_gcc.h ****  * distributed under the License is distributed on an AS IS BASIS, WITHOUT
  20:Drivers/CMSIS/Include/cmsis_gcc.h ****  * WARRANTIES OR CONDITIONS OF ANY KIND, either express or implied.
  21:Drivers/CMSIS/Include/cmsis_gcc.h ****  * See the License for the specific language governing permissions and
  22:Drivers/CMSIS/Include/cmsis_gcc.h ****  * limitations under the License.
  23:Drivers/CMSIS/Include/cmsis_gcc.h ****  */
  24:Drivers/CMSIS/Include/cmsis_gcc.h **** 
  25:Drivers/CMSIS/Include/cmsis_gcc.h **** #ifndef __CMSIS_GCC_H
  26:Drivers/CMSIS/Include/cmsis_gcc.h **** #define __CMSIS_GCC_H
  27:Drivers/CMSIS/Include/cmsis_gcc.h **** 
  28:Drivers/CMSIS/Include/cmsis_gcc.h **** /* ignore some GCC warnings */
  29:Drivers/CMSIS/Include/cmsis_gcc.h **** #pragma GCC diagnostic push
  30:Drivers/CMSIS/Include/cmsis_gcc.h **** #pragma GCC diagnostic ignored "-Wsign-conversion"
  31:Drivers/CMSIS/Include/cmsis_gcc.h **** #pragma GCC diagnostic ignored "-Wconversion"
  32:Drivers/CMSIS/Include/cmsis_gcc.h **** #pragma GCC diagnostic ignored "-Wunused-parameter"
  33:Drivers/CMSIS/Include/cmsis_gcc.h **** 
  34:Drivers/CMSIS/Include/cmsis_gcc.h **** /* Fallback for __has_builtin */
  35:Drivers/CMSIS/Include/cmsis_gcc.h **** #ifndef __has_builtin
  36:Drivers/CMSIS/Include/cmsis_gcc.h ****   #define __has_builtin(x) (0)
  37:Drivers/CMSIS/Include/cmsis_gcc.h **** #endif
  38:Drivers/CMSIS/Include/cmsis_gcc.h **** 
ARM GAS  /tmp/ccZNCKgd.s 			page 10


  39:Drivers/CMSIS/Include/cmsis_gcc.h **** /* CMSIS compiler specific defines */
  40:Drivers/CMSIS/Include/cmsis_gcc.h **** #ifndef   __ASM
  41:Drivers/CMSIS/Include/cmsis_gcc.h ****   #define __ASM                                  __asm
  42:Drivers/CMSIS/Include/cmsis_gcc.h **** #endif
  43:Drivers/CMSIS/Include/cmsis_gcc.h **** #ifndef   __INLINE
  44:Drivers/CMSIS/Include/cmsis_gcc.h ****   #define __INLINE                               inline
  45:Drivers/CMSIS/Include/cmsis_gcc.h **** #endif
  46:Drivers/CMSIS/Include/cmsis_gcc.h **** #ifndef   __STATIC_INLINE
  47:Drivers/CMSIS/Include/cmsis_gcc.h ****   #define __STATIC_INLINE                        static inline
  48:Drivers/CMSIS/Include/cmsis_gcc.h **** #endif
  49:Drivers/CMSIS/Include/cmsis_gcc.h **** #ifndef   __STATIC_FORCEINLINE                 
  50:Drivers/CMSIS/Include/cmsis_gcc.h ****   #define __STATIC_FORCEINLINE                   __attribute__((always_inline)) static inline
  51:Drivers/CMSIS/Include/cmsis_gcc.h **** #endif                                           
  52:Drivers/CMSIS/Include/cmsis_gcc.h **** #ifndef   __NO_RETURN
  53:Drivers/CMSIS/Include/cmsis_gcc.h ****   #define __NO_RETURN                            __attribute__((__noreturn__))
  54:Drivers/CMSIS/Include/cmsis_gcc.h **** #endif
  55:Drivers/CMSIS/Include/cmsis_gcc.h **** #ifndef   __USED
  56:Drivers/CMSIS/Include/cmsis_gcc.h ****   #define __USED                                 __attribute__((used))
  57:Drivers/CMSIS/Include/cmsis_gcc.h **** #endif
  58:Drivers/CMSIS/Include/cmsis_gcc.h **** #ifndef   __WEAK
  59:Drivers/CMSIS/Include/cmsis_gcc.h ****   #define __WEAK                                 __attribute__((weak))
  60:Drivers/CMSIS/Include/cmsis_gcc.h **** #endif
  61:Drivers/CMSIS/Include/cmsis_gcc.h **** #ifndef   __PACKED
  62:Drivers/CMSIS/Include/cmsis_gcc.h ****   #define __PACKED                               __attribute__((packed, aligned(1)))
  63:Drivers/CMSIS/Include/cmsis_gcc.h **** #endif
  64:Drivers/CMSIS/Include/cmsis_gcc.h **** #ifndef   __PACKED_STRUCT
  65:Drivers/CMSIS/Include/cmsis_gcc.h ****   #define __PACKED_STRUCT                        struct __attribute__((packed, aligned(1)))
  66:Drivers/CMSIS/Include/cmsis_gcc.h **** #endif
  67:Drivers/CMSIS/Include/cmsis_gcc.h **** #ifndef   __PACKED_UNION
  68:Drivers/CMSIS/Include/cmsis_gcc.h ****   #define __PACKED_UNION                         union __attribute__((packed, aligned(1)))
  69:Drivers/CMSIS/Include/cmsis_gcc.h **** #endif
  70:Drivers/CMSIS/Include/cmsis_gcc.h **** #ifndef   __UNALIGNED_UINT32        /* deprecated */
  71:Drivers/CMSIS/Include/cmsis_gcc.h ****   #pragma GCC diagnostic push
  72:Drivers/CMSIS/Include/cmsis_gcc.h ****   #pragma GCC diagnostic ignored "-Wpacked"
  73:Drivers/CMSIS/Include/cmsis_gcc.h ****   #pragma GCC diagnostic ignored "-Wattributes"
  74:Drivers/CMSIS/Include/cmsis_gcc.h ****   struct __attribute__((packed)) T_UINT32 { uint32_t v; };
  75:Drivers/CMSIS/Include/cmsis_gcc.h ****   #pragma GCC diagnostic pop
  76:Drivers/CMSIS/Include/cmsis_gcc.h ****   #define __UNALIGNED_UINT32(x)                  (((struct T_UINT32 *)(x))->v)
  77:Drivers/CMSIS/Include/cmsis_gcc.h **** #endif
  78:Drivers/CMSIS/Include/cmsis_gcc.h **** #ifndef   __UNALIGNED_UINT16_WRITE
  79:Drivers/CMSIS/Include/cmsis_gcc.h ****   #pragma GCC diagnostic push
  80:Drivers/CMSIS/Include/cmsis_gcc.h ****   #pragma GCC diagnostic ignored "-Wpacked"
  81:Drivers/CMSIS/Include/cmsis_gcc.h ****   #pragma GCC diagnostic ignored "-Wattributes"
  82:Drivers/CMSIS/Include/cmsis_gcc.h ****   __PACKED_STRUCT T_UINT16_WRITE { uint16_t v; };
  83:Drivers/CMSIS/Include/cmsis_gcc.h ****   #pragma GCC diagnostic pop
  84:Drivers/CMSIS/Include/cmsis_gcc.h ****   #define __UNALIGNED_UINT16_WRITE(addr, val)    (void)((((struct T_UINT16_WRITE *)(void *)(addr))-
  85:Drivers/CMSIS/Include/cmsis_gcc.h **** #endif
  86:Drivers/CMSIS/Include/cmsis_gcc.h **** #ifndef   __UNALIGNED_UINT16_READ
  87:Drivers/CMSIS/Include/cmsis_gcc.h ****   #pragma GCC diagnostic push
  88:Drivers/CMSIS/Include/cmsis_gcc.h ****   #pragma GCC diagnostic ignored "-Wpacked"
  89:Drivers/CMSIS/Include/cmsis_gcc.h ****   #pragma GCC diagnostic ignored "-Wattributes"
  90:Drivers/CMSIS/Include/cmsis_gcc.h ****   __PACKED_STRUCT T_UINT16_READ { uint16_t v; };
  91:Drivers/CMSIS/Include/cmsis_gcc.h ****   #pragma GCC diagnostic pop
  92:Drivers/CMSIS/Include/cmsis_gcc.h ****   #define __UNALIGNED_UINT16_READ(addr)          (((const struct T_UINT16_READ *)(const void *)(add
  93:Drivers/CMSIS/Include/cmsis_gcc.h **** #endif
  94:Drivers/CMSIS/Include/cmsis_gcc.h **** #ifndef   __UNALIGNED_UINT32_WRITE
  95:Drivers/CMSIS/Include/cmsis_gcc.h ****   #pragma GCC diagnostic push
ARM GAS  /tmp/ccZNCKgd.s 			page 11


  96:Drivers/CMSIS/Include/cmsis_gcc.h ****   #pragma GCC diagnostic ignored "-Wpacked"
  97:Drivers/CMSIS/Include/cmsis_gcc.h ****   #pragma GCC diagnostic ignored "-Wattributes"
  98:Drivers/CMSIS/Include/cmsis_gcc.h ****   __PACKED_STRUCT T_UINT32_WRITE { uint32_t v; };
  99:Drivers/CMSIS/Include/cmsis_gcc.h ****   #pragma GCC diagnostic pop
 100:Drivers/CMSIS/Include/cmsis_gcc.h ****   #define __UNALIGNED_UINT32_WRITE(addr, val)    (void)((((struct T_UINT32_WRITE *)(void *)(addr))-
 101:Drivers/CMSIS/Include/cmsis_gcc.h **** #endif
 102:Drivers/CMSIS/Include/cmsis_gcc.h **** #ifndef   __UNALIGNED_UINT32_READ
 103:Drivers/CMSIS/Include/cmsis_gcc.h ****   #pragma GCC diagnostic push
 104:Drivers/CMSIS/Include/cmsis_gcc.h ****   #pragma GCC diagnostic ignored "-Wpacked"
 105:Drivers/CMSIS/Include/cmsis_gcc.h ****   #pragma GCC diagnostic ignored "-Wattributes"
 106:Drivers/CMSIS/Include/cmsis_gcc.h ****   __PACKED_STRUCT T_UINT32_READ { uint32_t v; };
 107:Drivers/CMSIS/Include/cmsis_gcc.h ****   #pragma GCC diagnostic pop
 108:Drivers/CMSIS/Include/cmsis_gcc.h ****   #define __UNALIGNED_UINT32_READ(addr)          (((const struct T_UINT32_READ *)(const void *)(add
 109:Drivers/CMSIS/Include/cmsis_gcc.h **** #endif
 110:Drivers/CMSIS/Include/cmsis_gcc.h **** #ifndef   __ALIGNED
 111:Drivers/CMSIS/Include/cmsis_gcc.h ****   #define __ALIGNED(x)                           __attribute__((aligned(x)))
 112:Drivers/CMSIS/Include/cmsis_gcc.h **** #endif
 113:Drivers/CMSIS/Include/cmsis_gcc.h **** #ifndef   __RESTRICT
 114:Drivers/CMSIS/Include/cmsis_gcc.h ****   #define __RESTRICT                             __restrict
 115:Drivers/CMSIS/Include/cmsis_gcc.h **** #endif
 116:Drivers/CMSIS/Include/cmsis_gcc.h **** #ifndef   __COMPILER_BARRIER
 117:Drivers/CMSIS/Include/cmsis_gcc.h ****   #define __COMPILER_BARRIER()                   __ASM volatile("":::"memory")
 118:Drivers/CMSIS/Include/cmsis_gcc.h **** #endif
 119:Drivers/CMSIS/Include/cmsis_gcc.h **** 
 120:Drivers/CMSIS/Include/cmsis_gcc.h **** /* #########################  Startup and Lowlevel Init  ######################## */
 121:Drivers/CMSIS/Include/cmsis_gcc.h **** 
 122:Drivers/CMSIS/Include/cmsis_gcc.h **** #ifndef __PROGRAM_START
 123:Drivers/CMSIS/Include/cmsis_gcc.h **** 
 124:Drivers/CMSIS/Include/cmsis_gcc.h **** /**
 125:Drivers/CMSIS/Include/cmsis_gcc.h ****   \brief   Initializes data and bss sections
 126:Drivers/CMSIS/Include/cmsis_gcc.h ****   \details This default implementations initialized all data and additional bss
 127:Drivers/CMSIS/Include/cmsis_gcc.h ****            sections relying on .copy.table and .zero.table specified properly
 128:Drivers/CMSIS/Include/cmsis_gcc.h ****            in the used linker script.
 129:Drivers/CMSIS/Include/cmsis_gcc.h ****   
 130:Drivers/CMSIS/Include/cmsis_gcc.h ****  */
 131:Drivers/CMSIS/Include/cmsis_gcc.h **** __STATIC_FORCEINLINE __NO_RETURN void __cmsis_start(void)
 132:Drivers/CMSIS/Include/cmsis_gcc.h **** {
 133:Drivers/CMSIS/Include/cmsis_gcc.h ****   extern void _start(void) __NO_RETURN;
 134:Drivers/CMSIS/Include/cmsis_gcc.h ****   
 135:Drivers/CMSIS/Include/cmsis_gcc.h ****   typedef struct {
 136:Drivers/CMSIS/Include/cmsis_gcc.h ****     uint32_t const* src;
 137:Drivers/CMSIS/Include/cmsis_gcc.h ****     uint32_t* dest;
 138:Drivers/CMSIS/Include/cmsis_gcc.h ****     uint32_t  wlen;
 139:Drivers/CMSIS/Include/cmsis_gcc.h ****   } __copy_table_t;
 140:Drivers/CMSIS/Include/cmsis_gcc.h ****   
 141:Drivers/CMSIS/Include/cmsis_gcc.h ****   typedef struct {
 142:Drivers/CMSIS/Include/cmsis_gcc.h ****     uint32_t* dest;
 143:Drivers/CMSIS/Include/cmsis_gcc.h ****     uint32_t  wlen;
 144:Drivers/CMSIS/Include/cmsis_gcc.h ****   } __zero_table_t;
 145:Drivers/CMSIS/Include/cmsis_gcc.h ****   
 146:Drivers/CMSIS/Include/cmsis_gcc.h ****   extern const __copy_table_t __copy_table_start__;
 147:Drivers/CMSIS/Include/cmsis_gcc.h ****   extern const __copy_table_t __copy_table_end__;
 148:Drivers/CMSIS/Include/cmsis_gcc.h ****   extern const __zero_table_t __zero_table_start__;
 149:Drivers/CMSIS/Include/cmsis_gcc.h ****   extern const __zero_table_t __zero_table_end__;
 150:Drivers/CMSIS/Include/cmsis_gcc.h **** 
 151:Drivers/CMSIS/Include/cmsis_gcc.h ****   for (__copy_table_t const* pTable = &__copy_table_start__; pTable < &__copy_table_end__; ++pTable
 152:Drivers/CMSIS/Include/cmsis_gcc.h ****     for(uint32_t i=0u; i<pTable->wlen; ++i) {
ARM GAS  /tmp/ccZNCKgd.s 			page 12


 153:Drivers/CMSIS/Include/cmsis_gcc.h ****       pTable->dest[i] = pTable->src[i];
 154:Drivers/CMSIS/Include/cmsis_gcc.h ****     }
 155:Drivers/CMSIS/Include/cmsis_gcc.h ****   }
 156:Drivers/CMSIS/Include/cmsis_gcc.h ****  
 157:Drivers/CMSIS/Include/cmsis_gcc.h ****   for (__zero_table_t const* pTable = &__zero_table_start__; pTable < &__zero_table_end__; ++pTable
 158:Drivers/CMSIS/Include/cmsis_gcc.h ****     for(uint32_t i=0u; i<pTable->wlen; ++i) {
 159:Drivers/CMSIS/Include/cmsis_gcc.h ****       pTable->dest[i] = 0u;
 160:Drivers/CMSIS/Include/cmsis_gcc.h ****     }
 161:Drivers/CMSIS/Include/cmsis_gcc.h ****   }
 162:Drivers/CMSIS/Include/cmsis_gcc.h ****  
 163:Drivers/CMSIS/Include/cmsis_gcc.h ****   _start();
 164:Drivers/CMSIS/Include/cmsis_gcc.h **** }
 165:Drivers/CMSIS/Include/cmsis_gcc.h ****   
 166:Drivers/CMSIS/Include/cmsis_gcc.h **** #define __PROGRAM_START           __cmsis_start
 167:Drivers/CMSIS/Include/cmsis_gcc.h **** #endif
 168:Drivers/CMSIS/Include/cmsis_gcc.h **** 
 169:Drivers/CMSIS/Include/cmsis_gcc.h **** #ifndef __INITIAL_SP
 170:Drivers/CMSIS/Include/cmsis_gcc.h **** #define __INITIAL_SP              __StackTop
 171:Drivers/CMSIS/Include/cmsis_gcc.h **** #endif
 172:Drivers/CMSIS/Include/cmsis_gcc.h **** 
 173:Drivers/CMSIS/Include/cmsis_gcc.h **** #ifndef __STACK_LIMIT
 174:Drivers/CMSIS/Include/cmsis_gcc.h **** #define __STACK_LIMIT             __StackLimit
 175:Drivers/CMSIS/Include/cmsis_gcc.h **** #endif
 176:Drivers/CMSIS/Include/cmsis_gcc.h **** 
 177:Drivers/CMSIS/Include/cmsis_gcc.h **** #ifndef __VECTOR_TABLE
 178:Drivers/CMSIS/Include/cmsis_gcc.h **** #define __VECTOR_TABLE            __Vectors
 179:Drivers/CMSIS/Include/cmsis_gcc.h **** #endif
 180:Drivers/CMSIS/Include/cmsis_gcc.h **** 
 181:Drivers/CMSIS/Include/cmsis_gcc.h **** #ifndef __VECTOR_TABLE_ATTRIBUTE
 182:Drivers/CMSIS/Include/cmsis_gcc.h **** #define __VECTOR_TABLE_ATTRIBUTE  __attribute((used, section(".vectors")))
 183:Drivers/CMSIS/Include/cmsis_gcc.h **** #endif
 184:Drivers/CMSIS/Include/cmsis_gcc.h **** 
 185:Drivers/CMSIS/Include/cmsis_gcc.h **** /* ###########################  Core Function Access  ########################### */
 186:Drivers/CMSIS/Include/cmsis_gcc.h **** /** \ingroup  CMSIS_Core_FunctionInterface
 187:Drivers/CMSIS/Include/cmsis_gcc.h ****     \defgroup CMSIS_Core_RegAccFunctions CMSIS Core Register Access Functions
 188:Drivers/CMSIS/Include/cmsis_gcc.h ****   @{
 189:Drivers/CMSIS/Include/cmsis_gcc.h ****  */
 190:Drivers/CMSIS/Include/cmsis_gcc.h **** 
 191:Drivers/CMSIS/Include/cmsis_gcc.h **** /**
 192:Drivers/CMSIS/Include/cmsis_gcc.h ****   \brief   Enable IRQ Interrupts
 193:Drivers/CMSIS/Include/cmsis_gcc.h ****   \details Enables IRQ interrupts by clearing the I-bit in the CPSR.
 194:Drivers/CMSIS/Include/cmsis_gcc.h ****            Can only be executed in Privileged modes.
 195:Drivers/CMSIS/Include/cmsis_gcc.h ****  */
 196:Drivers/CMSIS/Include/cmsis_gcc.h **** __STATIC_FORCEINLINE void __enable_irq(void)
 197:Drivers/CMSIS/Include/cmsis_gcc.h **** {
 198:Drivers/CMSIS/Include/cmsis_gcc.h ****   __ASM volatile ("cpsie i" : : : "memory");
 199:Drivers/CMSIS/Include/cmsis_gcc.h **** }
 200:Drivers/CMSIS/Include/cmsis_gcc.h **** 
 201:Drivers/CMSIS/Include/cmsis_gcc.h **** 
 202:Drivers/CMSIS/Include/cmsis_gcc.h **** /**
 203:Drivers/CMSIS/Include/cmsis_gcc.h ****   \brief   Disable IRQ Interrupts
 204:Drivers/CMSIS/Include/cmsis_gcc.h ****   \details Disables IRQ interrupts by setting the I-bit in the CPSR.
 205:Drivers/CMSIS/Include/cmsis_gcc.h ****            Can only be executed in Privileged modes.
 206:Drivers/CMSIS/Include/cmsis_gcc.h ****  */
 207:Drivers/CMSIS/Include/cmsis_gcc.h **** __STATIC_FORCEINLINE void __disable_irq(void)
 225              		.loc 2 207 27 view .LVU54
 226              	.LBB9:
ARM GAS  /tmp/ccZNCKgd.s 			page 13


 208:Drivers/CMSIS/Include/cmsis_gcc.h **** {
 209:Drivers/CMSIS/Include/cmsis_gcc.h ****   __ASM volatile ("cpsid i" : : : "memory");
 227              		.loc 2 209 3 view .LVU55
 228              		.syntax unified
 229              	@ 209 "Drivers/CMSIS/Include/cmsis_gcc.h" 1
 230 0000 72B6     		cpsid i
 231              	@ 0 "" 2
 232              		.thumb
 233              		.syntax unified
 234              	.L12:
 235              	.LBE9:
 236              	.LBE8:
 256:Core/Src/main.c ****   while (1)
 237              		.loc 1 256 3 view .LVU56
 257:Core/Src/main.c ****   {
 258:Core/Src/main.c ****   }
 238              		.loc 1 258 3 view .LVU57
 256:Core/Src/main.c ****   while (1)
 239              		.loc 1 256 9 view .LVU58
 240 0002 FEE7     		b	.L12
 241              		.cfi_endproc
 242              	.LFE140:
 244              		.section	.text.MX_USART2_UART_Init,"ax",%progbits
 245              		.align	1
 246              		.syntax unified
 247              		.thumb
 248              		.thumb_func
 250              	MX_USART2_UART_Init:
 251              	.LFB137:
 171:Core/Src/main.c **** 
 252              		.loc 1 171 1 view -0
 253              		.cfi_startproc
 254              		@ args = 0, pretend = 0, frame = 0
 255              		@ frame_needed = 0, uses_anonymous_args = 0
 256 0000 38B5     		push	{r3, r4, r5, lr}
 257              		.cfi_def_cfa_offset 16
 258              		.cfi_offset 3, -16
 259              		.cfi_offset 4, -12
 260              		.cfi_offset 5, -8
 261              		.cfi_offset 14, -4
 180:Core/Src/main.c ****   huart2.Init.BaudRate = 115200;
 262              		.loc 1 180 3 view .LVU60
 180:Core/Src/main.c ****   huart2.Init.BaudRate = 115200;
 263              		.loc 1 180 19 is_stmt 0 view .LVU61
 264 0002 0F4C     		ldr	r4, .L17
 265 0004 0F4B     		ldr	r3, .L17+4
 266 0006 2360     		str	r3, [r4]
 181:Core/Src/main.c ****   huart2.Init.WordLength = UART_WORDLENGTH_8B;
 267              		.loc 1 181 3 is_stmt 1 view .LVU62
 181:Core/Src/main.c ****   huart2.Init.WordLength = UART_WORDLENGTH_8B;
 268              		.loc 1 181 24 is_stmt 0 view .LVU63
 269 0008 4FF4E133 		mov	r3, #115200
 270 000c 6360     		str	r3, [r4, #4]
 182:Core/Src/main.c ****   huart2.Init.StopBits = UART_STOPBITS_1;
 271              		.loc 1 182 3 is_stmt 1 view .LVU64
 182:Core/Src/main.c ****   huart2.Init.StopBits = UART_STOPBITS_1;
 272              		.loc 1 182 26 is_stmt 0 view .LVU65
ARM GAS  /tmp/ccZNCKgd.s 			page 14


 273 000e 0025     		movs	r5, #0
 274 0010 A560     		str	r5, [r4, #8]
 183:Core/Src/main.c ****   huart2.Init.Parity = UART_PARITY_NONE;
 275              		.loc 1 183 3 is_stmt 1 view .LVU66
 183:Core/Src/main.c ****   huart2.Init.Parity = UART_PARITY_NONE;
 276              		.loc 1 183 24 is_stmt 0 view .LVU67
 277 0012 E560     		str	r5, [r4, #12]
 184:Core/Src/main.c ****   huart2.Init.Mode = UART_MODE_TX_RX;
 278              		.loc 1 184 3 is_stmt 1 view .LVU68
 184:Core/Src/main.c ****   huart2.Init.Mode = UART_MODE_TX_RX;
 279              		.loc 1 184 22 is_stmt 0 view .LVU69
 280 0014 2561     		str	r5, [r4, #16]
 185:Core/Src/main.c ****   huart2.Init.HwFlowCtl = UART_HWCONTROL_NONE;
 281              		.loc 1 185 3 is_stmt 1 view .LVU70
 185:Core/Src/main.c ****   huart2.Init.HwFlowCtl = UART_HWCONTROL_NONE;
 282              		.loc 1 185 20 is_stmt 0 view .LVU71
 283 0016 0C23     		movs	r3, #12
 284 0018 6361     		str	r3, [r4, #20]
 186:Core/Src/main.c ****   huart2.Init.OverSampling = UART_OVERSAMPLING_16;
 285              		.loc 1 186 3 is_stmt 1 view .LVU72
 186:Core/Src/main.c ****   huart2.Init.OverSampling = UART_OVERSAMPLING_16;
 286              		.loc 1 186 25 is_stmt 0 view .LVU73
 287 001a A561     		str	r5, [r4, #24]
 187:Core/Src/main.c ****   huart2.Init.OneBitSampling = UART_ONE_BIT_SAMPLE_DISABLE;
 288              		.loc 1 187 3 is_stmt 1 view .LVU74
 187:Core/Src/main.c ****   huart2.Init.OneBitSampling = UART_ONE_BIT_SAMPLE_DISABLE;
 289              		.loc 1 187 28 is_stmt 0 view .LVU75
 290 001c E561     		str	r5, [r4, #28]
 188:Core/Src/main.c ****   huart2.AdvancedInit.AdvFeatureInit = UART_ADVFEATURE_NO_INIT;
 291              		.loc 1 188 3 is_stmt 1 view .LVU76
 188:Core/Src/main.c ****   huart2.AdvancedInit.AdvFeatureInit = UART_ADVFEATURE_NO_INIT;
 292              		.loc 1 188 30 is_stmt 0 view .LVU77
 293 001e 2562     		str	r5, [r4, #32]
 189:Core/Src/main.c ****     HAL_NVIC_EnableIRQ(USART2_IRQn);
 294              		.loc 1 189 3 is_stmt 1 view .LVU78
 189:Core/Src/main.c ****     HAL_NVIC_EnableIRQ(USART2_IRQn);
 295              		.loc 1 189 38 is_stmt 0 view .LVU79
 296 0020 6562     		str	r5, [r4, #36]
 190:Core/Src/main.c ****     HAL_NVIC_SetPriority(USART2_IRQn, 0, 0);
 297              		.loc 1 190 5 is_stmt 1 view .LVU80
 298 0022 2620     		movs	r0, #38
 299 0024 FFF7FEFF 		bl	HAL_NVIC_EnableIRQ
 300              	.LVL4:
 191:Core/Src/main.c ****   if (HAL_UART_Init(&huart2) != HAL_OK)
 301              		.loc 1 191 5 view .LVU81
 302 0028 2A46     		mov	r2, r5
 303 002a 2946     		mov	r1, r5
 304 002c 2620     		movs	r0, #38
 305 002e FFF7FEFF 		bl	HAL_NVIC_SetPriority
 306              	.LVL5:
 192:Core/Src/main.c ****   {
 307              		.loc 1 192 3 view .LVU82
 192:Core/Src/main.c ****   {
 308              		.loc 1 192 7 is_stmt 0 view .LVU83
 309 0032 2046     		mov	r0, r4
 310 0034 FFF7FEFF 		bl	HAL_UART_Init
 311              	.LVL6:
ARM GAS  /tmp/ccZNCKgd.s 			page 15


 192:Core/Src/main.c ****   {
 312              		.loc 1 192 6 discriminator 1 view .LVU84
 313 0038 00B9     		cbnz	r0, .L16
 200:Core/Src/main.c **** 
 314              		.loc 1 200 1 view .LVU85
 315 003a 38BD     		pop	{r3, r4, r5, pc}
 316              	.L16:
 194:Core/Src/main.c ****   }
 317              		.loc 1 194 5 is_stmt 1 view .LVU86
 318 003c FFF7FEFF 		bl	Error_Handler
 319              	.LVL7:
 320              	.L18:
 321              		.align	2
 322              	.L17:
 323 0040 00000000 		.word	huart2
 324 0044 00440040 		.word	1073759232
 325              		.cfi_endproc
 326              	.LFE137:
 328              		.section	.text.SystemClock_Config,"ax",%progbits
 329              		.align	1
 330              		.global	SystemClock_Config
 331              		.syntax unified
 332              		.thumb
 333              		.thumb_func
 335              	SystemClock_Config:
 336              	.LFB136:
 121:Core/Src/main.c ****   RCC_OscInitTypeDef RCC_OscInitStruct = {0};
 337              		.loc 1 121 1 view -0
 338              		.cfi_startproc
 339              		@ args = 0, pretend = 0, frame = 88
 340              		@ frame_needed = 0, uses_anonymous_args = 0
 341 0000 00B5     		push	{lr}
 342              		.cfi_def_cfa_offset 4
 343              		.cfi_offset 14, -4
 344 0002 97B0     		sub	sp, sp, #92
 345              		.cfi_def_cfa_offset 96
 122:Core/Src/main.c ****   RCC_ClkInitTypeDef RCC_ClkInitStruct = {0};
 346              		.loc 1 122 3 view .LVU88
 122:Core/Src/main.c ****   RCC_ClkInitTypeDef RCC_ClkInitStruct = {0};
 347              		.loc 1 122 22 is_stmt 0 view .LVU89
 348 0004 4422     		movs	r2, #68
 349 0006 0021     		movs	r1, #0
 350 0008 05A8     		add	r0, sp, #20
 351 000a FFF7FEFF 		bl	memset
 352              	.LVL8:
 123:Core/Src/main.c **** 
 353              		.loc 1 123 3 is_stmt 1 view .LVU90
 123:Core/Src/main.c **** 
 354              		.loc 1 123 22 is_stmt 0 view .LVU91
 355 000e 0023     		movs	r3, #0
 356 0010 0093     		str	r3, [sp]
 357 0012 0193     		str	r3, [sp, #4]
 358 0014 0293     		str	r3, [sp, #8]
 359 0016 0393     		str	r3, [sp, #12]
 360 0018 0493     		str	r3, [sp, #16]
 127:Core/Src/main.c ****   {
 361              		.loc 1 127 3 is_stmt 1 view .LVU92
ARM GAS  /tmp/ccZNCKgd.s 			page 16


 127:Core/Src/main.c ****   {
 362              		.loc 1 127 7 is_stmt 0 view .LVU93
 363 001a 4FF40070 		mov	r0, #512
 364 001e FFF7FEFF 		bl	HAL_PWREx_ControlVoltageScaling
 365              	.LVL9:
 127:Core/Src/main.c ****   {
 366              		.loc 1 127 6 discriminator 1 view .LVU94
 367 0022 20BB     		cbnz	r0, .L24
 135:Core/Src/main.c ****   RCC_OscInitStruct.HSIState = RCC_HSI_ON;
 368              		.loc 1 135 3 is_stmt 1 view .LVU95
 135:Core/Src/main.c ****   RCC_OscInitStruct.HSIState = RCC_HSI_ON;
 369              		.loc 1 135 36 is_stmt 0 view .LVU96
 370 0024 0223     		movs	r3, #2
 371 0026 0593     		str	r3, [sp, #20]
 136:Core/Src/main.c ****   RCC_OscInitStruct.HSICalibrationValue = RCC_HSICALIBRATION_DEFAULT;
 372              		.loc 1 136 3 is_stmt 1 view .LVU97
 136:Core/Src/main.c ****   RCC_OscInitStruct.HSICalibrationValue = RCC_HSICALIBRATION_DEFAULT;
 373              		.loc 1 136 30 is_stmt 0 view .LVU98
 374 0028 4FF48072 		mov	r2, #256
 375 002c 0892     		str	r2, [sp, #32]
 137:Core/Src/main.c ****   RCC_OscInitStruct.PLL.PLLState = RCC_PLL_ON;
 376              		.loc 1 137 3 is_stmt 1 view .LVU99
 137:Core/Src/main.c ****   RCC_OscInitStruct.PLL.PLLState = RCC_PLL_ON;
 377              		.loc 1 137 41 is_stmt 0 view .LVU100
 378 002e 1022     		movs	r2, #16
 379 0030 0992     		str	r2, [sp, #36]
 138:Core/Src/main.c ****   RCC_OscInitStruct.PLL.PLLSource = RCC_PLLSOURCE_HSI;
 380              		.loc 1 138 3 is_stmt 1 view .LVU101
 138:Core/Src/main.c ****   RCC_OscInitStruct.PLL.PLLSource = RCC_PLLSOURCE_HSI;
 381              		.loc 1 138 34 is_stmt 0 view .LVU102
 382 0032 0F93     		str	r3, [sp, #60]
 139:Core/Src/main.c ****   RCC_OscInitStruct.PLL.PLLM = 1;
 383              		.loc 1 139 3 is_stmt 1 view .LVU103
 139:Core/Src/main.c ****   RCC_OscInitStruct.PLL.PLLM = 1;
 384              		.loc 1 139 35 is_stmt 0 view .LVU104
 385 0034 1093     		str	r3, [sp, #64]
 140:Core/Src/main.c ****   RCC_OscInitStruct.PLL.PLLN = 10;
 386              		.loc 1 140 3 is_stmt 1 view .LVU105
 140:Core/Src/main.c ****   RCC_OscInitStruct.PLL.PLLN = 10;
 387              		.loc 1 140 30 is_stmt 0 view .LVU106
 388 0036 0122     		movs	r2, #1
 389 0038 1192     		str	r2, [sp, #68]
 141:Core/Src/main.c ****   RCC_OscInitStruct.PLL.PLLP = RCC_PLLP_DIV7;
 390              		.loc 1 141 3 is_stmt 1 view .LVU107
 141:Core/Src/main.c ****   RCC_OscInitStruct.PLL.PLLP = RCC_PLLP_DIV7;
 391              		.loc 1 141 30 is_stmt 0 view .LVU108
 392 003a 0A22     		movs	r2, #10
 393 003c 1292     		str	r2, [sp, #72]
 142:Core/Src/main.c ****   RCC_OscInitStruct.PLL.PLLQ = RCC_PLLQ_DIV2;
 394              		.loc 1 142 3 is_stmt 1 view .LVU109
 142:Core/Src/main.c ****   RCC_OscInitStruct.PLL.PLLQ = RCC_PLLQ_DIV2;
 395              		.loc 1 142 30 is_stmt 0 view .LVU110
 396 003e 0722     		movs	r2, #7
 397 0040 1392     		str	r2, [sp, #76]
 143:Core/Src/main.c ****   RCC_OscInitStruct.PLL.PLLR = RCC_PLLR_DIV2;
 398              		.loc 1 143 3 is_stmt 1 view .LVU111
 143:Core/Src/main.c ****   RCC_OscInitStruct.PLL.PLLR = RCC_PLLR_DIV2;
ARM GAS  /tmp/ccZNCKgd.s 			page 17


 399              		.loc 1 143 30 is_stmt 0 view .LVU112
 400 0042 1493     		str	r3, [sp, #80]
 144:Core/Src/main.c ****   if (HAL_RCC_OscConfig(&RCC_OscInitStruct) != HAL_OK)
 401              		.loc 1 144 3 is_stmt 1 view .LVU113
 144:Core/Src/main.c ****   if (HAL_RCC_OscConfig(&RCC_OscInitStruct) != HAL_OK)
 402              		.loc 1 144 30 is_stmt 0 view .LVU114
 403 0044 1593     		str	r3, [sp, #84]
 145:Core/Src/main.c ****   {
 404              		.loc 1 145 3 is_stmt 1 view .LVU115
 145:Core/Src/main.c ****   {
 405              		.loc 1 145 7 is_stmt 0 view .LVU116
 406 0046 05A8     		add	r0, sp, #20
 407 0048 FFF7FEFF 		bl	HAL_RCC_OscConfig
 408              	.LVL10:
 145:Core/Src/main.c ****   {
 409              		.loc 1 145 6 discriminator 1 view .LVU117
 410 004c 88B9     		cbnz	r0, .L25
 152:Core/Src/main.c ****                               |RCC_CLOCKTYPE_PCLK1|RCC_CLOCKTYPE_PCLK2;
 411              		.loc 1 152 3 is_stmt 1 view .LVU118
 152:Core/Src/main.c ****                               |RCC_CLOCKTYPE_PCLK1|RCC_CLOCKTYPE_PCLK2;
 412              		.loc 1 152 31 is_stmt 0 view .LVU119
 413 004e 0F23     		movs	r3, #15
 414 0050 0093     		str	r3, [sp]
 154:Core/Src/main.c ****   RCC_ClkInitStruct.AHBCLKDivider = RCC_SYSCLK_DIV1;
 415              		.loc 1 154 3 is_stmt 1 view .LVU120
 154:Core/Src/main.c ****   RCC_ClkInitStruct.AHBCLKDivider = RCC_SYSCLK_DIV1;
 416              		.loc 1 154 34 is_stmt 0 view .LVU121
 417 0052 0323     		movs	r3, #3
 418 0054 0193     		str	r3, [sp, #4]
 155:Core/Src/main.c ****   RCC_ClkInitStruct.APB1CLKDivider = RCC_HCLK_DIV1;
 419              		.loc 1 155 3 is_stmt 1 view .LVU122
 155:Core/Src/main.c ****   RCC_ClkInitStruct.APB1CLKDivider = RCC_HCLK_DIV1;
 420              		.loc 1 155 35 is_stmt 0 view .LVU123
 421 0056 0023     		movs	r3, #0
 422 0058 0293     		str	r3, [sp, #8]
 156:Core/Src/main.c ****   RCC_ClkInitStruct.APB2CLKDivider = RCC_HCLK_DIV1;
 423              		.loc 1 156 3 is_stmt 1 view .LVU124
 156:Core/Src/main.c ****   RCC_ClkInitStruct.APB2CLKDivider = RCC_HCLK_DIV1;
 424              		.loc 1 156 36 is_stmt 0 view .LVU125
 425 005a 0393     		str	r3, [sp, #12]
 157:Core/Src/main.c **** 
 426              		.loc 1 157 3 is_stmt 1 view .LVU126
 157:Core/Src/main.c **** 
 427              		.loc 1 157 36 is_stmt 0 view .LVU127
 428 005c 0493     		str	r3, [sp, #16]
 159:Core/Src/main.c ****   {
 429              		.loc 1 159 3 is_stmt 1 view .LVU128
 159:Core/Src/main.c ****   {
 430              		.loc 1 159 7 is_stmt 0 view .LVU129
 431 005e 0421     		movs	r1, #4
 432 0060 6846     		mov	r0, sp
 433 0062 FFF7FEFF 		bl	HAL_RCC_ClockConfig
 434              	.LVL11:
 159:Core/Src/main.c ****   {
 435              		.loc 1 159 6 discriminator 1 view .LVU130
 436 0066 30B9     		cbnz	r0, .L26
 163:Core/Src/main.c **** 
ARM GAS  /tmp/ccZNCKgd.s 			page 18


 437              		.loc 1 163 1 view .LVU131
 438 0068 17B0     		add	sp, sp, #92
 439              		.cfi_remember_state
 440              		.cfi_def_cfa_offset 4
 441              		@ sp needed
 442 006a 5DF804FB 		ldr	pc, [sp], #4
 443              	.L24:
 444              		.cfi_restore_state
 129:Core/Src/main.c ****   }
 445              		.loc 1 129 5 is_stmt 1 view .LVU132
 446 006e FFF7FEFF 		bl	Error_Handler
 447              	.LVL12:
 448              	.L25:
 147:Core/Src/main.c ****   }
 449              		.loc 1 147 5 view .LVU133
 450 0072 FFF7FEFF 		bl	Error_Handler
 451              	.LVL13:
 452              	.L26:
 161:Core/Src/main.c ****   }
 453              		.loc 1 161 5 view .LVU134
 454 0076 FFF7FEFF 		bl	Error_Handler
 455              	.LVL14:
 456              		.cfi_endproc
 457              	.LFE136:
 459              		.section	.rodata.main.str1.4,"aMS",%progbits,1
 460              		.align	2
 461              	.LC0:
 462 0000 0A0D4E6F 		.ascii	"\012\015Now program is in the application\012\015\000"
 462      77207072 
 462      6F677261 
 462      6D206973 
 462      20696E20 
 463              		.section	.text.main,"ax",%progbits
 464              		.align	1
 465              		.global	main
 466              		.syntax unified
 467              		.thumb
 468              		.thumb_func
 470              	main:
 471              	.LFB135:
  71:Core/Src/main.c **** 
 472              		.loc 1 71 1 view -0
 473              		.cfi_startproc
 474              		@ Volatile: function does not return.
 475              		@ args = 0, pretend = 0, frame = 56
 476              		@ frame_needed = 0, uses_anonymous_args = 0
 477 0000 00B5     		push	{lr}
 478              		.cfi_def_cfa_offset 4
 479              		.cfi_offset 14, -4
 480 0002 8FB0     		sub	sp, sp, #60
 481              		.cfi_def_cfa_offset 64
  79:Core/Src/main.c **** 
 482              		.loc 1 79 3 view .LVU136
 483 0004 FFF7FEFF 		bl	HAL_Init
 484              	.LVL15:
  86:Core/Src/main.c **** 
 485              		.loc 1 86 3 view .LVU137
ARM GAS  /tmp/ccZNCKgd.s 			page 19


 486 0008 FFF7FEFF 		bl	SystemClock_Config
 487              	.LVL16:
  93:Core/Src/main.c ****     MX_USART2_UART_Init();
 488              		.loc 1 93 5 view .LVU138
 489 000c FFF7FEFF 		bl	MX_GPIO_Init
 490              	.LVL17:
  94:Core/Src/main.c ****   /* USER CODE BEGIN 2 */
 491              		.loc 1 94 5 view .LVU139
 492 0010 FFF7FEFF 		bl	MX_USART2_UART_Init
 493              	.LVL18:
  96:Core/Src/main.c ****     sprintf(string, "\n\rNow program is in the application\n\r");
 494              		.loc 1 96 5 view .LVU140
  97:Core/Src/main.c ****     HAL_UART_Transmit(&huart2, (uint8_t *)string, strlen(string), 10);
 495              		.loc 1 97 5 view .LVU141
 496 0014 01AC     		add	r4, sp, #4
 497 0016 A446     		mov	ip, r4
 498 0018 DFF838E0 		ldr	lr, .L30+4
 499 001c BEE80F00 		ldmia	lr!, {r0, r1, r2, r3}
 500 0020 ACE80F00 		stmia	ip!, {r0, r1, r2, r3}
 501 0024 BEE80F00 		ldmia	lr!, {r0, r1, r2, r3}
 502 0028 ACE80F00 		stmia	ip!, {r0, r1, r2, r3}
 503 002c 9EE80300 		ldm	lr, {r0, r1}
 504 0030 4CF8040B 		str	r0, [ip], #4
 505 0034 ACF80010 		strh	r1, [ip]	@ movhi
  98:Core/Src/main.c ****     button_init();
 506              		.loc 1 98 5 view .LVU142
  98:Core/Src/main.c ****     button_init();
 507              		.loc 1 98 51 is_stmt 0 view .LVU143
 508 0038 2046     		mov	r0, r4
 509 003a FFF7FEFF 		bl	strlen
 510              	.LVL19:
  98:Core/Src/main.c ****     button_init();
 511              		.loc 1 98 5 discriminator 1 view .LVU144
 512 003e 0A23     		movs	r3, #10
 513 0040 82B2     		uxth	r2, r0
 514 0042 2146     		mov	r1, r4
 515 0044 0248     		ldr	r0, .L30
 516 0046 FFF7FEFF 		bl	HAL_UART_Transmit
 517              	.LVL20:
  99:Core/Src/main.c ****    /* US2R CODE END 2 */
 518              		.loc 1 99 5 is_stmt 1 view .LVU145
 519 004a FFF7FEFF 		bl	button_init
 520              	.LVL21:
 521              	.L28:
 104:Core/Src/main.c ****   {
 522              		.loc 1 104 3 view .LVU146
 112:Core/Src/main.c ****   /* USER CODE END 3 */
 523              		.loc 1 112 3 view .LVU147
 104:Core/Src/main.c ****   {
 524              		.loc 1 104 9 view .LVU148
 525 004e FEE7     		b	.L28
 526              	.L31:
 527              		.align	2
 528              	.L30:
 529 0050 00000000 		.word	huart2
 530 0054 00000000 		.word	.LC0
 531              		.cfi_endproc
ARM GAS  /tmp/ccZNCKgd.s 			page 20


 532              	.LFE135:
 534              		.global	huart2
 535              		.section	.bss.huart2,"aw",%nobits
 536              		.align	2
 539              	huart2:
 540 0000 00000000 		.space	136
 540      00000000 
 540      00000000 
 540      00000000 
 540      00000000 
 541              		.text
 542              	.Letext0:
 543              		.file 3 "Drivers/CMSIS/Device/ST/STM32L4xx/Include/stm32l476xx.h"
 544              		.file 4 "/usr/arm-none-eabi/include/machine/_default_types.h"
 545              		.file 5 "/usr/arm-none-eabi/include/sys/_stdint.h"
 546              		.file 6 "/usr/lib/gcc/arm-none-eabi/14.2.0/include/stddef.h"
 547              		.file 7 "Drivers/STM32L4xx_HAL_Driver/Inc/stm32l4xx_hal_def.h"
 548              		.file 8 "Drivers/STM32L4xx_HAL_Driver/Inc/stm32l4xx_hal_rcc.h"
 549              		.file 9 "Drivers/STM32L4xx_HAL_Driver/Inc/stm32l4xx_hal_gpio.h"
 550              		.file 10 "Drivers/STM32L4xx_HAL_Driver/Inc/stm32l4xx_hal_dma.h"
 551              		.file 11 "Drivers/STM32L4xx_HAL_Driver/Inc/stm32l4xx_hal_uart.h"
 552              		.file 12 "Drivers/STM32L4xx_HAL_Driver/Inc/stm32l4xx_hal_pwr_ex.h"
 553              		.file 13 "Core/Inc/goto_address.h"
 554              		.file 14 "Drivers/STM32L4xx_HAL_Driver/Inc/stm32l4xx_hal_cortex.h"
 555              		.file 15 "/usr/arm-none-eabi/include/string.h"
 556              		.file 16 "/usr/arm-none-eabi/include/stdio.h"
 557              		.file 17 "Core/Inc/button_driver.h"
 558              		.file 18 "Drivers/STM32L4xx_HAL_Driver/Inc/stm32l4xx_hal.h"
 559              		.file 19 "<built-in>"
ARM GAS  /tmp/ccZNCKgd.s 			page 21


DEFINED SYMBOLS
                            *ABS*:00000000 main.c
     /tmp/ccZNCKgd.s:21     .text.MX_GPIO_Init:00000000 $t
     /tmp/ccZNCKgd.s:26     .text.MX_GPIO_Init:00000000 MX_GPIO_Init
     /tmp/ccZNCKgd.s:158    .text.MX_GPIO_Init:00000098 $d
     /tmp/ccZNCKgd.s:164    .text.USART2_IRQHandler:00000000 $t
     /tmp/ccZNCKgd.s:170    .text.USART2_IRQHandler:00000000 USART2_IRQHandler
     /tmp/ccZNCKgd.s:201    .text.USART2_IRQHandler:00000018 $d
     /tmp/ccZNCKgd.s:539    .bss.huart2:00000000 huart2
     /tmp/ccZNCKgd.s:207    .text.Error_Handler:00000000 $t
     /tmp/ccZNCKgd.s:213    .text.Error_Handler:00000000 Error_Handler
     /tmp/ccZNCKgd.s:245    .text.MX_USART2_UART_Init:00000000 $t
     /tmp/ccZNCKgd.s:250    .text.MX_USART2_UART_Init:00000000 MX_USART2_UART_Init
     /tmp/ccZNCKgd.s:323    .text.MX_USART2_UART_Init:00000040 $d
     /tmp/ccZNCKgd.s:329    .text.SystemClock_Config:00000000 $t
     /tmp/ccZNCKgd.s:335    .text.SystemClock_Config:00000000 SystemClock_Config
     /tmp/ccZNCKgd.s:460    .rodata.main.str1.4:00000000 $d
     /tmp/ccZNCKgd.s:464    .text.main:00000000 $t
     /tmp/ccZNCKgd.s:470    .text.main:00000000 main
     /tmp/ccZNCKgd.s:529    .text.main:00000050 $d
     /tmp/ccZNCKgd.s:536    .bss.huart2:00000000 $d

UNDEFINED SYMBOLS
HAL_GPIO_WritePin
HAL_GPIO_Init
goto_address
HAL_NVIC_EnableIRQ
HAL_NVIC_SetPriority
HAL_UART_Init
memset
HAL_PWREx_ControlVoltageScaling
HAL_RCC_OscConfig
HAL_RCC_ClockConfig
HAL_Init
strlen
HAL_UART_Transmit
button_init
